Component: ARM Compiler 5.06 update 6 (build 750) Tool: armlink [4d35ed]

==============================================================================

Section Cross References

    startup_stm32f10x_md.o(STACK) refers (Special) to heapauxi.o(.text) for __use_two_region_memory
    startup_stm32f10x_md.o(HEAP) refers (Special) to heapauxi.o(.text) for __use_two_region_memory
    startup_stm32f10x_md.o(RESET) refers (Special) to heapauxi.o(.text) for __use_two_region_memory
    startup_stm32f10x_md.o(RESET) refers to startup_stm32f10x_md.o(STACK) for __initial_sp
    startup_stm32f10x_md.o(RESET) refers to startup_stm32f10x_md.o(.text) for Reset_Handler
    startup_stm32f10x_md.o(RESET) refers to stm32f10x_it.o(i.NMI_Handler) for NMI_Handler
    startup_stm32f10x_md.o(RESET) refers to stm32f10x_it.o(i.HardFault_Handler) for HardFault_Handler
    startup_stm32f10x_md.o(RESET) refers to stm32f10x_it.o(i.MemManage_Handler) for MemManage_Handler
    startup_stm32f10x_md.o(RESET) refers to stm32f10x_it.o(i.BusFault_Handler) for BusFault_Handler
    startup_stm32f10x_md.o(RESET) refers to stm32f10x_it.o(i.UsageFault_Handler) for UsageFault_Handler
    startup_stm32f10x_md.o(RESET) refers to stm32f10x_it.o(i.SVC_Handler) for SVC_Handler
    startup_stm32f10x_md.o(RESET) refers to stm32f10x_it.o(i.DebugMon_Handler) for DebugMon_Handler
    startup_stm32f10x_md.o(RESET) refers to stm32f10x_it.o(i.PendSV_Handler) for PendSV_Handler
    startup_stm32f10x_md.o(RESET) refers to stm32f10x_it.o(i.SysTick_Handler) for SysTick_Handler
    startup_stm32f10x_md.o(RESET) refers to control.o(i.EXTI9_5_IRQHandler) for EXTI9_5_IRQHandler
    startup_stm32f10x_md.o(RESET) refers to encoder.o(i.TIM2_IRQHandler) for TIM2_IRQHandler
    startup_stm32f10x_md.o(RESET) refers to timer.o(i.TIM3_IRQHandler) for TIM3_IRQHandler
    startup_stm32f10x_md.o(RESET) refers to encoder.o(i.TIM4_IRQHandler) for TIM4_IRQHandler
    startup_stm32f10x_md.o(RESET) refers to usart3.o(i.USART3_IRQHandler) for USART3_IRQHandler
    startup_stm32f10x_md.o(.text) refers (Special) to heapauxi.o(.text) for __use_two_region_memory
    startup_stm32f10x_md.o(.text) refers to system_stm32f10x.o(i.SystemInit) for SystemInit
    startup_stm32f10x_md.o(.text) refers to __main.o(!!!main) for __main
    startup_stm32f10x_md.o(.text) refers to startup_stm32f10x_md.o(HEAP) for Heap_Mem
    startup_stm32f10x_md.o(.text) refers to startup_stm32f10x_md.o(STACK) for Stack_Mem
    control.o(i.EXTI9_5_IRQHandler) refers to control.o(i.Get_Angle) for Get_Angle
    control.o(i.EXTI9_5_IRQHandler) refers to frleqf.o(x$fpl$frleqf) for __aeabi_cfrcmple
    control.o(i.EXTI9_5_IRQHandler) refers to stmflash.o(i.Flash_Read) for Flash_Read
    control.o(i.EXTI9_5_IRQHandler) refers to encoder.o(i.Read_Encoder) for Read_Encoder
    control.o(i.EXTI9_5_IRQHandler) refers to timer.o(i.Read_Distane) for Read_Distane
    control.o(i.EXTI9_5_IRQHandler) refers to led.o(i.Led_Flash) for Led_Flash
    control.o(i.EXTI9_5_IRQHandler) refers to control.o(i.Key) for Key
    control.o(i.EXTI9_5_IRQHandler) refers to control.o(i.balance) for balance
    control.o(i.EXTI9_5_IRQHandler) refers to control.o(i.velocity) for velocity
    control.o(i.EXTI9_5_IRQHandler) refers to control.o(i.turn) for turn
    control.o(i.EXTI9_5_IRQHandler) refers to control.o(i.Xianfu_Pwm) for Xianfu_Pwm
    control.o(i.EXTI9_5_IRQHandler) refers to control.o(i.Pick_Up) for Pick_Up
    control.o(i.EXTI9_5_IRQHandler) refers to control.o(i.Put_Down) for Put_Down
    control.o(i.EXTI9_5_IRQHandler) refers to control.o(i.Turn_Off) for Turn_Off
    control.o(i.EXTI9_5_IRQHandler) refers to control.o(i.Set_Pwm) for Set_Pwm
    control.o(i.EXTI9_5_IRQHandler) refers to control.o(.data) for Flag_Target
    control.o(i.EXTI9_5_IRQHandler) refers to main.o(.data) for delay_flag
    control.o(i.Get_Angle) refers to mpu6050.o(i.Read_Temperature) for Read_Temperature
    control.o(i.Get_Angle) refers to iic.o(i.I2C_ReadOneByte) for I2C_ReadOneByte
    control.o(i.Get_Angle) refers to fflt_clz.o(x$fpl$fflt) for __aeabi_i2f
    control.o(i.Get_Angle) refers to frleqf.o(x$fpl$frleqf) for __aeabi_cfrcmple
    control.o(i.Get_Angle) refers to faddsub_clz.o(x$fpl$fsub) for __aeabi_fsub
    control.o(i.Get_Angle) refers to f2d.o(x$fpl$f2d) for __aeabi_f2d
    control.o(i.Get_Angle) refers to atan2.o(i.atan2) for atan2
    control.o(i.Get_Angle) refers to dmul.o(x$fpl$dmul) for __aeabi_dmul
    control.o(i.Get_Angle) refers to ddiv.o(x$fpl$ddiv) for __aeabi_ddiv
    control.o(i.Get_Angle) refers to d2f.o(x$fpl$d2f) for __aeabi_d2f
    control.o(i.Get_Angle) refers to filter.o(i.Kalman_Filter) for Kalman_Filter
    control.o(i.Get_Angle) refers to main.o(.data) for Temperature
    control.o(i.Get_Angle) refers to filter.o(.data) for angle
    control.o(i.Key) refers to key.o(i.click_N_Double) for click_N_Double
    control.o(i.Key) refers to key.o(i.Long_Press) for Long_Press
    control.o(i.Key) refers to main.o(.data) for Flag_Stop
[...]
    __rt_exit                                0x080001c5   Thumb Code     0  rtexit.o(.ARM.Collect$$rtexit$$00000000)
    __rt_exit_ls                             0x080001c7   Thumb Code     0  rtexit2.o(.ARM.Collect$$rtexit$$00000003)
    __rt_exit_prels_1                        0x080001c7   Thumb Code     0  rtexit2.o(.ARM.Collect$$rtexit$$00000002)
    __rt_exit_exit                           0x080001cb   Thumb Code     0  rtexit2.o(.ARM.Collect$$rtexit$$00000004)
    Reset_Handler                            0x080001d1   Thumb Code     8  startup_stm32f10x_md.o(.text)
    ADC1_2_IRQHandler                        0x080001eb   Thumb Code     0  startup_stm32f10x_md.o(.text)
    CAN1_RX1_IRQHandler                      0x080001eb   Thumb Code     0  startup_stm32f10x_md.o(.text)
    CAN1_SCE_IRQHandler                      0x080001eb   Thumb Code     0  startup_stm32f10x_md.o(.text)
    DMA1_Channel1_IRQHandler                 0x080001eb   Thumb Code     0  startup_stm32f10x_md.o(.text)
    DMA1_Channel2_IRQHandler                 0x080001eb   Thumb Code     0  startup_stm32f10x_md.o(.text)
    DMA1_Channel3_IRQHandler                 0x080001eb   Thumb Code     0  startup_stm32f10x_md.o(.text)
    DMA1_Channel4_IRQHandler                 0x080001eb   Thumb Code     0  startup_stm32f10x_md.o(.text)
    DMA1_Channel5_IRQHandler                 0x080001eb   Thumb Code     0  startup_stm32f10x_md.o(.text)
    DMA1_Channel6_IRQHandler                 0x080001eb   Thumb Code     0  startup_stm32f10x_md.o(.text)
    DMA1_Channel7_IRQHandler                 0x080001eb   Thumb Code     0  startup_stm32f10x_md.o(.text)
    EXTI0_IRQHandler                         0x080001eb   Thumb Code     0  startup_stm32f10x_md.o(.text)
    EXTI15_10_IRQHandler                     0x080001eb   Thumb Code     0  startup_stm32f10x_md.o(.text)
    EXTI1_IRQHandler                         0x080001eb   Thumb Code     0  startup_stm32f10x_md.o(.text)
    EXTI2_IRQHandler                         0x080001eb   Thumb Code     0  startup_stm32f10x_md.o(.text)
    EXTI3_IRQHandler                         0x080001eb   Thumb Code     0  startup_stm32f10x_md.o(.text)
    EXTI4_IRQHandler                         0x080001eb   Thumb Code     0  startup_stm32f10x_md.o(.text)
    FLASH_IRQHandler                         0x080001eb   Thumb Code     0  startup_stm32f10x_md.o(.text)
    I2C1_ER_IRQHandler                       0x080001eb   Thumb Code     0  startup_stm32f10x_md.o(.text)
    I2C1_EV_IRQHandler                       0x080001eb   Thumb Code     0  startup_stm32f10x_md.o(.text)
    I2C2_ER_IRQHandler                       0x080001eb   Thumb Code     0  startup_stm32f10x_md.o(.text)
    I2C2_EV_IRQHandler                       0x080001eb   Thumb Code     0  startup_stm32f10x_md.o(.text)
    PVD_IRQHandler                           0x080001eb   Thumb Code     0  startup_stm32f10x_md.o(.text)
    RCC_IRQHandler                           0x080001eb   Thumb Code     0  startup_stm32f10x_md.o(.text)
    RTCAlarm_IRQHandler                      0x080001eb   Thumb Code     0  startup_stm32f10x_md.o(.text)
    RTC_IRQHandler                           0x080001eb   Thumb Code     0  startup_stm32f10x_md.o(.text)
    SPI1_IRQHandler                          0x080001eb   Thumb Code     0  startup_stm32f10x_md.o(.text)
    SPI2_IRQHandler                          0x080001eb   Thumb Code     0  startup_stm32f10x_md.o(.text)
    TAMPER_IRQHandler                        0x080001eb   Thumb Code     0  startup_stm32f10x_md.o(.text)
    TIM1_BRK_IRQHandler                      0x080001eb   Thumb Code     0  startup_stm32f10x_md.o(.text)
    TIM1_CC_IRQHandler                       0x080001eb   Thumb Code     0  startup_stm32f10x_md.o(.text)
    TIM1_TRG_COM_IRQHandler                  0x080001eb   Thumb Code     0  startup_stm32f10x_md.o(.text)
    TIM1_UP_IRQHandler                       0x080001eb   Thumb Code     0  startup_stm32f10x_md.o(.text)
    USART1_IRQHandler                        0x080001eb   Thumb Code     0  startup_stm32f10x_md.o(.text)
    USART2_IRQHandler                        0x080001eb   Thumb Code     0  startup_stm32f10x_md.o(.text)
    USBWakeUp_IRQHandler                     0x080001eb   Thumb Code     0  startup_stm32f10x_md.o(.text)
    USB_HP_CAN1_TX_IRQHandler                0x080001eb   Thumb Code     0  startup_stm32f10x_md.o(.text)
    USB_LP_CAN1_RX0_IRQHandler               0x080001eb   Thumb Code     0  startup_stm32f10x_md.o(.text)
    WWDG_IRQHandler                          0x080001eb   Thumb Code     0  startup_stm32f10x_md.o(.text)
    __user_initial_stackheap                 0x080001ed   Thumb Code     0  startup_stm32f10x_md.o(.text)
    __use_no_semihosting                     0x08000211   Thumb Code     2  use_no_semi_2.o(.text)
    __aeabi_ldivmod                          0x08000213   Thumb Code     0  llsdiv.o(.text)
    _ll_sdiv                                 0x08000213   Thumb Code    72  llsdiv.o(.text)
    __2printf                                0x0800025d   Thumb Code    20  noretval__2printf.o(.text)
    __printf                                 0x08000275   Thumb Code   104  __printf.o(.text)
    _printf_int_dec                          0x080002dd   Thumb Code   104  _printf_dec.o(.text)
    memcmp                                   0x08000355   Thumb Code    88  memcmp.o(.text)
    __aeabi_memset                           0x080003ad   Thumb Code    16  aeabi_memset.o(.text)
    __aeabi_memclr                           0x080003bd   Thumb Code     0  rt_memclr.o(.text)
    __rt_memclr                              0x080003bd   Thumb Code    68  rt_memclr.o(.text)
    _memset                                  0x080003c1   Thumb Code     0  rt_memclr.o(.text)
    __use_two_region_memory                  0x08000401   Thumb Code     2  heapauxi.o(.text)
    __rt_heap_escrow$2region                 0x08000403   Thumb Code     2  heapauxi.o(.text)
    __rt_heap_expand$2region                 0x08000405   Thumb Code     2  heapauxi.o(.text)
    __I$use$semihosting                      0x08000407   Thumb Code     0  use_no_semi.o(.text)
    __use_no_semihosting_swi                 0x08000407   Thumb Code     2  use_no_semi.o(.text)
    __aeabi_uldivmod                         0x08000409   Thumb Code     0  lludivv7m.o(.text)
    _ll_udiv                                 0x08000409   Thumb Code   238  lludivv7m.o(.text)
    __read_errno                             0x080004f7   Thumb Code    10  _rserrno.o(.text)
    __set_errno                              0x08000501   Thumb Code    12  _rserrno.o(.text)
    _printf_int_common                       0x0800050d   Thumb Code   178  _printf_intcommon.o(.text)
    _printf_char_file                        0x080005c1   Thumb Code    32  _printf_char_file.o(.text)
    __aeabi_memclr4                          0x080005e5   Thumb Code     0  rt_memclr_w.o(.text)
    __aeabi_memclr8                          0x080005e5   Thumb Code     0  rt_memclr_w.o(.text)
    __rt_memclr_w                            0x080005e5   Thumb Code    78  rt_memclr_w.o(.text)
    _memset_w                                0x080005e9   Thumb Code     0  rt_memclr_w.o(.text)
    __aeabi_errno_addr                       0x08000635   Thumb Code     8  rt_errno_addr_intlibspace.o(.text)
    __errno$intlibspace                      0x08000635   Thumb Code     0  rt_errno_addr_intlibspace.o(.text)
    __rt_errno_addr$intlibspace              0x08000635   Thumb Code     0  rt_errno_addr_intlibspace.o(.text)
    _printf_char_common                      0x08000647   Thumb Code    32  _printf_char_common.o(.text)
    ferror                                   0x0800066d   Thumb Code     8  ferror.o(.text)
    __user_libspace                          0x08000675   Thumb Code     8  libspace.o(.text)
    __user_perproc_libspace                  0x08000675   Thumb Code     0  libspace.o(.text)
    __user_perthread_libspace                0x08000675   Thumb Code     0  libspace.o(.text)
    __user_setup_stackheap                   0x0800067d   Thumb Code    74  sys_stackheap_outer.o(.text)
    exit                                     0x080006c7   Thumb Code    18  exit.o(.text)
    BEEP_Init                                0x080006d9   Thumb Code    50  beep.o(i.BEEP_Init)
    BusFault_Handler                         0x08000711   Thumb Code     4  stm32f10x_it.o(i.BusFault_Handler)
    DMP_Init                                 0x08000715   Thumb Code   194  mpu6050.o(i.DMP_Init)
    DataScope                                0x08000925   Thumb Code   226  show.o(i.DataScope)
    DataScope_Data_Generate                  0x08000a35   Thumb Code   148  datascope_dp.o(i.DataScope_Data_Generate)
    DataScope_Get_Channel_Data               0x08000acd   Thumb Code   158  datascope_dp.o(i.DataScope_Get_Channel_Data)
    DebugMon_Handler                         0x08000b71   Thumb Code     2  stm32f10x_it.o(i.DebugMon_Handler)
    EXTI9_5_IRQHandler                       0x08000b75   Thumb Code   348  control.o(i.EXTI9_5_IRQHandler)
    EXTI_Init                                0x08000d21   Thumb Code   142  stm32f10x_exti.o(i.EXTI_Init)
    Encoder_Init_TIM2                        0x08000db5   Thumb Code   154  encoder.o(i.Encoder_Init_TIM2)
    Encoder_Init_TIM4                        0x08000e55   Thumb Code   148  encoder.o(i.Encoder_Init_TIM4)
    Flash_Read                               0x08000ef1   Thumb Code   158  stmflash.o(i.Flash_Read)
    Flash_Write                              0x08000fb9   Thumb Code    92  stmflash.o(i.Flash_Write)
    Float2Byte                               0x08001031   Thumb Code    28  datascope_dp.o(i.Float2Byte)
    GPIO_EXTILineConfig                      0x0800104d   Thumb Code    60  stm32f10x_gpio.o(i.GPIO_EXTILineConfig)
    GPIO_Init                                0x0800108d   Thumb Code   278  stm32f10x_gpio.o(i.GPIO_Init)
    GPIO_ResetBits                           0x080011a3   Thumb Code     4  stm32f10x_gpio.o(i.GPIO_ResetBits)
    GPIO_SetBits                             0x080011a7   Thumb Code     4  stm32f10x_gpio.o(i.GPIO_SetBits)
    Get_Angle                                0x080011ad   Thumb Code   360  control.o(i.Get_Angle)
    HardFault_Handler                        0x0800133d   Thumb Code     4  stm32f10x_it.o(i.HardFault_Handler)
    I2C_2_Start                              0x08001341   Thumb Code    36  oled.o(i.I2C_2_Start)
    I2C_2_Stop                               0x0800136d   Thumb Code    28  oled.o(i.I2C_2_Stop)
    I2C_2_Wait_Ack                           0x08001391   Thumb Code    20  oled.o(i.I2C_2_Wait_Ack)
    I2C_ReadOneByte                          0x080013a9   Thumb Code    70  iic.o(i.I2C_ReadOneByte)
    I2C_Start                                0x080013f1   Thumb Code    36  oled.o(i.I2C_Start)
    I2C_Stop                                 0x08001419   Thumb Code    28  oled.o(i.I2C_Stop)
    I2C_Wait_Ack                             0x08001439   Thumb Code    20  oled.o(i.I2C_Wait_Ack)
    IIC_Ack                                  0x08001451   Thumb Code    64  iic.o(i.IIC_Ack)
    IIC_Init                                 0x0800149d   Thumb Code    40  iic.o(i.IIC_Init)
    IIC_NAck                                 0x080014c9   Thumb Code    62  iic.o(i.IIC_NAck)
    IIC_Read_Byte                            0x08001515   Thumb Code    98  iic.o(i.IIC_Read_Byte)
    IIC_Send_Byte                            0x08001585   Thumb Code    88  iic.o(i.IIC_Send_Byte)
    IIC_Start                                0x080015e9   Thumb Code    92  iic.o(i.IIC_Start)
    IIC_Stop                                 0x08001651   Thumb Code    60  iic.o(i.IIC_Stop)
    IIC_Wait_Ack                             0x08001699   Thumb Code    92  iic.o(i.IIC_Wait_Ack)
    IICreadByte                              0x08001701   Thumb Code    22  iic.o(i.IICreadByte)
    IICwriteBit                              0x08001717   Thumb Code    64  iic.o(i.IICwriteBit)
    IICwriteBits                             0x08001757   Thumb Code   106  iic.o(i.IICwriteBits)
    IICwriteByte                             0x080017c1   Thumb Code    20  iic.o(i.IICwriteByte)
    IICwriteBytes                            0x080017d5   Thumb Code    70  iic.o(i.IICwriteBytes)
    INFRARED_Init                            0x0800181d   Thumb Code    32  infrared.o(i.INFRARED_Init)
    JTAG_Set                                 0x08001841   Thumb Code    38  sys.o(i.JTAG_Set)
    KEY_Init                                 0x08001871   Thumb Code    46  key.o(i.KEY_Init)
    Kalman_Filter                            0x080018a9   Thumb Code   558  filter.o(i.Kalman_Filter)
    Key                                      0x08001b21   Thumb Code    78  control.o(i.Key)
    LED_Init                                 0x08001b7d   Thumb Code    54  led.o(i.LED_Init)
    Led_Flash                                0x08001bbd   Thumb Code    44  led.o(i.Led_Flash)
    Long_Press                               0x08001bf5   Thumb Code    72  key.o(i.Long_Press)
    MPU6050_initialize                       0x08001c49   Thumb Code    40  mpu6050.o(i.MPU6050_initialize)
    MPU6050_setClockSource                   0x08001c71   Thumb Code    20  mpu6050.o(i.MPU6050_setClockSource)
    MPU6050_setFullScaleAccelRange           0x08001c85   Thumb Code    20  mpu6050.o(i.MPU6050_setFullScaleAccelRange)
    MPU6050_setFullScaleGyroRange            0x08001c99   Thumb Code    20  mpu6050.o(i.MPU6050_setFullScaleGyroRange)
    MPU6050_setI2CBypassEnabled              0x08001cad   Thumb Code    18  mpu6050.o(i.MPU6050_setI2CBypassEnabled)
    MPU6050_setI2CMasterModeEnabled          0x08001cbf   Thumb Code    18  mpu6050.o(i.MPU6050_setI2CMasterModeEnabled)
    MPU6050_setSleepEnabled                  0x08001cd1   Thumb Code    18  mpu6050.o(i.MPU6050_setSleepEnabled)
    MY_EXTI_Init                             0x08001ce5   Thumb Code   104  exti.o(i.MY_EXTI_Init)
    MY_PWM_Init                              0x08001d51   Thumb Code   164  motor.o(i.MY_PWM_Init)
    MemManage_Handler                        0x08001dfd   Thumb Code     4  stm32f10x_it.o(i.MemManage_Handler)
    My_Motor_Init                            0x08001e01   Thumb Code    40  motor.o(i.My_Motor_Init)
    NMI_Handler                              0x08001e2d   Thumb Code     2  stm32f10x_it.o(i.NMI_Handler)
    NVIC_Init                                0x08001e31   Thumb Code   100  misc.o(i.NVIC_Init)
    NVIC_PriorityGroupConfig                 0x08001ea1   Thumb Code    10  misc.o(i.NVIC_PriorityGroupConfig)
    OLED2_Clear                              0x08001eb5   Thumb Code    62  oled.o(i.OLED2_Clear)
    OLED2_Set_Pos                            0x08001ef3   Thumb Code    40  oled.o(i.OLED2_Set_Pos)
    OLED2_ShowCHinese                        0x08001f1d   Thumb Code    98  oled.o(i.OLED2_ShowCHinese)
    OLED2_ShowChar                           0x08001f85   Thumb Code   154  oled.o(i.OLED2_ShowChar)
    OLED2_ShowString                         0x08002029   Thumb Code    58  oled.o(i.OLED2_ShowString)
    OLED2_WR_Byte                            0x08002063   Thumb Code    24  oled.o(i.OLED2_WR_Byte)
    OLED_Clear                               0x0800207b   Thumb Code    62  oled.o(i.OLED_Clear)
    OLED_Clear_ALL                           0x080020b9   Thumb Code    12  oled.o(i.OLED_Clear_ALL)
    OLED_Init                                0x080020c5   Thumb Code   512  oled.o(i.OLED_Init)
    OLED_Set_Pos                             0x080022cd   Thumb Code    40  oled.o(i.OLED_Set_Pos)
    OLED_ShowCHinese                         0x080022f5   Thumb Code    98  oled.o(i.OLED_ShowCHinese)
    OLED_ShowChar                            0x0800235d   Thumb Code   154  oled.o(i.OLED_ShowChar)
    OLED_ShowNum                             0x08002401   Thumb Code   136  oled.o(i.OLED_ShowNum)
    OLED_ShowString                          0x08002489   Thumb Code    58  oled.o(i.OLED_ShowString)
    OLED_WR_Byte                             0x080024c3   Thumb Code    24  oled.o(i.OLED_WR_Byte)
    PendSV_Handler                           0x080024db   Thumb Code     2  stm32f10x_it.o(i.PendSV_Handler)
    Pick_Up                                  0x080024dd   Thumb Code   202  control.o(i.Pick_Up)
    Put_Down                                 0x080025c5   Thumb Code   118  control.o(i.Put_Down)
    RCC_APB1PeriphClockCmd                   0x08002651   Thumb Code    26  stm32f10x_rcc.o(i.RCC_APB1PeriphClockCmd)
    RCC_APB2PeriphClockCmd                   0x08002671   Thumb Code    26  stm32f10x_rcc.o(i.RCC_APB2PeriphClockCmd)
    RCC_GetClocksFreq                        0x08002691   Thumb Code   192  stm32f10x_rcc.o(i.RCC_GetClocksFreq)
    Read_Distane                             0x08002765   Thumb Code    94  timer.o(i.Read_Distane)
    Read_Encoder                             0x080027d9   Thumb Code    52  encoder.o(i.Read_Encoder)
    Read_Temperature                         0x08002811   Thumb Code   110  mpu6050.o(i.Read_Temperature)
    STMFLASH_ErasePage                       0x08002891   Thumb Code    72  stmflash.o(i.STMFLASH_ErasePage)
    STMFLASH_GetStatus                       0x080028dd   Thumb Code    38  stmflash.o(i.STMFLASH_GetStatus)
    STMFLASH_Lock                            0x08002909   Thumb Code    14  stmflash.o(i.STMFLASH_Lock)
    STMFLASH_Read                            0x0800291d   Thumb Code    34  stmflash.o(i.STMFLASH_Read)
    STMFLASH_ReadHalfWord                    0x0800293f   Thumb Code     6  stmflash.o(i.STMFLASH_ReadHalfWord)
    STMFLASH_Unlock                          0x08002945   Thumb Code    12  stmflash.o(i.STMFLASH_Unlock)
    STMFLASH_WaitDone                        0x0800295d   Thumb Code    42  stmflash.o(i.STMFLASH_WaitDone)
    STMFLASH_Write                           0x08002989   Thumb Code   224  stmflash.o(i.STMFLASH_Write)
    STMFLASH_WriteHalfWord                   0x08002a71   Thumb Code    58  stmflash.o(i.STMFLASH_WriteHalfWord)
    STMFLASH_Write_NoCheck                   0x08002ab1   Thumb Code    38  stmflash.o(i.STMFLASH_Write_NoCheck)
    SVC_Handler                              0x08002ad7   Thumb Code     2  stm32f10x_it.o(i.SVC_Handler)
    Set_Pwm                                  0x08002bc1   Thumb Code   102  control.o(i.Set_Pwm)
    SysTick_CLKSourceConfig                  0x08002c35   Thumb Code    40  misc.o(i.SysTick_CLKSourceConfig)
    SysTick_Handler                          0x08002c5d   Thumb Code     2  stm32f10x_it.o(i.SysTick_Handler)
    SystemInit                               0x08002c61   Thumb Code    78  system_stm32f10x.o(i.SystemInit)
    TIM2_IRQHandler                          0x08002f01   Thumb Code    24  encoder.o(i.TIM2_IRQHandler)
    TIM3_Cap_Init                            0x08002f19   Thumb Code   174  timer.o(i.TIM3_Cap_Init)
    TIM3_IRQHandler                          0x08002fd5   Thumb Code   182  timer.o(i.TIM3_IRQHandler)
    TIM4_IRQHandler                          0x08003099   Thumb Code    18  encoder.o(i.TIM4_IRQHandler)
    TIM_ARRPreloadConfig                     0x080030b1   Thumb Code    24  stm32f10x_tim.o(i.TIM_ARRPreloadConfig)
    TIM_ClearFlag                            0x080030c9   Thumb Code     6  stm32f10x_tim.o(i.TIM_ClearFlag)
    TIM_Cmd                                  0x080030cf   Thumb Code    24  stm32f10x_tim.o(i.TIM_Cmd)
    TIM_CtrlPWMOutputs                       0x080030e7   Thumb Code    30  stm32f10x_tim.o(i.TIM_CtrlPWMOutputs)
    TIM_EncoderInterfaceConfig               0x08003105   Thumb Code    66  stm32f10x_tim.o(i.TIM_EncoderInterfaceConfig)
    TIM_ICInit                               0x08003149   Thumb Code   150  stm32f10x_tim.o(i.TIM_ICInit)
    TIM_ICStructInit                         0x080031f5   Thumb Code    18  stm32f10x_tim.o(i.TIM_ICStructInit)
    TIM_ITConfig                             0x08003207   Thumb Code    18  stm32f10x_tim.o(i.TIM_ITConfig)
    TIM_OC1Init                              0x08003219   Thumb Code   132  stm32f10x_tim.o(i.TIM_OC1Init)
    TIM_OC1PreloadConfig                     0x080032b1   Thumb Code    18  stm32f10x_tim.o(i.TIM_OC1PreloadConfig)
    TIM_OC4Init                              0x080032c5   Thumb Code   114  stm32f10x_tim.o(i.TIM_OC4Init)
    TIM_OC4PreloadConfig                     0x08003341   Thumb Code    26  stm32f10x_tim.o(i.TIM_OC4PreloadConfig)
    TIM_SetCounter                           0x0800335b   Thumb Code     4  stm32f10x_tim.o(i.TIM_SetCounter)
    TIM_SetIC1Prescaler                      0x0800335f   Thumb Code    18  stm32f10x_tim.o(i.TIM_SetIC1Prescaler)
    TIM_SetIC2Prescaler                      0x08003371   Thumb Code    26  stm32f10x_tim.o(i.TIM_SetIC2Prescaler)
    TIM_SetIC3Prescaler                      0x0800338b   Thumb Code    18  stm32f10x_tim.o(i.TIM_SetIC3Prescaler)
    TIM_SetIC4Prescaler                      0x0800339d   Thumb Code    26  stm32f10x_tim.o(i.TIM_SetIC4Prescaler)
    TIM_TimeBaseInit                         0x080033b9   Thumb Code   122  stm32f10x_tim.o(i.TIM_TimeBaseInit)
    TIM_TimeBaseStructInit                   0x0800345d   Thumb Code    18  stm32f10x_tim.o(i.TIM_TimeBaseStructInit)
    Turn_Off                                 0x08003471   Thumb Code    66  control.o(i.Turn_Off)
    USART3_IRQHandler                        0x080034c9   Thumb Code   862  usart3.o(i.USART3_IRQHandler)
    USART_Cmd                                0x08003881   Thumb Code    24  stm32f10x_usart.o(i.USART_Cmd)
    USART_GetITStatus                        0x08003899   Thumb Code    84  stm32f10x_usart.o(i.USART_GetITStatus)
    USART_ITConfig                           0x080038ed   Thumb Code    74  stm32f10x_usart.o(i.USART_ITConfig)
    USART_Init                               0x08003939   Thumb Code   210  stm32f10x_usart.o(i.USART_Init)
    USART_ReceiveData                        0x08003a11   Thumb Code    10  stm32f10x_usart.o(i.USART_ReceiveData)
    UsageFault_Handler                       0x08003a1b   Thumb Code     4  stm32f10x_it.o(i.UsageFault_Handler)
    Write_IIC_2_Byte                         0x08003a21   Thumb Code    80  oled.o(i.Write_IIC_2_Byte)
    Write_IIC_2_Command                      0x08003a79   Thumb Code    44  oled.o(i.Write_IIC_2_Command)
    Write_IIC_2_Data                         0x08003aa5   Thumb Code    44  oled.o(i.Write_IIC_2_Data)
    Write_IIC_Byte                           0x08003ad1   Thumb Code    80  oled.o(i.Write_IIC_Byte)
    Write_IIC_Command                        0x08003b25   Thumb Code    44  oled.o(i.Write_IIC_Command)
    Write_IIC_Data                           0x08003b51   Thumb Code    44  oled.o(i.Write_IIC_Data)
    Xianfu_Pwm                               0x08003b7d   Thumb Code    98  control.o(i.Xianfu_Pwm)
    __ARM_fpclassify                         0x08003bf1   Thumb Code    40  fpclassify.o(i.__ARM_fpclassify)
    __kernel_poly                            0x08003c19   Thumb Code   170  poly.o(i.__kernel_poly)
    __mathlib_dbl_divzero                    0x08003cc5   Thumb Code    12  dunder.o(i.__mathlib_dbl_divzero)
    __mathlib_dbl_infnan                     0x08003cd5   Thumb Code     6  dunder.o(i.__mathlib_dbl_infnan)
    __mathlib_dbl_infnan2                    0x08003cdb   Thumb Code     4  dunder.o(i.__mathlib_dbl_infnan2)
    __mathlib_dbl_invalid                    0x08003cdf   Thumb Code    12  dunder.o(i.__mathlib_dbl_invalid)
    __mathlib_dbl_overflow                   0x08003ceb   Thumb Code    14  dunder.o(i.__mathlib_dbl_overflow)
    __mathlib_dbl_underflow                  0x08003cf9   Thumb Code    10  dunder.o(i.__mathlib_dbl_underflow)
    _sys_exit                                0x08003d09   Thumb Code     6  usart.o(i._sys_exit)
    atan                                     0x08003dbd   Thumb Code   474  atan.o(i.atan)
    atan2                                    0x08003fdd   Thumb Code   346  atan2.o(i.atan2)
    balance                                  0x0800415d   Thumb Code    62  control.o(i.balance)
    click_N_Double                           0x080041a5   Thumb Code   184  key.o(i.click_N_Double)
    delay_init                               0x08004275   Thumb Code    50  delay.o(i.delay_init)
    delay_ms                                 0x080042b9   Thumb Code    72  delay.o(i.delay_ms)
    delay_us                                 0x08004305   Thumb Code    72  delay.o(i.delay_us)
    dmp_enable_6x_lp_quat                    0x08004351   Thumb Code    60  inv_mpu_dmp_motion_driver.o(i.dmp_enable_6x_lp_quat)
    dmp_enable_feature                       0x0800438d   Thumb Code   530  inv_mpu_dmp_motion_driver.o(i.dmp_enable_feature)
    dmp_enable_gyro_cal                      0x080045a9   Thumb Code    62  inv_mpu_dmp_motion_driver.o(i.dmp_enable_gyro_cal)
    dmp_enable_lp_quat                       0x08004601   Thumb Code    60  inv_mpu_dmp_motion_driver.o(i.dmp_enable_lp_quat)
    dmp_load_motion_driver_firmware          0x0800463d   Thumb Code    20  inv_mpu_dmp_motion_driver.o(i.dmp_load_motion_driver_firmware)
    dmp_set_accel_bias                       0x08004655   Thumb Code   300  inv_mpu_dmp_motion_driver.o(i.dmp_set_accel_bias)
    dmp_set_fifo_rate                        0x08004785   Thumb Code    96  inv_mpu_dmp_motion_driver.o(i.dmp_set_fifo_rate)
    dmp_set_gyro_bias                        0x080047f5   Thumb Code   294  inv_mpu_dmp_motion_driver.o(i.dmp_set_gyro_bias)
    dmp_set_orientation                      0x08004925   Thumb Code   290  inv_mpu_dmp_motion_driver.o(i.dmp_set_orientation)
    dmp_set_shake_reject_thresh              0x08004a5d   Thumb Code    56  inv_mpu_dmp_motion_driver.o(i.dmp_set_shake_reject_thresh)
    dmp_set_shake_reject_time                0x08004a95   Thumb Code    38  inv_mpu_dmp_motion_driver.o(i.dmp_set_shake_reject_time)
    dmp_set_shake_reject_timeout             0x08004abb   Thumb Code    38  inv_mpu_dmp_motion_driver.o(i.dmp_set_shake_reject_timeout)
    dmp_set_tap_axes                         0x08004ae1   Thumb Code    70  inv_mpu_dmp_motion_driver.o(i.dmp_set_tap_axes)
    dmp_set_tap_count                        0x08004b27   Thumb Code    38  inv_mpu_dmp_motion_driver.o(i.dmp_set_tap_count)
    dmp_set_tap_thresh                       0x08004b4d   Thumb Code   396  inv_mpu_dmp_motion_driver.o(i.dmp_set_tap_thresh)
    dmp_set_tap_time                         0x08004ced   Thumb Code    38  inv_mpu_dmp_motion_driver.o(i.dmp_set_tap_time)
    dmp_set_tap_time_multi                   0x08004d13   Thumb Code    38  inv_mpu_dmp_motion_driver.o(i.dmp_set_tap_time_multi)
    fputc                                    0x08004d39   Thumb Code    54  usart.o(i.fputc)
    i2cRead                                  0x080053b9   Thumb Code   118  iic.o(i.i2cRead)
    i2cWrite                                 0x0800542f   Thumb Code    96  iic.o(i.i2cWrite)
    main                                     0x08005505   Thumb Code   166  main.o(i.main)
    mpu_configure_fifo                       0x080055bd   Thumb Code   106  inv_mpu.o(i.mpu_configure_fifo)
    mpu_get_accel_fsr                        0x0800562d   Thumb Code    72  inv_mpu.o(i.mpu_get_accel_fsr)
    mpu_get_accel_sens                       0x08005679   Thumb Code    78  inv_mpu.o(i.mpu_get_accel_sens)
    mpu_get_fifo_config                      0x080056cd   Thumb Code    12  inv_mpu.o(i.mpu_get_fifo_config)
    mpu_get_gyro_fsr                         0x080056dd   Thumb Code    64  inv_mpu.o(i.mpu_get_gyro_fsr)
    mpu_get_gyro_sens                        0x08005721   Thumb Code    58  inv_mpu.o(i.mpu_get_gyro_sens)
    mpu_get_lpf                              0x08005771   Thumb Code    74  inv_mpu.o(i.mpu_get_lpf)
    mpu_get_sample_rate                      0x080057c1   Thumb Code    26  inv_mpu.o(i.mpu_get_sample_rate)
    mpu_init                                 0x080057e1   Thumb Code   416  inv_mpu.o(i.mpu_init)
    mpu_load_firmware                        0x080059d1   Thumb Code   180  inv_mpu.o(i.mpu_load_firmware)
    mpu_lp_accel_mode                        0x08005a89   Thumb Code   218  inv_mpu.o(i.mpu_lp_accel_mode)
    mpu_read_mem                             0x08005b69   Thumb Code   122  inv_mpu.o(i.mpu_read_mem)
    mpu_reset_fifo                           0x08005be9   Thumb Code   438  inv_mpu.o(i.mpu_reset_fifo)
    mpu_run_self_test                        0x08005da5   Thumb Code   278  inv_mpu.o(i.mpu_run_self_test)
    mpu_set_accel_fsr                        0x08005ec1   Thumb Code   126  inv_mpu.o(i.mpu_set_accel_fsr)
    mpu_set_bypass                           0x08005f45   Thumb Code   328  inv_mpu.o(i.mpu_set_bypass)
    mpu_set_dmp_state                        0x08006091   Thumb Code   138  inv_mpu.o(i.mpu_set_dmp_state)
    mpu_set_gyro_fsr                         0x08006121   Thumb Code   132  inv_mpu.o(i.mpu_set_gyro_fsr)
    mpu_set_int_latched                      0x080061a9   Thumb Code   102  inv_mpu.o(i.mpu_set_int_latched)
    mpu_set_lpf                              0x08006215   Thumb Code   126  inv_mpu.o(i.mpu_set_lpf)
    mpu_set_sample_rate                      0x08006299   Thumb Code   152  inv_mpu.o(i.mpu_set_sample_rate)
    mpu_set_sensors                          0x08006335   Thumb Code   202  inv_mpu.o(i.mpu_set_sensors)
    mpu_write_mem                            0x08006405   Thumb Code   122  inv_mpu.o(i.mpu_write_mem)
    myabs                                    0x08006485   Thumb Code    14  control.o(i.myabs)
    oled1_show                               0x08006495   Thumb Code   486  show.o(i.oled1_show)
    oled2_show                               0x080066fd   Thumb Code   402  show.o(i.oled2_show)
    oled_pow                                 0x080068a1   Thumb Code    22  oled.o(i.oled_pow)
    pow                                      0x080068b9   Thumb Code  2512  pow.o(i.pow)
    sqrt                                     0x080073dd   Thumb Code    76  sqrt.o(i.sqrt)
    turn                                     0x08007429   Thumb Code   348  control.o(i.turn)
    uart3_init                               0x080075c5   Thumb Code   158  usart3.o(i.uart3_init)
    uart_init                                0x0800766d   Thumb Code   124  usart.o(i.uart_init)
    velocity                                 0x080076f1   Thumb Code   420  control.o(i.velocity)
    __aeabi_d2f                              0x080078fd   Thumb Code     0  d2f.o(x$fpl$d2f)
    _d2f                                     0x080078fd   Thumb Code    98  d2f.o(x$fpl$d2f)
    __aeabi_dadd                             0x08007961   Thumb Code     0  daddsub_clz.o(x$fpl$dadd)
    _dadd                                    0x08007961   Thumb Code   332  daddsub_clz.o(x$fpl$dadd)
    __fpl_dcheck_NaN1                        0x08007ab1   Thumb Code    10  dcheck1.o(x$fpl$dcheck1)
    __fpl_dcmp_Inf                           0x08007ac1   Thumb Code    24  dcmpi.o(x$fpl$dcmpinf)
    __aeabi_ddiv                             0x08007ad9   Thumb Code     0  ddiv.o(x$fpl$ddiv)
    _ddiv                                    0x08007ad9   Thumb Code   552  ddiv.o(x$fpl$ddiv)
    __aeabi_i2d                              0x08007d89   Thumb Code     0  dflt_clz.o(x$fpl$dflt)
    _dflt                                    0x08007d89   Thumb Code    46  dflt_clz.o(x$fpl$dflt)
    __aeabi_cdcmple                          0x08007db9   Thumb Code     0  dleqf.o(x$fpl$dleqf)
    _dcmple                                  0x08007db9   Thumb Code   120  dleqf.o(x$fpl$dleqf)
    __fpl_dcmple_InfNaN                      0x08007e1b   Thumb Code     0  dleqf.o(x$fpl$dleqf)
    __aeabi_dmul                             0x08007e31   Thumb Code     0  dmul.o(x$fpl$dmul)
    _dmul                                    0x08007e31   Thumb Code   332  dmul.o(x$fpl$dmul)
    __fpl_dnaninf                            0x08007f85   Thumb Code   156  dnaninf.o(x$fpl$dnaninf)
    __fpl_dretinf                            0x08008021   Thumb Code    12  dretinf.o(x$fpl$dretinf)
    __aeabi_cdrcmple                         0x0800802d   Thumb Code     0  drleqf.o(x$fpl$drleqf)
    _drcmple                                 0x0800802d   Thumb Code   108  drleqf.o(x$fpl$drleqf)
    __aeabi_drsub                            0x08008099   Thumb Code     0  daddsub_clz.o(x$fpl$drsb)
    _drsb                                    0x08008099   Thumb Code    22  daddsub_clz.o(x$fpl$drsb)
    _dsqrt                                   0x080080b1   Thumb Code   456  dsqrt_noumaal.o(x$fpl$dsqrt)
    __aeabi_dsub                             0x0800827d   Thumb Code     0  daddsub_clz.o(x$fpl$dsub)
    _dsub                                    0x0800827d   Thumb Code   464  daddsub_clz.o(x$fpl$dsub)
    __aeabi_f2d                              0x08008451   Thumb Code     0  f2d.o(x$fpl$f2d)
    _f2d                                     0x08008451   Thumb Code    86  f2d.o(x$fpl$f2d)
    __aeabi_fadd                             0x080084a9   Thumb Code     0  faddsub_clz.o(x$fpl$fadd)
    _fadd                                    0x080084a9   Thumb Code   196  faddsub_clz.o(x$fpl$fadd)
    __fpl_fcmp_Inf                           0x0800856d   Thumb Code    24  fcmpi.o(x$fpl$fcmpinf)
    __aeabi_fdiv                             0x08008585   Thumb Code     0  fdiv.o(x$fpl$fdiv)
    _fdiv                                    0x08008585   Thumb Code   384  fdiv.o(x$fpl$fdiv)
    __aeabi_cfcmpeq                          0x08008709   Thumb Code     0  feqf.o(x$fpl$feqf)
    _fcmpeq                                  0x08008709   Thumb Code   104  feqf.o(x$fpl$feqf)
    __aeabi_f2iz                             0x08008771   Thumb Code     0  ffix.o(x$fpl$ffix)
    _ffix                                    0x08008771   Thumb Code    54  ffix.o(x$fpl$ffix)
    __aeabi_f2uiz                            0x080087a9   Thumb Code     0  ffixu.o(x$fpl$ffixu)
    _ffixu                                   0x080087a9   Thumb Code    62  ffixu.o(x$fpl$ffixu)
    __aeabi_i2f                              0x080087e9   Thumb Code     0  fflt_clz.o(x$fpl$fflt)
    _fflt                                    0x080087e9   Thumb Code    48  fflt_clz.o(x$fpl$fflt)
    __aeabi_ui2f                             0x08008819   Thumb Code     0  fflt_clz.o(x$fpl$ffltu)
    _ffltu                                   0x08008819   Thumb Code    38  fflt_clz.o(x$fpl$ffltu)
    __aeabi_cfcmple                          0x08008841   Thumb Code     0  fleqf.o(x$fpl$fleqf)
    _fcmple                                  0x08008841   Thumb Code   104  fleqf.o(x$fpl$fleqf)
    __fpl_fcmple_InfNaN                      0x08008893   Thumb Code     0  fleqf.o(x$fpl$fleqf)
    __aeabi_fmul                             0x080088a9   Thumb Code     0  fmul.o(x$fpl$fmul)
    _fmul                                    0x080088a9   Thumb Code   258  fmul.o(x$fpl$fmul)
    __fpl_fnaninf                            0x080089ab   Thumb Code   140  fnaninf.o(x$fpl$fnaninf)
    __fpl_fretinf                            0x08008a37   Thumb Code    10  fretinf.o(x$fpl$fretinf)
    __aeabi_cfrcmple                         0x08008a41   Thumb Code     0  frleqf.o(x$fpl$frleqf)
    _frcmple                                 0x08008a41   Thumb Code    98  frleqf.o(x$fpl$frleqf)
    __aeabi_frsub                            0x08008aa3   Thumb Code     0  faddsub_clz.o(x$fpl$frsb)
    _frsb                                    0x08008aa3   Thumb Code    20  faddsub_clz.o(x$fpl$frsb)
    __aeabi_fsub                             0x08008ab9   Thumb Code     0  faddsub_clz.o(x$fpl$fsub)
    _fsub                                    0x08008ab9   Thumb Code   234  faddsub_clz.o(x$fpl$fsub)
    __fpl_return_NaN                         0x08008ba3   Thumb Code   100  retnan.o(x$fpl$retnan)
    __ARM_scalbn                             0x08008c07   Thumb Code    92  scalbn.o(x$fpl$scalbn)
    __fpl_cmpreturn                          0x08008c63   Thumb Code    48  trapv.o(x$fpl$trapveneer)
    F6x8                                     0x08008c92   Data         552  oled.o(.constdata)
    __I$use$fp                               0x08008c92   Number         0  usenofp.o(x$fpl$usenofp)
    F8X16                                    0x08008eba   Data        1520  oled.o(.constdata)
    hw                                       0x080094ac   Data          12  inv_mpu.o(.constdata)
    reg                                      0x080094b8   Data          27  inv_mpu.o(.constdata)
    test                                     0x080094d4   Data          40  inv_mpu.o(.constdata)
    __mathlib_zero                           0x0800a218   Data           8  qnan.o(.constdata)
    Region$$Table$$Base                      0x0800a270   Number         0  anon$$obj.o(Region$$Table)
    Region$$Table$$Limit                     0x0800a290   Number         0  anon$$obj.o(Region$$Table)
    Balance_Pwm                              0x20000000   Data           4  control.o(.data)
    Velocity_Pwm                             0x20000004   Data           4  control.o(.data)
    Turn_Pwm                                 0x20000008   Data           4  control.o(.data)
    Flag_Target                              0x2000000c   Data           1  control.o(.data)
    Flash_R_Count                            0x20000010   Data           4  control.o(.data)
    angle                                    0x2000004c   Data           4  filter.o(.data)
    angle_dot                                0x20000050   Data           4  filter.o(.data)
    Q_angle                                  0x20000054   Data           4  filter.o(.data)
    Q_gyro                                   0x20000058   Data           4  filter.o(.data)
    R_angle                                  0x2000005c   Data           4  filter.o(.data)
    dt                                       0x20000060   Data           4  filter.o(.data)
    C_0                                      0x20000064   Data           1  filter.o(.data)
    Q_bias                                   0x20000068   Data           4  filter.o(.data)
    Angle_err                                0x2000006c   Data           4  filter.o(.data)
    PCt_0                                    0x20000070   Data           4  filter.o(.data)
    PCt_1                                    0x20000074   Data           4  filter.o(.data)
    E                                        0x20000078   Data           4  filter.o(.data)
    K_0                                      0x2000007c   Data           4  filter.o(.data)
    K_1                                      0x20000080   Data           4  filter.o(.data)
    t_0                                      0x20000084   Data           4  filter.o(.data)
    t_1                                      0x20000088   Data           4  filter.o(.data)
    PP                                       0x2000008c   Data          16  filter.o(.data)
    gyro                                     0x200000b0   Data           6  mpu6050.o(.data)
    accel                                    0x200000b6   Data           6  mpu6050.o(.data)
    sensors                                  0x200000bc   Data           2  mpu6050.o(.data)
    Hzk                                      0x200000c7   Data        1408  oled.o(.data)
    i                                        0x20000648   Data           1  show.o(.data)
    Send_Count                               0x20000649   Data           1  show.o(.data)
    Vol                                      0x2000064c   Data           4  show.o(.data)
    TIM3CH3_CAPTURE_STA                      0x20000652   Data           2  timer.o(.data)
    TIM3CH3_CAPTURE_VAL                      0x20000654   Data           2  timer.o(.data)
    Usart3_Receive                           0x20000658   Data           1  usart3.o(.data)
    __stdout                                 0x200006ac   Data           4  usart.o(.data)
    Flag_Qian                                0x200006b0   Data           1  main.o(.data)
    Flag_Hou                                 0x200006b1   Data           1  main.o(.data)
    Flag_Left                                0x200006b2   Data           1  main.o(.data)
    Flag_Right                               0x200006b3   Data           1  main.o(.data)
    Flag_sudu                                0x200006b4   Data           1  main.o(.data)
    Flag_Stop                                0x200006b5   Data           1  main.o(.data)
    Flag_Show                                0x200006b6   Data           1  main.o(.data)
    Encoder_Left                             0x200006b8   Data           4  main.o(.data)
    Encoder_Right                            0x200006bc   Data           4  main.o(.data)
    Moto1                                    0x200006c0   Data           4  main.o(.data)
    Moto2                                    0x200006c4   Data           4  main.o(.data)
    Temperature                              0x200006c8   Data           4  main.o(.data)
    Angle_Balance                            0x200006cc   Data           4  main.o(.data)
    Gyro_Balance                             0x200006d0   Data           4  main.o(.data)
    Gyro_Turn                                0x200006d4   Data           4  main.o(.data)
    Acceleration_Z                           0x200006d8   Data           4  main.o(.data)
    Show_Data_Mb                             0x200006dc   Data           4  main.o(.data)
    Distance                                 0x200006e0   Data           4  main.o(.data)
    delay_50                                 0x200006e4   Data           1  main.o(.data)
    delay_flag                               0x200006e5   Data           1  main.o(.data)
    Bi_zhang                                 0x200006e6   Data           1  main.o(.data)
    PID_Send                                 0x200006e7   Data           1  main.o(.data)
    Flash_Send                               0x200006e8   Data           1  main.o(.data)
    Balance_Kp                               0x200006ec   Data           4  main.o(.data)
    Balance_Kd                               0x200006f0   Data           4  main.o(.data)
    Velocity_Kp                              0x200006f4   Data           4  main.o(.data)
    Velocity_Ki                              0x200006f8   Data           4  main.o(.data)
    SystemCoreClock                          0x200006fc   Data           4  system_stm32f10x.o(.data)
    AHBPrescTable                            0x20000700   Data          16  system_stm32f10x.o(.data)
    DataScope_OutPut_Buffer                  0x20000710   Data          42  datascope_dp.o(.bss)
    Pdot                                     0x2000073c   Data          16  filter.o(.bss)
    STMFLASH_BUF                             0x2000074c   Data        1024  stmflash.o(.bss)
    TIM3_ICInitStructure                     0x20000b4c   Data          10  timer.o(.bss)
    PID_Parameter                            0x20000b98   Data          20  main.o(.bss)
    Flash_Parameter                          0x20000bac   Data          20  main.o(.bss)
    __libspace_start                         0x20000bc0   Data          96  libspace.o(.bss)
    __temporary_stack_top$libspace           0x20000c20   Data           0  libspace.o(.bss)



==============================================================================

Memory Map of the image

  Image Entry point : 0x080000ed

  Load Region LR_IROM1 (Base: 0x08000000, Size: 0x0000a9a0, Max: 0x00010000, ABSOLUTE, COMPRESSED[0x0000a52c])

    Execution Region ER_IROM1 (Exec base: 0x08000000, Load base: 0x08000000, Size: 0x0000a290, Max: 0x00010000, ABSOLUTE)

    Exec Addr    Load Addr    Size         Type   Attr      Idx    E Section Name        Object

    0x08000000   0x08000000   0x000000ec   Data   RO           19    RESET               startup_stm32f10x_md.o
    0x080000ec   0x080000ec   0x00000008   Code   RO         4810  * !!!main             c_w.l(__main.o)
    0x080000f4   0x080000f4   0x00000034   Code   RO         5141    !!!scatter          c_w.l(__scatter.o)
    0x08000128   0x08000128   0x0000005a   Code   RO         5139    !!dczerorl2         c_w.l(__dczerorl2.o)
    0x08000182   0x08000182   0x00000002   PAD
    0x08000184   0x08000184   0x0000001c   Code   RO         5143    !!handler_zi        c_w.l(__scatter_zi.o)
    0x080001a0   0x080001a0   0x00000000   Code   RO         4801    .ARM.Collect$$_printf_percent$$00000000  c_w.l(_printf_percent.o)
    0x080001a0   0x080001a0   0x00000006   Code   RO         4800    .ARM.Collect$$_printf_percent$$00000009  c_w.l(_printf_d.o)
    0x080001a6   0x080001a6   0x00000004   Code   RO         4901    .ARM.Collect$$_printf_percent$$00000017  c_w.l(_printf_percent_end.o)
    0x080001aa   0x080001aa   0x00000002   Code   RO         5008    .ARM.Collect$$libinit$$00000000  c_w.l(libinit.o)
    0x080001ac   0x080001ac   0x00000000   Code   RO         5018    .ARM.Collect$$libinit$$00000002  c_w.l(libinit2.o)
    0x080001ac   0x080001ac   0x00000000   Code   RO         5020    .ARM.Collect$$libinit$$00000004  c_w.l(libinit2.o)
    0x080001ac   0x080001ac   0x00000000   Code   RO         5023    .ARM.Collect$$libinit$$0000000A  c_w.l(libinit2.o)
    0x080001ac   0x080001ac   0x00000000   Code   RO         5025    .ARM.Collect$$libinit$$0000000C  c_w.l(libinit2.o)
    0x080001ac   0x080001ac   0x00000000   Code   RO         5027    .ARM.Collect$$libinit$$0000000E  c_w.l(libinit2.o)
    0x080001ac   0x080001ac   0x00000000   Code   RO         5030    .ARM.Collect$$libinit$$00000011  c_w.l(libinit2.o)
    0x080001ac   0x080001ac   0x00000000   Code   RO         5032    .ARM.Collect$$libinit$$00000013  c_w.l(libinit2.o)
    0x080001ac   0x080001ac   0x00000000   Code   RO         5034    .ARM.Collect$$libinit$$00000015  c_w.l(libinit2.o)
    0x080001ac   0x080001ac   0x00000000   Code   RO         5036    .ARM.Collect$$libinit$$00000017  c_w.l(libinit2.o)
    0x080001ac   0x080001ac   0x00000000   Code   RO         5038    .ARM.Collect$$libinit$$00000019  c_w.l(libinit2.o)
    0x080001ac   0x080001ac   0x00000000   Code   RO         5040    .ARM.Collect$$libinit$$0000001B  c_w.l(libinit2.o)
    0x080001ac   0x080001ac   0x00000000   Code   RO         5042    .ARM.Collect$$libinit$$0000001D  c_w.l(libinit2.o)
    0x080001ac   0x080001ac   0x00000000   Code   RO         5044    .ARM.Collect$$libinit$$0000001F  c_w.l(libinit2.o)
    0x080001ac   0x080001ac   0x00000000   Code   RO         5046    .ARM.Collect$$libinit$$00000021  c_w.l(libinit2.o)
    0x080001ac   0x080001ac   0x00000000   Code   RO         5048    .ARM.Collect$$libinit$$00000023  c_w.l(libinit2.o)
    0x080001ac   0x080001ac   0x00000000   Code   RO         5050    .ARM.Collect$$libinit$$00000025  c_w.l(libinit2.o)
    0x080001ac   0x080001ac   0x00000000   Code   RO         5054    .ARM.Collect$$libinit$$0000002C  c_w.l(libinit2.o)
    0x080001ac   0x080001ac   0x00000000   Code   RO         5056    .ARM.Collect$$libinit$$0000002E  c_w.l(libinit2.o)
    0x080001ac   0x080001ac   0x00000000   Code   RO         5058    .ARM.Collect$$libinit$$00000030  c_w.l(libinit2.o)
    0x080001ac   0x080001ac   0x00000000   Code   RO         5060    .ARM.Collect$$libinit$$00000032  c_w.l(libinit2.o)
    0x080001ac   0x080001ac   0x00000002   Code   RO         5061    .ARM.Collect$$libinit$$00000033  c_w.l(libinit2.o)
    0x080001ae   0x080001ae   0x00000002   Code   RO         5091    .ARM.Collect$$libshutdown$$00000000  c_w.l(libshutdown.o)
    0x080001b0   0x080001b0   0x00000000   Code   RO         5105    .ARM.Collect$$libshutdown$$00000002  c_w.l(libshutdown2.o)
    0x080001b0   0x080001b0   0x00000000   Code   RO         5107    .ARM.Collect$$libshutdown$$00000004  c_w.l(libshutdown2.o)
    0x080001b0   0x080001b0   0x00000000   Code   RO         5110    .ARM.Collect$$libshutdown$$00000007  c_w.l(libshutdown2.o)
    0x080001b0   0x080001b0   0x00000000   Code   RO         5113    .ARM.Collect$$libshutdown$$0000000A  c_w.l(libshutdown2.o)
    0x080001b0   0x080001b0   0x00000000   Code   RO         5115    .ARM.Collect$$libshutdown$$0000000C  c_w.l(libshutdown2.o)
    0x080001b0   0x080001b0   0x00000000   Code   RO         5118    .ARM.Collect$$libshutdown$$0000000F  c_w.l(libshutdown2.o)
    0x080001b0   0x080001b0   0x00000002   Code   RO         5119    .ARM.Collect$$libshutdown$$00000010  c_w.l(libshutdown2.o)
    0x080001b2   0x080001b2   0x00000000   Code   RO         4892    .ARM.Collect$$rtentry$$00000000  c_w.l(__rtentry.o)
    0x080001b2   0x080001b2   0x00000000   Code   RO         4959    .ARM.Collect$$rtentry$$00000002  c_w.l(__rtentry2.o)
    0x080001b2   0x080001b2   0x00000006   Code   RO         4971    .ARM.Collect$$rtentry$$00000004  c_w.l(__rtentry4.o)
    0x080001b8   0x080001b8   0x00000000   Code   RO         4961    .ARM.Collect$$rtentry$$00000009  c_w.l(__rtentry2.o)
    0x080001b8   0x080001b8   0x00000004   Code   RO         4962    .ARM.Collect$$rtentry$$0000000A  c_w.l(__rtentry2.o)
    0x080001bc   0x080001bc   0x00000000   Code   RO         4964    .ARM.Collect$$rtentry$$0000000C  c_w.l(__rtentry2.o)
    0x080001bc   0x080001bc   0x00000008   Code   RO         4965    .ARM.Collect$$rtentry$$0000000D  c_w.l(__rtentry2.o)
    0x080001c4   0x080001c4   0x00000002   Code   RO         5011    .ARM.Collect$$rtexit$$00000000  c_w.l(rtexit.o)
    0x080001c6   0x080001c6   0x00000000   Code   RO         5065    .ARM.Collect$$rtexit$$00000002  c_w.l(rtexit2.o)
    0x080001c6   0x080001c6   0x00000004   Code   RO         5066    .ARM.Collect$$rtexit$$00000003  c_w.l(rtexit2.o)
    0x080001ca   0x080001ca   0x00000006   Code   RO         5067    .ARM.Collect$$rtexit$$00000004  c_w.l(rtexit2.o)
    0x080001d0   0x080001d0   0x00000040   Code   RO           20    .text               startup_stm32f10x_md.o
    0x08000210   0x08000210   0x00000002   Code   RO         4768    .text               c_w.l(use_no_semi_2.o)
    0x08000212   0x08000212   0x00000048   Code   RO         4770    .text               c_w.l(llsdiv.o)
    0x0800025a   0x0800025a   0x00000002   PAD
    0x0800025c   0x0800025c   0x00000018   Code   RO         4774    .text               c_w.l(noretval__2printf.o)
    0x08000274   0x08000274   0x00000068   Code   RO         4776    .text               c_w.l(__printf.o)
    0x080002dc   0x080002dc   0x00000078   Code   RO         4778    .text               c_w.l(_printf_dec.o)
    0x08000354   0x08000354   0x00000058   Code   RO         4802    .text               c_w.l(memcmp.o)
    0x080003ac   0x080003ac   0x00000010   Code   RO         4804    .text               c_w.l(aeabi_memset.o)
    0x080003bc   0x080003bc   0x00000044   Code   RO         4806    .text               c_w.l(rt_memclr.o)
    0x08000400   0x08000400   0x00000006   Code   RO         4808    .text               c_w.l(heapauxi.o)
    0x08000406   0x08000406   0x00000002   Code   RO         4890    .text               c_w.l(use_no_semi.o)
    0x08000408   0x08000408   0x000000ee   Code   RO         4893    .text               c_w.l(lludivv7m.o)
    0x080004f6   0x080004f6   0x00000016   Code   RO         4895    .text               c_w.l(_rserrno.o)
    0x0800050c   0x0800050c   0x000000b2   Code   RO         4897    .text               c_w.l(_printf_intcommon.o)
    0x080005be   0x080005be   0x00000002   PAD
    0x080005c0   0x080005c0   0x00000024   Code   RO         4899    .text               c_w.l(_printf_char_file.o)
    0x080005e4   0x080005e4   0x0000004e   Code   RO         4902    .text               c_w.l(rt_memclr_w.o)
    0x08000632   0x08000632   0x00000002   PAD
    0x08000634   0x08000634   0x00000008   Code   RO         4980    .text               c_w.l(rt_errno_addr_intlibspace.o)
    0x0800063c   0x0800063c   0x00000030   Code   RO         4982    .text               c_w.l(_printf_char_common.o)
    0x0800066c   0x0800066c   0x00000008   Code   RO         4984    .text               c_w.l(ferror.o)
    0x08000674   0x08000674   0x00000008   Code   RO         4992    .text               c_w.l(libspace.o)
    0x0800067c   0x0800067c   0x0000004a   Code   RO         4995    .text               c_w.l(sys_stackheap_outer.o)
    0x080006c6   0x080006c6   0x00000012   Code   RO         5001    .text               c_w.l(exit.o)
    0x080006d8   0x080006d8   0x00000038   Code   RO         1062    i.BEEP_Init         beep.o
    0x08000710   0x08000710   0x00000004   Code   RO         4643    i.BusFault_Handler  stm32f10x_it.o
    0x08000714   0x08000714   0x00000210   Code   RO          582    i.DMP_Init          mpu6050.o
    0x08000924   0x08000924   0x00000110   Code   RO          873    i.DataScope         show.o
    0x08000a34   0x08000a34   0x00000098   Code   RO          278    i.DataScope_Data_Generate  datascope_dp.o
    0x08000acc   0x08000acc   0x000000a4   Code   RO          279    i.DataScope_Get_Channel_Data  datascope_dp.o
    0x08000b70   0x08000b70   0x00000002   Code   RO         4644    i.DebugMon_Handler  stm32f10x_it.o
    0x08000b72   0x08000b72   0x00000002   PAD
    0x08000b74   0x08000b74   0x000001ac   Code   RO           24    i.EXTI9_5_IRQHandler  control.o
    0x08000d20   0x08000d20   0x00000094   Code   RO         2379    i.EXTI_Init         stm32f10x_exti.o
    0x08000db4   0x08000db4   0x000000a0   Code   RO          308    i.Encoder_Init_TIM2  encoder.o
    0x08000e54   0x08000e54   0x0000009c   Code   RO          309    i.Encoder_Init_TIM4  encoder.o
    0x08000ef0   0x08000ef0   0x000000c8   Code   RO          909    i.Flash_Read        stmflash.o
    0x08000fb8   0x08000fb8   0x00000078   Code   RO          910    i.Flash_Write       stmflash.o
    0x08001030   0x08001030   0x0000001c   Code   RO          280    i.Float2Byte        datascope_dp.o
    0x0800104c   0x0800104c   0x00000040   Code   RO         2724    i.GPIO_EXTILineConfig  stm32f10x_gpio.o
    0x0800108c   0x0800108c   0x00000116   Code   RO         2727    i.GPIO_Init         stm32f10x_gpio.o
    0x080011a2   0x080011a2   0x00000004   Code   RO         2734    i.GPIO_ResetBits    stm32f10x_gpio.o
    0x080011a6   0x080011a6   0x00000004   Code   RO         2735    i.GPIO_SetBits      stm32f10x_gpio.o
    0x080011aa   0x080011aa   0x00000002   PAD
    0x080011ac   0x080011ac   0x00000190   Code   RO           25    i.Get_Angle         control.o
    0x0800133c   0x0800133c   0x00000004   Code   RO         4645    i.HardFault_Handler  stm32f10x_it.o
    0x08001340   0x08001340   0x0000002c   Code   RO          681    i.I2C_2_Start       oled.o
    0x0800136c   0x0800136c   0x00000024   Code   RO          682    i.I2C_2_Stop        oled.o
    0x08001390   0x08001390   0x00000018   Code   RO          683    i.I2C_2_Wait_Ack    oled.o
    0x080013a8   0x080013a8   0x00000046   Code   RO          390    i.I2C_ReadOneByte   iic.o
    0x080013ee   0x080013ee   0x00000002   PAD
    0x080013f0   0x080013f0   0x00000028   Code   RO          684    i.I2C_Start         oled.o
    0x08001418   0x08001418   0x00000020   Code   RO          685    i.I2C_Stop          oled.o
    0x08001438   0x08001438   0x00000018   Code   RO          686    i.I2C_Wait_Ack      oled.o
    0x08001450   0x08001450   0x0000004c   Code   RO          391    i.IIC_Ack           iic.o
    0x0800149c   0x0800149c   0x0000002c   Code   RO          392    i.IIC_Init          iic.o
    0x080014c8   0x080014c8   0x0000004c   Code   RO          393    i.IIC_NAck          iic.o
    0x08001514   0x08001514   0x00000070   Code   RO          394    i.IIC_Read_Byte     iic.o
    0x08001584   0x08001584   0x00000064   Code   RO          395    i.IIC_Send_Byte     iic.o
    0x080015e8   0x080015e8   0x00000068   Code   RO          396    i.IIC_Start         iic.o
    0x08001650   0x08001650   0x00000048   Code   RO          397    i.IIC_Stop          iic.o
    0x08001698   0x08001698   0x00000068   Code   RO          398    i.IIC_Wait_Ack      iic.o
    0x08001700   0x08001700   0x00000016   Code   RO          399    i.IICreadByte       iic.o
    0x08001716   0x08001716   0x00000040   Code   RO          401    i.IICwriteBit       iic.o
    0x08001756   0x08001756   0x0000006a   Code   RO          402    i.IICwriteBits      iic.o
    0x080017c0   0x080017c0   0x00000014   Code   RO          403    i.IICwriteByte      iic.o
    0x080017d4   0x080017d4   0x00000046   Code   RO          404    i.IICwriteBytes     iic.o
    0x0800181a   0x0800181a   0x00000002   PAD
    0x0800181c   0x0800181c   0x00000024   Code   RO         1084    i.INFRARED_Init     infrared.o
    0x08001840   0x08001840   0x00000030   Code   RO         4573    i.JTAG_Set          sys.o
    0x08001870   0x08001870   0x00000038   Code   RO          502    i.KEY_Init          key.o
    0x080018a8   0x080018a8   0x00000278   Code   RO          367    i.Kalman_Filter     filter.o
    0x08001b20   0x08001b20   0x0000005c   Code   RO           26    i.Key               control.o
    0x08001b7c   0x08001b7c   0x00000040   Code   RO          537    i.LED_Init          led.o
    0x08001bbc   0x08001bbc   0x00000038   Code   RO          538    i.Led_Flash         led.o
    0x08001bf4   0x08001bf4   0x00000054   Code   RO          503    i.Long_Press        key.o
    0x08001c48   0x08001c48   0x00000028   Code   RO          584    i.MPU6050_initialize  mpu6050.o
    0x08001c70   0x08001c70   0x00000014   Code   RO          585    i.MPU6050_setClockSource  mpu6050.o
    0x08001c84   0x08001c84   0x00000014   Code   RO          586    i.MPU6050_setFullScaleAccelRange  mpu6050.o
    0x08001c98   0x08001c98   0x00000014   Code   RO          587    i.MPU6050_setFullScaleGyroRange  mpu6050.o
    0x08001cac   0x08001cac   0x00000012   Code   RO          588    i.MPU6050_setI2CBypassEnabled  mpu6050.o
    0x08001cbe   0x08001cbe   0x00000012   Code   RO          589    i.MPU6050_setI2CMasterModeEnabled  mpu6050.o
    0x08001cd0   0x08001cd0   0x00000012   Code   RO          590    i.MPU6050_setSleepEnabled  mpu6050.o
    0x08001ce2   0x08001ce2   0x00000002   PAD
    0x08001ce4   0x08001ce4   0x0000006c   Code   RO          348    i.MY_EXTI_Init      exti.o
    0x08001d50   0x08001d50   0x000000ac   Code   RO          560    i.MY_PWM_Init       motor.o
    0x08001dfc   0x08001dfc   0x00000004   Code   RO         4646    i.MemManage_Handler  stm32f10x_it.o
    0x08001e00   0x08001e00   0x0000002c   Code   RO          561    i.My_Motor_Init     motor.o
    0x08001e2c   0x08001e2c   0x00000002   Code   RO         4647    i.NMI_Handler       stm32f10x_it.o
    0x08001e2e   0x08001e2e   0x00000002   PAD
    0x08001e30   0x08001e30   0x00000070   Code   RO         1576    i.NVIC_Init         misc.o
    0x08001ea0   0x08001ea0   0x00000014   Code   RO         1577    i.NVIC_PriorityGroupConfig  misc.o
    0x08001eb4   0x08001eb4   0x0000003e   Code   RO          687    i.OLED2_Clear       oled.o
    0x08001ef2   0x08001ef2   0x00000028   Code   RO          688    i.OLED2_Set_Pos     oled.o
    0x08001f1a   0x08001f1a   0x00000002   PAD
    0x08001f1c   0x08001f1c   0x00000068   Code   RO          689    i.OLED2_ShowCHinese  oled.o
    0x08001f84   0x08001f84   0x000000a4   Code   RO          690    i.OLED2_ShowChar    oled.o
    0x08002028   0x08002028   0x0000003a   Code   RO          692    i.OLED2_ShowString  oled.o
    0x08002062   0x08002062   0x00000018   Code   RO          693    i.OLED2_WR_Byte     oled.o
    0x0800207a   0x0800207a   0x0000003e   Code   RO          694    i.OLED_Clear        oled.o
    0x080020b8   0x080020b8   0x0000000c   Code   RO          695    i.OLED_Clear_ALL    oled.o
    0x080020c4   0x080020c4   0x00000208   Code   RO          696    i.OLED_Init         oled.o
    0x080022cc   0x080022cc   0x00000028   Code   RO          697    i.OLED_Set_Pos      oled.o
    0x080022f4   0x080022f4   0x00000068   Code   RO          698    i.OLED_ShowCHinese  oled.o
    0x0800235c   0x0800235c   0x000000a4   Code   RO          699    i.OLED_ShowChar     oled.o
    0x08002400   0x08002400   0x00000088   Code   RO          700    i.OLED_ShowNum      oled.o
    0x08002488   0x08002488   0x0000003a   Code   RO          701    i.OLED_ShowString   oled.o
    0x080024c2   0x080024c2   0x00000018   Code   RO          702    i.OLED_WR_Byte      oled.o
    0x080024da   0x080024da   0x00000002   Code   RO         4648    i.PendSV_Handler    stm32f10x_it.o
    0x080024dc   0x080024dc   0x000000e8   Code   RO           27    i.Pick_Up           control.o
    0x080025c4   0x080025c4   0x0000008c   Code   RO           28    i.Put_Down          control.o
    0x08002650   0x08002650   0x00000020   Code   RO         3143    i.RCC_APB1PeriphClockCmd  stm32f10x_rcc.o
    0x08002670   0x08002670   0x00000020   Code   RO         3145    i.RCC_APB2PeriphClockCmd  stm32f10x_rcc.o
    0x08002690   0x08002690   0x000000d4   Code   RO         3153    i.RCC_GetClocksFreq  stm32f10x_rcc.o
    0x08002764   0x08002764   0x00000074   Code   RO         1000    i.Read_Distane      timer.o
    0x080027d8   0x080027d8   0x00000038   Code   RO          310    i.Read_Encoder      encoder.o
    0x08002810   0x08002810   0x00000080   Code   RO          592    i.Read_Temperature  mpu6050.o
    0x08002890   0x08002890   0x0000004c   Code   RO          911    i.STMFLASH_ErasePage  stmflash.o
    0x080028dc   0x080028dc   0x0000002c   Code   RO          912    i.STMFLASH_GetStatus  stmflash.o
    0x08002908   0x08002908   0x00000014   Code   RO          913    i.STMFLASH_Lock     stmflash.o
    0x0800291c   0x0800291c   0x00000022   Code   RO          914    i.STMFLASH_Read     stmflash.o
    0x0800293e   0x0800293e   0x00000006   Code   RO          915    i.STMFLASH_ReadHalfWord  stmflash.o
    0x08002944   0x08002944   0x00000018   Code   RO          916    i.STMFLASH_Unlock   stmflash.o
    0x0800295c   0x0800295c   0x0000002a   Code   RO          917    i.STMFLASH_WaitDone  stmflash.o
    0x08002986   0x08002986   0x00000002   PAD
    0x08002988   0x08002988   0x000000e8   Code   RO          918    i.STMFLASH_Write    stmflash.o
    0x08002a70   0x08002a70   0x00000040   Code   RO          919    i.STMFLASH_WriteHalfWord  stmflash.o
    0x08002ab0   0x08002ab0   0x00000026   Code   RO          920    i.STMFLASH_Write_NoCheck  stmflash.o
    0x08002ad6   0x08002ad6   0x00000002   Code   RO         4649    i.SVC_Handler       stm32f10x_it.o
    0x08002ad8   0x08002ad8   0x00000008   Code   RO         4732    i.SetSysClock       system_stm32f10x.o
    0x08002ae0   0x08002ae0   0x000000e0   Code   RO         4733    i.SetSysClockTo72   system_stm32f10x.o
    0x08002bc0   0x08002bc0   0x00000074   Code   RO           29    i.Set_Pwm           control.o
    0x08002c34   0x08002c34   0x00000028   Code   RO         1580    i.SysTick_CLKSourceConfig  misc.o
    0x08002c5c   0x08002c5c   0x00000002   Code   RO         4650    i.SysTick_Handler   stm32f10x_it.o
    0x08002c5e   0x08002c5e   0x00000002   PAD
    0x08002c60   0x08002c60   0x00000060   Code   RO         4735    i.SystemInit        system_stm32f10x.o
    0x08002cc0   0x08002cc0   0x00000080   Code   RO         3761    i.TI1_Config        stm32f10x_tim.o
    0x08002d40   0x08002d40   0x00000098   Code   RO         3762    i.TI2_Config        stm32f10x_tim.o
    0x08002dd8   0x08002dd8   0x00000090   Code   RO         3763    i.TI3_Config        stm32f10x_tim.o
    0x08002e68   0x08002e68   0x00000098   Code   RO         3764    i.TI4_Config        stm32f10x_tim.o
    0x08002f00   0x08002f00   0x00000018   Code   RO          311    i.TIM2_IRQHandler   encoder.o
    0x08002f18   0x08002f18   0x000000bc   Code   RO         1001    i.TIM3_Cap_Init     timer.o
    0x08002fd4   0x08002fd4   0x000000c4   Code   RO         1002    i.TIM3_IRQHandler   timer.o
    0x08003098   0x08003098   0x00000018   Code   RO          312    i.TIM4_IRQHandler   encoder.o
    0x080030b0   0x080030b0   0x00000018   Code   RO         3765    i.TIM_ARRPreloadConfig  stm32f10x_tim.o
    0x080030c8   0x080030c8   0x00000006   Code   RO         3771    i.TIM_ClearFlag     stm32f10x_tim.o
    0x080030ce   0x080030ce   0x00000018   Code   RO         3777    i.TIM_Cmd           stm32f10x_tim.o
    0x080030e6   0x080030e6   0x0000001e   Code   RO         3779    i.TIM_CtrlPWMOutputs  stm32f10x_tim.o
    0x08003104   0x08003104   0x00000042   Code   RO         3786    i.TIM_EncoderInterfaceConfig  stm32f10x_tim.o
    0x08003146   0x08003146   0x00000002   PAD
    0x08003148   0x08003148   0x000000ac   Code   RO         3800    i.TIM_ICInit        stm32f10x_tim.o
    0x080031f4   0x080031f4   0x00000012   Code   RO         3801    i.TIM_ICStructInit  stm32f10x_tim.o
    0x08003206   0x08003206   0x00000012   Code   RO         3802    i.TIM_ITConfig      stm32f10x_tim.o
    0x08003218   0x08003218   0x00000098   Code   RO         3806    i.TIM_OC1Init       stm32f10x_tim.o
    0x080032b0   0x080032b0   0x00000012   Code   RO         3809    i.TIM_OC1PreloadConfig  stm32f10x_tim.o
    0x080032c2   0x080032c2   0x00000002   PAD
    0x080032c4   0x080032c4   0x0000007c   Code   RO         3821    i.TIM_OC4Init       stm32f10x_tim.o
    0x08003340   0x08003340   0x0000001a   Code   RO         3823    i.TIM_OC4PreloadConfig  stm32f10x_tim.o
    0x0800335a   0x0800335a   0x00000004   Code   RO         3842    i.TIM_SetCounter    stm32f10x_tim.o
    0x0800335e   0x0800335e   0x00000012   Code   RO         3843    i.TIM_SetIC1Prescaler  stm32f10x_tim.o
    0x08003370   0x08003370   0x0000001a   Code   RO         3844    i.TIM_SetIC2Prescaler  stm32f10x_tim.o
    0x0800338a   0x0800338a   0x00000012   Code   RO         3845    i.TIM_SetIC3Prescaler  stm32f10x_tim.o
    0x0800339c   0x0800339c   0x0000001a   Code   RO         3846    i.TIM_SetIC4Prescaler  stm32f10x_tim.o
    0x080033b6   0x080033b6   0x00000002   PAD
    0x080033b8   0x080033b8   0x000000a4   Code   RO         3848    i.TIM_TimeBaseInit  stm32f10x_tim.o
    0x0800345c   0x0800345c   0x00000012   Code   RO         3849    i.TIM_TimeBaseStructInit  stm32f10x_tim.o
    0x0800346e   0x0800346e   0x00000002   PAD
    0x08003470   0x08003470   0x00000058   Code   RO           30    i.Turn_Off          control.o
    0x080034c8   0x080034c8   0x000003b8   Code   RO         1032    i.USART3_IRQHandler  usart3.o
    0x08003880   0x08003880   0x00000018   Code   RO         4313    i.USART_Cmd         stm32f10x_usart.o
    0x08003898   0x08003898   0x00000054   Code   RO         4317    i.USART_GetITStatus  stm32f10x_usart.o
    0x080038ec   0x080038ec   0x0000004a   Code   RO         4319    i.USART_ITConfig    stm32f10x_usart.o
    0x08003936   0x08003936   0x00000002   PAD
    0x08003938   0x08003938   0x000000d8   Code   RO         4320    i.USART_Init        stm32f10x_usart.o
    0x08003a10   0x08003a10   0x0000000a   Code   RO         4327    i.USART_ReceiveData  stm32f10x_usart.o
    0x08003a1a   0x08003a1a   0x00000004   Code   RO         4651    i.UsageFault_Handler  stm32f10x_it.o
    0x08003a1e   0x08003a1e   0x00000002   PAD
    0x08003a20   0x08003a20   0x00000058   Code   RO          703    i.Write_IIC_2_Byte  oled.o
    0x08003a78   0x08003a78   0x0000002c   Code   RO          704    i.Write_IIC_2_Command  oled.o
    0x08003aa4   0x08003aa4   0x0000002c   Code   RO          705    i.Write_IIC_2_Data  oled.o
    0x08003ad0   0x08003ad0   0x00000054   Code   RO          706    i.Write_IIC_Byte    oled.o
    0x08003b24   0x08003b24   0x0000002c   Code   RO          707    i.Write_IIC_Command  oled.o
    0x08003b50   0x08003b50   0x0000002c   Code   RO          708    i.Write_IIC_Data    oled.o
    0x08003b7c   0x08003b7c   0x00000074   Code   RO           31    i.Xianfu_Pwm        control.o
    0x08003bf0   0x08003bf0   0x00000028   Code   RO         4945    i.__ARM_fpclassify  m_ws.l(fpclassify.o)
    0x08003c18   0x08003c18   0x000000aa   Code   RO         4947    i.__kernel_poly     m_ws.l(poly.o)
    0x08003cc2   0x08003cc2   0x00000002   PAD
    0x08003cc4   0x08003cc4   0x00000010   Code   RO         4931    i.__mathlib_dbl_divzero  m_ws.l(dunder.o)
    0x08003cd4   0x08003cd4   0x00000006   Code   RO         4932    i.__mathlib_dbl_infnan  m_ws.l(dunder.o)
    0x08003cda   0x08003cda   0x00000004   Code   RO         4933    i.__mathlib_dbl_infnan2  m_ws.l(dunder.o)
    0x08003cde   0x08003cde   0x0000000c   Code   RO         4934    i.__mathlib_dbl_invalid  m_ws.l(dunder.o)
    0x08003cea   0x08003cea   0x0000000e   Code   RO         4935    i.__mathlib_dbl_overflow  m_ws.l(dunder.o)
    0x08003cf8   0x08003cf8   0x00000010   Code   RO         4937    i.__mathlib_dbl_underflow  m_ws.l(dunder.o)
    0x08003d08   0x08003d08   0x00000006   Code   RO         4589    i._sys_exit         usart.o
    0x08003d0e   0x08003d0e   0x00000002   PAD
    0x08003d10   0x08003d10   0x000000ac   Code   RO         1106    i.accel_self_test   inv_mpu.o
    0x08003dbc   0x08003dbc   0x00000220   Code   RO         4922    i.atan              m_ws.l(atan.o)
    0x08003fdc   0x08003fdc   0x00000180   Code   RO         4873    i.atan2             m_ws.l(atan2.o)
    0x0800415c   0x0800415c   0x00000048   Code   RO           32    i.balance           control.o
    0x080041a4   0x080041a4   0x000000d0   Code   RO          505    i.click_N_Double    key.o
    0x08004274   0x08004274   0x00000044   Code   RO         4543    i.delay_init        delay.o
    0x080042b8   0x080042b8   0x0000004c   Code   RO         4544    i.delay_ms          delay.o
    0x08004304   0x08004304   0x0000004c   Code   RO         4545    i.delay_us          delay.o
    0x08004350   0x08004350   0x0000003c   Code   RO         1397    i.dmp_enable_6x_lp_quat  inv_mpu_dmp_motion_driver.o
    0x0800438c   0x0800438c   0x0000021c   Code   RO         1398    i.dmp_enable_feature  inv_mpu_dmp_motion_driver.o
    0x080045a8   0x080045a8   0x00000058   Code   RO         1399    i.dmp_enable_gyro_cal  inv_mpu_dmp_motion_driver.o
    0x08004600   0x08004600   0x0000003c   Code   RO         1400    i.dmp_enable_lp_quat  inv_mpu_dmp_motion_driver.o
    0x0800463c   0x0800463c   0x00000018   Code   RO         1405    i.dmp_load_motion_driver_firmware  inv_mpu_dmp_motion_driver.o
    0x08004654   0x08004654   0x00000130   Code   RO         1409    i.dmp_set_accel_bias  inv_mpu_dmp_motion_driver.o
    0x08004784   0x08004784   0x00000070   Code   RO         1410    i.dmp_set_fifo_rate  inv_mpu_dmp_motion_driver.o
    0x080047f4   0x080047f4   0x00000130   Code   RO         1411    i.dmp_set_gyro_bias  inv_mpu_dmp_motion_driver.o
    0x08004924   0x08004924   0x00000138   Code   RO         1413    i.dmp_set_orientation  inv_mpu_dmp_motion_driver.o
    0x08004a5c   0x08004a5c   0x00000038   Code   RO         1416    i.dmp_set_shake_reject_thresh  inv_mpu_dmp_motion_driver.o
    0x08004a94   0x08004a94   0x00000026   Code   RO         1417    i.dmp_set_shake_reject_time  inv_mpu_dmp_motion_driver.o
    0x08004aba   0x08004aba   0x00000026   Code   RO         1418    i.dmp_set_shake_reject_timeout  inv_mpu_dmp_motion_driver.o
    0x08004ae0   0x08004ae0   0x00000046   Code   RO         1419    i.dmp_set_tap_axes  inv_mpu_dmp_motion_driver.o
    0x08004b26   0x08004b26   0x00000026   Code   RO         1420    i.dmp_set_tap_count  inv_mpu_dmp_motion_driver.o
    0x08004b4c   0x08004b4c   0x000001a0   Code   RO         1421    i.dmp_set_tap_thresh  inv_mpu_dmp_motion_driver.o
    0x08004cec   0x08004cec   0x00000026   Code   RO         1422    i.dmp_set_tap_time  inv_mpu_dmp_motion_driver.o
    0x08004d12   0x08004d12   0x00000026   Code   RO         1423    i.dmp_set_tap_time_multi  inv_mpu_dmp_motion_driver.o
    0x08004d38   0x08004d38   0x00000044   Code   RO         4590    i.fputc             usart.o
    0x08004d7c   0x08004d7c   0x000000b4   Code   RO         1107    i.get_accel_prod_shift  inv_mpu.o
    0x08004e30   0x08004e30   0x00000470   Code   RO         1108    i.get_st_biases     inv_mpu.o
    0x080052a0   0x080052a0   0x00000118   Code   RO         1109    i.gyro_self_test    inv_mpu.o
    0x080053b8   0x080053b8   0x00000076   Code   RO          405    i.i2cRead           iic.o
    0x0800542e   0x0800542e   0x00000060   Code   RO          406    i.i2cWrite          iic.o
    0x0800548e   0x0800548e   0x00000028   Code   RO          593    i.inv_orientation_matrix_to_scalar  mpu6050.o
    0x080054b6   0x080054b6   0x0000004e   Code   RO          594    i.inv_row_2_scale   mpu6050.o
    0x08005504   0x08005504   0x000000b8   Code   RO         4620    i.main              main.o
    0x080055bc   0x080055bc   0x00000070   Code   RO         1110    i.mpu_configure_fifo  inv_mpu.o
    0x0800562c   0x0800562c   0x0000004c   Code   RO         1111    i.mpu_get_accel_fsr  inv_mpu.o
    0x08005678   0x08005678   0x00000054   Code   RO         1113    i.mpu_get_accel_sens  inv_mpu.o
    0x080056cc   0x080056cc   0x00000010   Code   RO         1118    i.mpu_get_fifo_config  inv_mpu.o
    0x080056dc   0x080056dc   0x00000044   Code   RO         1119    i.mpu_get_gyro_fsr  inv_mpu.o
    0x08005720   0x08005720   0x00000050   Code   RO         1121    i.mpu_get_gyro_sens  inv_mpu.o
    0x08005770   0x08005770   0x00000050   Code   RO         1123    i.mpu_get_lpf       inv_mpu.o
    0x080057c0   0x080057c0   0x00000020   Code   RO         1125    i.mpu_get_sample_rate  inv_mpu.o
    0x080057e0   0x080057e0   0x000001f0   Code   RO         1127    i.mpu_init          inv_mpu.o
    0x080059d0   0x080059d0   0x000000b8   Code   RO         1128    i.mpu_load_firmware  inv_mpu.o
    0x08005a88   0x08005a88   0x000000e0   Code   RO         1129    i.mpu_lp_accel_mode  inv_mpu.o
    0x08005b68   0x08005b68   0x00000080   Code   RO         1133    i.mpu_read_mem      inv_mpu.o
    0x08005be8   0x08005be8   0x000001bc   Code   RO         1136    i.mpu_reset_fifo    inv_mpu.o
    0x08005da4   0x08005da4   0x0000011c   Code   RO         1137    i.mpu_run_self_test  inv_mpu.o
    0x08005ec0   0x08005ec0   0x00000084   Code   RO         1139    i.mpu_set_accel_fsr  inv_mpu.o
    0x08005f44   0x08005f44   0x0000014c   Code   RO         1140    i.mpu_set_bypass    inv_mpu.o
    0x08006090   0x08006090   0x00000090   Code   RO         1142    i.mpu_set_dmp_state  inv_mpu.o
    0x08006120   0x08006120   0x00000088   Code   RO         1143    i.mpu_set_gyro_fsr  inv_mpu.o
    0x080061a8   0x080061a8   0x0000006c   Code   RO         1144    i.mpu_set_int_latched  inv_mpu.o
    0x08006214   0x08006214   0x00000084   Code   RO         1146    i.mpu_set_lpf       inv_mpu.o
    0x08006298   0x08006298   0x0000009c   Code   RO         1147    i.mpu_set_sample_rate  inv_mpu.o
    0x08006334   0x08006334   0x000000d0   Code   RO         1148    i.mpu_set_sensors   inv_mpu.o
    0x08006404   0x08006404   0x00000080   Code   RO         1149    i.mpu_write_mem     inv_mpu.o
    0x08006484   0x08006484   0x0000000e   Code   RO           33    i.myabs             control.o
    0x08006492   0x08006492   0x00000002   PAD
    0x08006494   0x08006494   0x00000268   Code   RO          874    i.oled1_show        show.o
    0x080066fc   0x080066fc   0x000001a4   Code   RO          875    i.oled2_show        show.o
    0x080068a0   0x080068a0   0x00000016   Code   RO          709    i.oled_pow          oled.o
    0x080068b6   0x080068b6   0x00000002   PAD
    0x080068b8   0x080068b8   0x000009d8   Code   RO         4881    i.pow               m_ws.l(pow.o)
    0x08007290   0x08007290   0x000000bc   Code   RO          595    i.run_self_test     mpu6050.o
    0x0800734c   0x0800734c   0x00000090   Code   RO         1151    i.set_int_enable    inv_mpu.o
    0x080073dc   0x080073dc   0x0000004c   Code   RO         4951    i.sqrt              m_ws.l(sqrt.o)
    0x08007428   0x08007428   0x0000019c   Code   RO           34    i.turn              control.o
    0x080075c4   0x080075c4   0x000000a8   Code   RO         1033    i.uart3_init        usart3.o
    0x0800766c   0x0800766c   0x00000084   Code   RO         4591    i.uart_init         usart.o
    0x080076f0   0x080076f0   0x0000020c   Code   RO           35    i.velocity          control.o
    0x080078fc   0x080078fc   0x00000062   Code   RO         4812    x$fpl$d2f           fz_ws.l(d2f.o)
    0x0800795e   0x0800795e   0x00000002   PAD
    0x08007960   0x08007960   0x00000150   Code   RO         4814    x$fpl$dadd          fz_ws.l(daddsub_clz.o)
    0x08007ab0   0x08007ab0   0x00000010   Code   RO         4988    x$fpl$dcheck1       fz_ws.l(dcheck1.o)
    0x08007ac0   0x08007ac0   0x00000018   Code   RO         4904    x$fpl$dcmpinf       fz_ws.l(dcmpi.o)
    0x08007ad8   0x08007ad8   0x000002b0   Code   RO         4821    x$fpl$ddiv          fz_ws.l(ddiv.o)
    0x08007d88   0x08007d88   0x0000002e   Code   RO         4829    x$fpl$dflt          fz_ws.l(dflt_clz.o)
    0x08007db6   0x08007db6   0x00000002   PAD
    0x08007db8   0x08007db8   0x00000078   Code   RO         4834    x$fpl$dleqf         fz_ws.l(dleqf.o)
    0x08007e30   0x08007e30   0x00000154   Code   RO         4836    x$fpl$dmul          fz_ws.l(dmul.o)
    0x08007f84   0x08007f84   0x0000009c   Code   RO         4906    x$fpl$dnaninf       fz_ws.l(dnaninf.o)
    0x08008020   0x08008020   0x0000000c   Code   RO         4908    x$fpl$dretinf       fz_ws.l(dretinf.o)
    0x0800802c   0x0800802c   0x0000006c   Code   RO         4910    x$fpl$drleqf        fz_ws.l(drleqf.o)
    0x08008098   0x08008098   0x00000016   Code   RO         4815    x$fpl$drsb          fz_ws.l(daddsub_clz.o)
    0x080080ae   0x080080ae   0x00000002   PAD
    0x080080b0   0x080080b0   0x000001cc   Code   RO         4990    x$fpl$dsqrt         fz_ws.l(dsqrt_noumaal.o)
    0x0800827c   0x0800827c   0x000001d4   Code   RO         4816    x$fpl$dsub          fz_ws.l(daddsub_clz.o)
    0x08008450   0x08008450   0x00000056   Code   RO         4838    x$fpl$f2d           fz_ws.l(f2d.o)
    0x080084a6   0x080084a6   0x00000002   PAD
    0x080084a8   0x080084a8   0x000000c4   Code   RO         4840    x$fpl$fadd          fz_ws.l(faddsub_clz.o)
    0x0800856c   0x0800856c   0x00000018   Code   RO         4912    x$fpl$fcmpinf       fz_ws.l(fcmpi.o)
    0x08008584   0x08008584   0x00000184   Code   RO         4847    x$fpl$fdiv          fz_ws.l(fdiv.o)
    0x08008708   0x08008708   0x00000068   Code   RO         4850    x$fpl$feqf          fz_ws.l(feqf.o)
    0x08008770   0x08008770   0x00000036   Code   RO         4852    x$fpl$ffix          fz_ws.l(ffix.o)
    0x080087a6   0x080087a6   0x00000002   PAD
    0x080087a8   0x080087a8   0x0000003e   Code   RO         4856    x$fpl$ffixu         fz_ws.l(ffixu.o)
    0x080087e6   0x080087e6   0x00000002   PAD
    0x080087e8   0x080087e8   0x00000030   Code   RO         4861    x$fpl$fflt          fz_ws.l(fflt_clz.o)
    0x08008818   0x08008818   0x00000026   Code   RO         4860    x$fpl$ffltu         fz_ws.l(fflt_clz.o)
    0x0800883e   0x0800883e   0x00000002   PAD
    0x08008840   0x08008840   0x00000068   Code   RO         4866    x$fpl$fleqf         fz_ws.l(fleqf.o)
    0x080088a8   0x080088a8   0x00000102   Code   RO         4868    x$fpl$fmul          fz_ws.l(fmul.o)
    0x080089aa   0x080089aa   0x0000008c   Code   RO         4914    x$fpl$fnaninf       fz_ws.l(fnaninf.o)
    0x08008a36   0x08008a36   0x0000000a   Code   RO         4916    x$fpl$fretinf       fz_ws.l(fretinf.o)
    0x08008a40   0x08008a40   0x00000062   Code   RO         4870    x$fpl$frleqf        fz_ws.l(frleqf.o)
    0x08008aa2   0x08008aa2   0x00000014   Code   RO         4841    x$fpl$frsb          fz_ws.l(faddsub_clz.o)
    0x08008ab6   0x08008ab6   0x00000002   PAD
    0x08008ab8   0x08008ab8   0x000000ea   Code   RO         4842    x$fpl$fsub          fz_ws.l(faddsub_clz.o)
    0x08008ba2   0x08008ba2   0x00000064   Code   RO         5009    x$fpl$retnan        fz_ws.l(retnan.o)
    0x08008c06   0x08008c06   0x0000005c   Code   RO         4918    x$fpl$scalbn        fz_ws.l(scalbn.o)
    0x08008c62   0x08008c62   0x00000030   Code   RO         5062    x$fpl$trapveneer    fz_ws.l(trapv.o)
    0x08008c92   0x08008c92   0x00000000   Code   RO         4920    x$fpl$usenofp       fz_ws.l(usenofp.o)
    0x08008c92   0x08008c92   0x00000818   Data   RO          710    .constdata          oled.o
    0x080094aa   0x080094aa   0x00000002   PAD
    0x080094ac   0x080094ac   0x00000050   Data   RO         1152    .constdata          inv_mpu.o
    0x080094fc   0x080094fc   0x00000bf6   Data   RO         1425    .constdata          inv_mpu_dmp_motion_driver.o
    0x0800a0f2   0x0800a0f2   0x00000006   PAD
    0x0800a0f8   0x0800a0f8   0x00000088   Data   RO         4882    .constdata          m_ws.l(pow.o)
    0x0800a180   0x0800a180   0x00000098   Data   RO         4923    .constdata          m_ws.l(atan.o)
    0x0800a218   0x0800a218   0x00000008   Data   RO         4949    .constdata          m_ws.l(qnan.o)
    0x0800a220   0x0800a220   0x0000004e   Data   RO         1153    .conststring        inv_mpu.o
    0x0800a26e   0x0800a26e   0x00000002   PAD
    0x0800a270   0x0800a270   0x00000020   Data   RO         5137    Region$$Table       anon$$obj.o


    Execution Region RW_IRAM1 (Exec base: 0x20000000, Load base: 0x0800a290, Size: 0x00001220, Max: 0x00005000, ABSOLUTE, COMPRESSED[0x0000029c])

    Exec Addr    Load Addr    Size         Type   Attr      Idx    E Section Name        Object

    0x20000000   COMPRESSED   0x0000004c   Data   RW           36    .data               control.o
    0x2000004c   COMPRESSED   0x00000050   Data   RW          369    .data               filter.o
    0x2000009c   COMPRESSED   0x0000000e   Data   RW          506    .data               key.o
    0x200000aa   COMPRESSED   0x00000002   PAD
    0x200000ac   COMPRESSED   0x00000004   Data   RW          539    .data               led.o
    0x200000b0   COMPRESSED   0x00000017   Data   RW          597    .data               mpu6050.o
    0x200000c7   COMPRESSED   0x00000580   Data   RW          711    .data               oled.o
    0x20000647   COMPRESSED   0x00000001   PAD
    0x20000648   COMPRESSED   0x00000009   Data   RW          876    .data               show.o
    0x20000651   COMPRESSED   0x00000001   PAD
    0x20000652   COMPRESSED   0x00000004   Data   RW         1004    .data               timer.o
    0x20000656   COMPRESSED   0x00000002   PAD
    0x20000658   COMPRESSED   0x00000010   Data   RW         1035    .data               usart3.o
    0x20000668   COMPRESSED   0x0000002c   Data   RW         1154    .data               inv_mpu.o
    0x20000694   COMPRESSED   0x00000014   Data   RW         3173    .data               stm32f10x_rcc.o
    0x200006a8   COMPRESSED   0x00000004   Data   RW         4546    .data               delay.o
    0x200006ac   COMPRESSED   0x00000004   Data   RW         4592    .data               usart.o
    0x200006b0   COMPRESSED   0x0000004c   Data   RW         4622    .data               main.o
    0x200006fc   COMPRESSED   0x00000014   Data   RW         4736    .data               system_stm32f10x.o
    0x20000710        -       0x0000002a   Zero   RW          281    .bss                datascope_dp.o
    0x2000073a   COMPRESSED   0x00000002   PAD
    0x2000073c        -       0x00000010   Zero   RW          368    .bss                filter.o
    0x2000074c        -       0x00000400   Zero   RW          922    .bss                stmflash.o
    0x20000b4c        -       0x0000000a   Zero   RW         1003    .bss                timer.o
    0x20000b56        -       0x00000032   Zero   RW         1034    .bss                usart3.o
    0x20000b88        -       0x00000010   Zero   RW         1424    .bss                inv_mpu_dmp_motion_driver.o
    0x20000b98        -       0x00000028   Zero   RW         4621    .bss                main.o
    0x20000bc0        -       0x00000060   Zero   RW         4993    .bss                c_w.l(libspace.o)
    0x20000c20        -       0x00000200   Zero   RW           18    HEAP                startup_stm32f10x_md.o
    0x20000e20        -       0x00000400   Zero   RW           17    STACK               startup_stm32f10x_md.o


==============================================================================

Image component sizes


      Code (inc. data)   RO Data    RW Data    ZI Data      Debug   Object Name

        56          6          0          0          0        488   beep.o
      2634        418          0         76          0     257460   control.o
         0          0          0          0          0       4580   core_cm3.o
       344         34          0          0         42       2810   datascope_dp.o
       220         26          0          4          0       1671   delay.o
       420         24          0          0          0       2771   encoder.o
       108          4          0          0          0        587   exti.o
       632         74          0         80         16       1779   filter.o
      1254         92          0          0          0      10179   iic.o
        36          4          0          0          0        500   infrared.o
      5696        276        158         44          0      29647   inv_mpu.o
      2536        112       3062          0         16      18050   inv_mpu_dmp_motion_driver.o
       348         46          0         14          0       2241   key.o
       120         22          0          4          0        963   led.o
       184         18          0         76         40       2225   main.o
       172         22          0          0          0       2125   misc.o
       216         12          0          0          0       1246   motor.o
      1116        390          0         23          0      22690   mpu6050.o
      2142         84       2072       1408          0      17358   oled.o
      1308        194          0          9          0       2692   show.o
        64         26        236          0       1536        784   startup_stm32f10x_md.o
       148          6          0          0          0       1072   stm32f10x_exti.o
       350          4          0          0          0       3706   stm32f10x_gpio.o
        26          0          0          0          0       3590   stm32f10x_it.o
       276         32          0         20          0       4494   stm32f10x_rcc.o
      1528        180          0          0          0      14733   stm32f10x_tim.o
       408          6          0          0          0       5034   stm32f10x_usart.o
       900        112          0          0       1024       7817   stmflash.o
        48         10          0          0          0        459   sys.o
       328         28          0         20          0       2141   system_stm32f10x.o
       500         50          0          4         10       2128   timer.o
       206         22          0          4          0       3538   usart.o
      1120        110          0         16         50       2186   usart3.o

    ----------------------------------------------------------------------
     25480       2444       5570       1808       2736     433744   Object Totals
         0          0         32          0          0          0   (incl. Generated)
        36          0         10          6          2          0   (incl. Padding)

    ----------------------------------------------------------------------

      Code (inc. data)   RO Data    RW Data    ZI Data      Debug   Library Member Name

        90          0          0          0          0          0   __dczerorl2.o
         8          0          0          0          0         68   __main.o
       104          0          0          0          0         84   __printf.o
         0          0          0          0          0          0   __rtentry.o
        12          0          0          0          0          0   __rtentry2.o
         6          0          0          0          0          0   __rtentry4.o
        52          8          0          0          0          0   __scatter.o
        28          0          0          0          0          0   __scatter_zi.o
        48          6          0          0          0         96   _printf_char_common.o
        36          4          0          0          0         80   _printf_char_file.o
         6          0          0          0          0          0   _printf_d.o
       120         16          0          0          0         92   _printf_dec.o
       178          0          0          0          0         88   _printf_intcommon.o
         0          0          0          0          0          0   _printf_percent.o
         4          0          0          0          0          0   _printf_percent_end.o
        22          0          0          0          0        100   _rserrno.o
        16          0          0          0          0         68   aeabi_memset.o
        18          0          0          0          0         80   exit.o
         8          0          0          0          0         68   ferror.o
         6          0          0          0          0        152   heapauxi.o
         2          0          0          0          0          0   libinit.o
         2          0          0          0          0          0   libinit2.o
         2          0          0          0          0          0   libshutdown.o
         2          0          0          0          0          0   libshutdown2.o
         8          4          0          0         96         68   libspace.o
        72          0          0          0          0         76   llsdiv.o
       238          0          0          0          0        100   lludivv7m.o
        88          0          0          0          0         76   memcmp.o
        24          4          0          0          0         84   noretval__2printf.o
         8          4          0          0          0         68   rt_errno_addr_intlibspace.o
        68          0          0          0          0         68   rt_memclr.o
        78          0          0          0          0         80   rt_memclr_w.o
         2          0          0          0          0          0   rtexit.o
        10          0          0          0          0          0   rtexit2.o
        74          0          0          0          0         80   sys_stackheap_outer.o
         2          0          0          0          0         68   use_no_semi.o
         2          0          0          0          0         68   use_no_semi_2.o
        98          4          0          0          0         92   d2f.o
       826         16          0          0          0        348   daddsub_clz.o
        16          4          0          0          0         68   dcheck1.o
        24          0          0          0          0         68   dcmpi.o
       688        140          0          0          0        208   ddiv.o
        46          0          0          0          0         68   dflt_clz.o
       120          4          0          0          0         92   dleqf.o
       340         12          0          0          0        104   dmul.o
       156          4          0          0          0         92   dnaninf.o
        12          0          0          0          0         68   dretinf.o
       108          0          0          0          0         80   drleqf.o
       460         56          0          0          0        120   dsqrt_noumaal.o
        86          4          0          0          0         84   f2d.o
       450          8          0          0          0        236   faddsub_clz.o
        24          0          0          0          0         68   fcmpi.o
       388         76          0          0          0         96   fdiv.o
       104          4          0          0          0         84   feqf.o
        54          4          0          0          0         84   ffix.o
        62          4          0          0          0         84   ffixu.o
        86          0          0          0          0        136   fflt_clz.o
       104          4          0          0          0         84   fleqf.o
       258          4          0          0          0         84   fmul.o
       140          4          0          0          0         84   fnaninf.o
        10          0          0          0          0         68   fretinf.o
        98          0          0          0          0         68   frleqf.o
       100          0          0          0          0         68   retnan.o
        92          0          0          0          0         68   scalbn.o
        48          0          0          0          0         68   trapv.o
         0          0          0          0          0          0   usenofp.o
       544         70        152          0          0        124   atan.o
       384         38          0          0          0        144   atan2.o
        68         10          0          0          0        408   dunder.o
        40          0          0          0          0         68   fpclassify.o
       170          0          0          0          0         96   poly.o
      2520        190        136          0          0        324   pow.o
         0          0          8          0          0          0   qnan.o
        76          0          0          0          0         84   sqrt.o

    ----------------------------------------------------------------------
     10270        706        296          0         96       5932   Library Totals
        26          0          0          0          0          0   (incl. Padding)

    ----------------------------------------------------------------------

      Code (inc. data)   RO Data    RW Data    ZI Data      Debug   Library Name

      1444         46          0          0         96       1812   c_w.l
      4998        352          0          0          0       2872   fz_ws.l
      3802        308        296          0          0       1248   m_ws.l

    ----------------------------------------------------------------------
     10270        706        296          0         96       5932   Library Totals

    ----------------------------------------------------------------------

==============================================================================


      Code (inc. data)   RO Data    RW Data    ZI Data      Debug   

     35750       3150       5866       1808       2832     425632   Grand Totals
     35750       3150       5866        668       2832     425632   ELF Image Totals (compressed)
     35750       3150       5866        668          0          0   ROM Totals

==============================================================================

    Total RO  Size (Code + RO Data)                41616 (  40.64kB)
    Total RW  Size (RW Data + ZI Data)              4640 (   4.53kB)
    Total ROM Size (Code + RO Data + RW Data)      42284 (  41.29kB)

==============================================================================

