Component: ARM Compiler 5.05 update 1 (build 106) Tool: armlink [4d0efa]

==============================================================================

Section Cross References

    startup_stm32f10x_hd.o(RESET) refers to startup_stm32f10x_hd.o(STACK) for __initial_sp
    startup_stm32f10x_hd.o(RESET) refers to startup_stm32f10x_hd.o(.text) for Reset_Handler
    startup_stm32f10x_hd.o(RESET) refers to stm32f10x_it.o(.text) for NMI_Handler
    startup_stm32f10x_hd.o(.text) refers to system_stm32f10x.o(.text) for SystemInit
    startup_stm32f10x_hd.o(.text) refers to entry.o(.ARM.Collect$$$$00000000) for __main
    system_stm32f10x.o(.text) refers to system_stm32f10x.o(.data) for SystemCoreClock
    stm32f10x_adc.o(.text) refers to stm32f10x_rcc.o(.text) for RCC_APB2PeriphResetCmd
    stm32f10x_bkp.o(.text) refers to stm32f10x_rcc.o(.text) for RCC_BackupResetCmd
    stm32f10x_can.o(.text) refers to stm32f10x_rcc.o(.text) for RCC_APB1PeriphResetCmd
    stm32f10x_cec.o(.text) refers to stm32f10x_rcc.o(.text) for RCC_APB1PeriphResetCmd
    stm32f10x_dac.o(.text) refers to stm32f10x_rcc.o(.text) for RCC_APB1PeriphResetCmd
    stm32f10x_gpio.o(.text) refers to stm32f10x_rcc.o(.text) for RCC_APB2PeriphResetCmd
    stm32f10x_i2c.o(.text) refers to stm32f10x_rcc.o(.text) for RCC_APB1PeriphResetCmd
    stm32f10x_pwr.o(.text) refers to stm32f10x_rcc.o(.text) for RCC_APB1PeriphResetCmd
    stm32f10x_rcc.o(.text) refers to stm32f10x_rcc.o(.data) for APBAHBPrescTable
    stm32f10x_spi.o(.text) refers to stm32f10x_rcc.o(.text) for RCC_APB2PeriphResetCmd
    stm32f10x_tim.o(.text) refers to stm32f10x_rcc.o(.text) for RCC_APB2PeriphResetCmd
    stm32f10x_usart.o(.text) refers to stm32f10x_rcc.o(.text) for RCC_APB2PeriphResetCmd
    stm32f10x_wwdg.o(.text) refers to stm32f10x_rcc.o(.text) for RCC_APB1PeriphResetCmd
    main.o(.text) refers to delay.o(.text) for delay_init
    main.o(.text) refers to oled.o(.text) for OLED_Init
    main.o(.text) refers to mpu6050.o(.text) for MPU_Init
    main.o(.text) refers to motor.o(.text) for MiniBalance_PWM_Init
    main.o(.text) refers to inv_mpu.o(.text) for mpu_dmp_init
    main.o(.text) refers to inv_mpu.o(.data) for Pitch
    stm32f10x_it.o(.text) refers to stm32f10x_tim.o(.text) for TIM_GetITStatus
    stm32f10x_it.o(.text) refers to main.o(.data) for time
    bsp_led.o(.text) refers to stm32f10x_rcc.o(.text) for RCC_APB2PeriphClockCmd
    bsp_led.o(.text) refers to stm32f10x_gpio.o(.text) for GPIO_Init
    bsp_timbase.o(.text) refers to misc.o(.text) for NVIC_PriorityGroupConfig
    bsp_timbase.o(.text) refers to stm32f10x_rcc.o(.text) for RCC_APB1PeriphClockCmd
    bsp_timbase.o(.text) refers to stm32f10x_tim.o(.text) for TIM_TimeBaseInit
    oled.o(.text) refers to stm32f10x_gpio.o(.text) for GPIO_SetBits
    oled.o(.text) refers to f2d.o(.text) for __aeabi_f2d
    oled.o(.text) refers to cdcmple.o(.text) for __aeabi_cdcmple
    oled.o(.text) refers to ffixui.o(.text) for __aeabi_f2uiz
    oled.o(.text) refers to ffltui.o(.text) for __aeabi_ui2f
    oled.o(.text) refers to fadd.o(.text) for __aeabi_frsub
    oled.o(.text) refers to fmul.o(.text) for __aeabi_fmul
    oled.o(.text) refers to cfrcmple.o(.text) for __aeabi_cfrcmple
    oled.o(.text) refers to oled.o(.constdata) for F8X16
    oled.o(.text) refers to oled.o(.data) for Hzk
    oled.o(.text) refers to stm32f10x_rcc.o(.text) for RCC_APB2PeriphClockCmd
    inv_mpu.o(.text) refers to mpu6050.o(.text) for MPU_Write_Len
    inv_mpu.o(.text) refers to printf8.o(i.__0printf$8) for __2printf
    inv_mpu.o(.text) refers to delay.o(.text) for delay_ms
    inv_mpu.o(.text) refers to inv_mpu.o(.data) for st
    inv_mpu.o(.text) refers to ffltui.o(.text) for __aeabi_ui2f
    inv_mpu.o(.text) refers to fflti.o(.text) for __aeabi_i2f
    inv_mpu.o(.text) refers to fadd.o(.text) for __aeabi_fsub
    inv_mpu.o(.text) refers to fdiv.o(.text) for __aeabi_fdiv
    inv_mpu.o(.text) refers to fmul.o(.text) for __aeabi_fmul
    inv_mpu.o(.text) refers to ffixi.o(.text) for __aeabi_f2iz
    inv_mpu.o(.text) refers to cfcmple.o(.text) for __aeabi_cfcmpeq
    inv_mpu.o(.text) refers to cfrcmple.o(.text) for __aeabi_cfrcmple
    inv_mpu.o(.text) refers to inv_mpu.o(.constdata) for test
    inv_mpu.o(.text) refers to ldiv.o(.text) for __aeabi_ldivmod
    inv_mpu.o(.text) refers to memcmp.o(.text) for memcmp
    inv_mpu.o(.text) refers to inv_mpu_dmp_motion_driver.o(.text) for dmp_set_gyro_bias
    inv_mpu.o(.text) refers to sim_iic.o(.text) for IIC_Init
    inv_mpu.o(.text) refers to f2d.o(.text) for __aeabi_f2d
    inv_mpu.o(.text) refers to asin.o(i.asin) for asin
    inv_mpu.o(.text) refers to dmul.o(.text) for __aeabi_dmul
    inv_mpu.o(.text) refers to d2f.o(.text) for __aeabi_d2f
    inv_mpu.o(.text) refers to atan2.o(i.atan2) for atan2
    inv_mpu.o(.data) refers to inv_mpu.o(.constdata) for reg
    inv_mpu_dmp_motion_driver.o(.text) refers to inv_mpu.o(.text) for mpu_load_firmware
[...]
    atan_x.o(i.__atan$lsc) refers (Special) to iusefp.o(.text) for __I$use$fp
    atan_x.o(i.__atan$lsc) refers to dunder.o(i.__mathlib_dbl_infnan) for __mathlib_dbl_infnan
    atan_x.o(i.__atan$lsc) refers to dadd.o(.text) for __aeabi_dadd
    atan_x.o(i.__atan$lsc) refers to dscalb.o(.text) for __ARM_scalbn
    atan_x.o(i.__atan$lsc) refers to ddiv.o(.text) for __aeabi_ddiv
    atan_x.o(i.__atan$lsc) refers to dmul.o(.text) for __aeabi_dmul
    atan_x.o(i.__atan$lsc) refers to poly.o(i.__kernel_poly) for __kernel_poly
    atan_x.o(i.__atan$lsc) refers to atan_x.o(.constdata) for .constdata
    atan_x.o(.constdata) refers (Special) to iusefp.o(.text) for __I$use$fp
    dunder.o(i.__mathlib_dbl_divzero) refers to ddiv.o(.text) for __aeabi_ddiv
    dunder.o(i.__mathlib_dbl_infnan) refers to dscalb.o(.text) for __ARM_scalbn
    dunder.o(i.__mathlib_dbl_infnan2) refers to dadd.o(.text) for __aeabi_dadd
    dunder.o(i.__mathlib_dbl_invalid) refers to ddiv.o(.text) for __aeabi_ddiv
    dunder.o(i.__mathlib_dbl_overflow) refers to dscalb.o(.text) for __ARM_scalbn
    dunder.o(i.__mathlib_dbl_posinfnan) refers to dmul.o(.text) for __aeabi_dmul
    dunder.o(i.__mathlib_dbl_underflow) refers to dscalb.o(.text) for __ARM_scalbn
    fpclassify.o(i.__ARM_fpclassify) refers (Special) to iusefp.o(.text) for __I$use$fp
    poly.o(i.__kernel_poly) refers (Special) to iusefp.o(.text) for __I$use$fp
    poly.o(i.__kernel_poly) refers to dmul.o(.text) for __aeabi_dmul
    poly.o(i.__kernel_poly) refers to dadd.o(.text) for __aeabi_dadd
    qnan.o(.constdata) refers (Special) to iusefp.o(.text) for __I$use$fp
    sqrt.o(i.__softfp_sqrt) refers (Special) to iusefp.o(.text) for __I$use$fp
    sqrt.o(i.__softfp_sqrt) refers to dsqrt.o(.text) for _dsqrt
    sqrt.o(i.__softfp_sqrt) refers to errno.o(i.__set_errno) for __set_errno
    sqrt.o(i.sqrt) refers (Special) to iusefp.o(.text) for __I$use$fp
    sqrt.o(i.sqrt) refers to dsqrt.o(.text) for _dsqrt
    sqrt.o(i.sqrt) refers to errno.o(i.__set_errno) for __set_errno
    sqrt_x.o(i.____softfp_sqrt$lsc) refers (Special) to iusefp.o(.text) for __I$use$fp
    sqrt_x.o(i.____softfp_sqrt$lsc) refers to cdcmple.o(.text) for __aeabi_cdcmple
    sqrt_x.o(i.____softfp_sqrt$lsc) refers to errno.o(i.__set_errno) for __set_errno
    sqrt_x.o(i.____softfp_sqrt$lsc) refers to dsqrt.o(.text) for _dsqrt
    sqrt_x.o(i.__sqrt$lsc) refers (Special) to iusefp.o(.text) for __I$use$fp
    sqrt_x.o(i.__sqrt$lsc) refers to cdcmple.o(.text) for __aeabi_cdcmple
    sqrt_x.o(i.__sqrt$lsc) refers to errno.o(i.__set_errno) for __set_errno
    sqrt_x.o(i.__sqrt$lsc) refers to dsqrt.o(.text) for _dsqrt
    entry2.o(.ARM.Collect$$$$00000001) refers to entry2.o(.ARM.Collect$$$$00002712) for __lit__00000000
    entry2.o(.ARM.Collect$$$$00002712) refers to startup_stm32f10x_hd.o(STACK) for __initial_sp
    entry2.o(__vectab_stack_and_reset_area) refers to startup_stm32f10x_hd.o(STACK) for __initial_sp
    entry2.o(__vectab_stack_and_reset_area) refers to entry.o(.ARM.Collect$$$$00000000) for __main
    entry5.o(.ARM.Collect$$$$00000004) refers to init.o(.text) for __scatterload
    entry9a.o(.ARM.Collect$$$$0000000B) refers to main.o(.text) for main
    entry9b.o(.ARM.Collect$$$$0000000C) refers to main.o(.text) for main
    fputc.o(i.fputc) refers (Special) to iusesemip.o(.text) for __I$use$semihosting$fputc
    fputc.o(i.fputc) refers (Special) to semi.o(.text) for __semihosting_library_function
    uldiv.o(.text) refers to llushr.o(.text) for __aeabi_llsr
    uldiv.o(.text) refers to llshl.o(.text) for __aeabi_llsl
    errno.o(i.__aeabi_errno_addr) refers to errno.o(.data) for .data
    errno.o(i.__read_errno) refers to errno.o(.data) for .data
    errno.o(i.__set_errno) refers to errno.o(.data) for .data
    depilogue.o(.text) refers to llshl.o(.text) for __aeabi_llsl
    depilogue.o(.text) refers to llushr.o(.text) for __aeabi_llsr
    dfixul.o(.text) refers to llushr.o(.text) for __aeabi_llsr
    dfixul.o(.text) refers to llshl.o(.text) for __aeabi_llsl
    init.o(.text) refers to entry5.o(.ARM.Collect$$$$00000004) for __main_after_scatterload
    dsqrt.o(.text) refers to llushr.o(.text) for __aeabi_llsr
    dsqrt.o(.text) refers to depilogue.o(.text) for _double_round


==============================================================================

Removing Unused input sections from the image.

    Removing startup_stm32f10x_hd.o(HEAP), (512 bytes).
    Removing core_cm3.o(.emb_text), (32 bytes).
    Removing stm32f10x_adc.o(.text), (1102 bytes).
    Removing stm32f10x_bkp.o(.text), (196 bytes).
    Removing stm32f10x_can.o(.text), (2544 bytes).
    Removing stm32f10x_cec.o(.text), (288 bytes).
    Removing stm32f10x_crc.o(.text), (72 bytes).
    Removing stm32f10x_dac.o(.text), (396 bytes).
    Removing stm32f10x_dbgmcu.o(.text), (48 bytes).
    Removing stm32f10x_dma.o(.text), (596 bytes).
    Removing stm32f10x_exti.o(.text), (284 bytes).
    Removing stm32f10x_flash.o(.text), (1468 bytes).
    Removing stm32f10x_fsmc.o(.text), (1548 bytes).
    Removing stm32f10x_i2c.o(.text), (1028 bytes).
    Removing stm32f10x_iwdg.o(.text), (64 bytes).
    Removing stm32f10x_pwr.o(.text), (204 bytes).
    Removing stm32f10x_rtc.o(.text), (328 bytes).
    Removing stm32f10x_sdio.o(.text), (468 bytes).
    Removing stm32f10x_spi.o(.text), (780 bytes).
    Removing stm32f10x_usart.o(.text), (1032 bytes).
    Removing stm32f10x_wwdg.o(.text), (136 bytes).
    Removing bsp_led.o(.text), (96 bytes).
    Removing bsp_timbase.o(.text), (120 bytes).
    Removing dfixul.o(.text), (48 bytes).
    Removing cdrcmple.o(.text), (48 bytes).

25 unused section(s) (total 13438 bytes) removed from the image.

==============================================================================

Image Symbol Table

    Local Symbols

    Symbol Name                              Value     Ov Type        Size  Object(Section)

    ../clib/../cmprslib/zerorunl2.c          0x00000000   Number         0  __dczerorl2.o ABSOLUTE
    ../clib/microlib/division.c              0x00000000   Number         0  ldiv.o ABSOLUTE
    ../clib/microlib/division.c              0x00000000   Number         0  uidiv.o ABSOLUTE
    ../clib/microlib/division.c              0x00000000   Number         0  uldiv.o ABSOLUTE
    ../clib/microlib/errno.c                 0x00000000   Number         0  errno.o ABSOLUTE
    ../clib/microlib/init/entry.s            0x00000000   Number         0  entry8a.o ABSOLUTE
    ../clib/microlib/init/entry.s            0x00000000   Number         0  entry9a.o ABSOLUTE
    ../clib/microlib/init/entry.s            0x00000000   Number         0  entry9b.o ABSOLUTE
    ../clib/microlib/init/entry.s            0x00000000   Number         0  entry8b.o ABSOLUTE
    ../clib/microlib/init/entry.s            0x00000000   Number         0  entry10b.o ABSOLUTE
    ../clib/microlib/init/entry.s            0x00000000   Number         0  entry.o ABSOLUTE
    ../clib/microlib/init/entry.s            0x00000000   Number         0  entry11a.o ABSOLUTE
    ../clib/microlib/init/entry.s            0x00000000   Number         0  entry11b.o ABSOLUTE
    ../clib/microlib/init/entry.s            0x00000000   Number         0  entry10a.o ABSOLUTE
    ../clib/microlib/init/entry.s            0x00000000   Number         0  entry2.o ABSOLUTE
    ../clib/microlib/init/entry.s            0x00000000   Number         0  entry5.o ABSOLUTE
    ../clib/microlib/init/entry.s            0x00000000   Number         0  entry7a.o ABSOLUTE
    ../clib/microlib/init/entry.s            0x00000000   Number         0  entry7b.o ABSOLUTE
    ../clib/microlib/longlong.c              0x00000000   Number         0  llushr.o ABSOLUTE
    ../clib/microlib/longlong.c              0x00000000   Number         0  llshl.o ABSOLUTE
    ../clib/microlib/longlong.c              0x00000000   Number         0  llsshr.o ABSOLUTE
    ../clib/microlib/printf/printf.c         0x00000000   Number         0  printf7.o ABSOLUTE
    ../clib/microlib/printf/printf.c         0x00000000   Number         0  printf5.o ABSOLUTE
    ../clib/microlib/printf/printf.c         0x00000000   Number         0  printf8.o ABSOLUTE
    ../clib/microlib/printf/printf.c         0x00000000   Number         0  printf6.o ABSOLUTE
    ../clib/microlib/printf/printf.c         0x00000000   Number         0  printfa.o ABSOLUTE
    ../clib/microlib/printf/printf.c         0x00000000   Number         0  printfb.o ABSOLUTE
    ../clib/microlib/printf/printf.c         0x00000000   Number         0  printf0.o ABSOLUTE
    ../clib/microlib/printf/printf.c         0x00000000   Number         0  printf1.o ABSOLUTE
    ../clib/microlib/printf/printf.c         0x00000000   Number         0  printf2.o ABSOLUTE
    ../clib/microlib/printf/printf.c         0x00000000   Number         0  printf3.o ABSOLUTE
    ../clib/microlib/printf/printf.c         0x00000000   Number         0  printf4.o ABSOLUTE
    ../clib/microlib/printf/stubs.s          0x00000000   Number         0  stubs.o ABSOLUTE
    ../clib/microlib/stdio/fputc.c           0x00000000   Number         0  fputc.o ABSOLUTE
    ../clib/microlib/stdio/semi.s            0x00000000   Number         0  semi.o ABSOLUTE
    ../clib/microlib/stdio/streams.c         0x00000000   Number         0  stdout.o ABSOLUTE
    ../clib/microlib/string/memcmp.c         0x00000000   Number         0  memcmp.o ABSOLUTE
    ../clib/microlib/string/memset.c         0x00000000   Number         0  memseta.o ABSOLUTE
    ../clib/microlib/stubs.s                 0x00000000   Number         0  iusesemip.o ABSOLUTE
    ../clib/microlib/stubs.s                 0x00000000   Number         0  iusefp.o ABSOLUTE
    ../fplib/microlib/d2f.c                  0x00000000   Number         0  d2f.o ABSOLUTE
    ../fplib/microlib/f2d.c                  0x00000000   Number         0  f2d.o ABSOLUTE
    ../fplib/microlib/fpadd.c                0x00000000   Number         0  dadd.o ABSOLUTE
    ../fplib/microlib/fpadd.c                0x00000000   Number         0  fadd.o ABSOLUTE
    ../fplib/microlib/fpdiv.c                0x00000000   Number         0  fdiv.o ABSOLUTE
    ../fplib/microlib/fpdiv.c                0x00000000   Number         0  ddiv.o ABSOLUTE
    ../fplib/microlib/fpepilogue.c           0x00000000   Number         0  depilogue.o ABSOLUTE
    ../fplib/microlib/fpepilogue.c           0x00000000   Number         0  fepilogue.o ABSOLUTE
    ../fplib/microlib/fpfix.c                0x00000000   Number         0  ffixui.o ABSOLUTE
    ../fplib/microlib/fpfix.c                0x00000000   Number         0  ffixi.o ABSOLUTE
    ../fplib/microlib/fpfix.c                0x00000000   Number         0  dfixul.o ABSOLUTE
    ../fplib/microlib/fpflt.c                0x00000000   Number         0  fflti.o ABSOLUTE
    ../fplib/microlib/fpflt.c                0x00000000   Number         0  ffltui.o ABSOLUTE
    ../fplib/microlib/fpflt.c                0x00000000   Number         0  dflti.o ABSOLUTE
    ../fplib/microlib/fpmul.c                0x00000000   Number         0  fmul.o ABSOLUTE
    ../fplib/microlib/fpmul.c                0x00000000   Number         0  dmul.o ABSOLUTE
    ../fplib/microlib/fpscalb.c              0x00000000   Number         0  dscalb.o ABSOLUTE
    ../fplib/microlib/fpsqrt.c               0x00000000   Number         0  dsqrt.o ABSOLUTE
    ../mathlib/asin.c                        0x00000000   Number         0  asin_x.o ABSOLUTE
    ../mathlib/asin.c                        0x00000000   Number         0  asin.o ABSOLUTE
    ../mathlib/atan.c                        0x00000000   Number         0  atan_x.o ABSOLUTE
    ../mathlib/atan.c                        0x00000000   Number         0  atan.o ABSOLUTE
    ../mathlib/atan2.c                       0x00000000   Number         0  atan2_x.o ABSOLUTE
    ../mathlib/atan2.c                       0x00000000   Number         0  atan2.o ABSOLUTE
    ../mathlib/dunder.c                      0x00000000   Number         0  dunder.o ABSOLUTE
    ../mathlib/fpclassify.c                  0x00000000   Number         0  fpclassify.o ABSOLUTE
    ../mathlib/poly.c                        0x00000000   Number         0  poly.o ABSOLUTE
    ../mathlib/qnan.c                        0x00000000   Number         0  qnan.o ABSOLUTE
    ../mathlib/sqrt.c                        0x00000000   Number         0  sqrt_x.o ABSOLUTE
    ../mathlib/sqrt.c                        0x00000000   Number         0  sqrt.o ABSOLUTE
    ..\..\Libraries\CMSIS\core_cm3.c         0x00000000   Number         0  core_cm3.o ABSOLUTE
    ..\..\Libraries\CMSIS\startup\startup_stm32f10x_hd.s 0x00000000   Number         0  startup_stm32f10x_hd.o ABSOLUTE
    ..\..\Libraries\CMSIS\system_stm32f10x.c 0x00000000   Number         0  system_stm32f10x.o ABSOLUTE
    ..\..\Libraries\FWlib\src\misc.c         0x00000000   Number         0  misc.o ABSOLUTE
    ..\..\Libraries\FWlib\src\stm32f10x_adc.c 0x00000000   Number         0  stm32f10x_adc.o ABSOLUTE
    ..\..\Libraries\FWlib\src\stm32f10x_bkp.c 0x00000000   Number         0  stm32f10x_bkp.o ABSOLUTE
    ..\..\Libraries\FWlib\src\stm32f10x_can.c 0x00000000   Number         0  stm32f10x_can.o ABSOLUTE
    ..\..\Libraries\FWlib\src\stm32f10x_cec.c 0x00000000   Number         0  stm32f10x_cec.o ABSOLUTE
    ..\..\Libraries\FWlib\src\stm32f10x_crc.c 0x00000000   Number         0  stm32f10x_crc.o ABSOLUTE
    ..\..\Libraries\FWlib\src\stm32f10x_dac.c 0x00000000   Number         0  stm32f10x_dac.o ABSOLUTE
    ..\..\Libraries\FWlib\src\stm32f10x_dbgmcu.c 0x00000000   Number         0  stm32f10x_dbgmcu.o ABSOLUTE
    ..\..\Libraries\FWlib\src\stm32f10x_dma.c 0x00000000   Number         0  stm32f10x_dma.o ABSOLUTE
    ..\..\Libraries\FWlib\src\stm32f10x_exti.c 0x00000000   Number         0  stm32f10x_exti.o ABSOLUTE
    ..\..\Libraries\FWlib\src\stm32f10x_flash.c 0x00000000   Number         0  stm32f10x_flash.o ABSOLUTE
    ..\..\Libraries\FWlib\src\stm32f10x_fsmc.c 0x00000000   Number         0  stm32f10x_fsmc.o ABSOLUTE
    ..\..\Libraries\FWlib\src\stm32f10x_gpio.c 0x00000000   Number         0  stm32f10x_gpio.o ABSOLUTE
    ..\..\Libraries\FWlib\src\stm32f10x_i2c.c 0x00000000   Number         0  stm32f10x_i2c.o ABSOLUTE
    ..\..\Libraries\FWlib\src\stm32f10x_iwdg.c 0x00000000   Number         0  stm32f10x_iwdg.o ABSOLUTE
    ..\..\Libraries\FWlib\src\stm32f10x_pwr.c 0x00000000   Number         0  stm32f10x_pwr.o ABSOLUTE
    ..\..\Libraries\FWlib\src\stm32f10x_rcc.c 0x00000000   Number         0  stm32f10x_rcc.o ABSOLUTE
    ..\..\Libraries\FWlib\src\stm32f10x_rtc.c 0x00000000   Number         0  stm32f10x_rtc.o ABSOLUTE
    ..\..\Libraries\FWlib\src\stm32f10x_sdio.c 0x00000000   Number         0  stm32f10x_sdio.o ABSOLUTE
    ..\..\Libraries\FWlib\src\stm32f10x_spi.c 0x00000000   Number         0  stm32f10x_spi.o ABSOLUTE
    ..\..\Libraries\FWlib\src\stm32f10x_tim.c 0x00000000   Number         0  stm32f10x_tim.o ABSOLUTE
    ..\..\Libraries\FWlib\src\stm32f10x_usart.c 0x00000000   Number         0  stm32f10x_usart.o ABSOLUTE
    ..\..\Libraries\FWlib\src\stm32f10x_wwdg.c 0x00000000   Number         0  stm32f10x_wwdg.o ABSOLUTE
    ..\..\User\Led\bsp_led.c                 0x00000000   Number         0  bsp_led.o ABSOLUTE
    ..\..\User\TimBase\bsp_TiMbase.c         0x00000000   Number         0  bsp_timbase.o ABSOLUTE
    ..\..\User\delay.c                       0x00000000   Number         0  delay.o ABSOLUTE
    ..\..\User\inv_mpu.c                     0x00000000   Number         0  inv_mpu.o ABSOLUTE
    ..\..\User\inv_mpu_dmp_motion_driver.c   0x00000000   Number         0  inv_mpu_dmp_motion_driver.o ABSOLUTE
    ..\..\User\main.c                        0x00000000   Number         0  main.o ABSOLUTE
    ..\..\User\motor.c                       0x00000000   Number         0  motor.o ABSOLUTE
    ..\..\User\mpu6050.c                     0x00000000   Number         0  mpu6050.o ABSOLUTE
    ..\..\User\oled.c                        0x00000000   Number         0  oled.o ABSOLUTE
    ..\..\User\sim_iic.c                     0x00000000   Number         0  sim_iic.o ABSOLUTE
    ..\..\User\stm32f10x_it.c                0x00000000   Number         0  stm32f10x_it.o ABSOLUTE
    ..\\..\\Libraries\\CMSIS\\core_cm3.c     0x00000000   Number         0  core_cm3.o ABSOLUTE
    cdcmple.s                                0x00000000   Number         0  cdcmple.o ABSOLUTE
    cdrcmple.s                               0x00000000   Number         0  cdrcmple.o ABSOLUTE
    cfcmple.s                                0x00000000   Number         0  cfcmple.o ABSOLUTE
    cfrcmple.s                               0x00000000   Number         0  cfrcmple.o ABSOLUTE
    dc.s                                     0x00000000   Number         0  dc.o ABSOLUTE
    handlers.s                               0x00000000   Number         0  handlers.o ABSOLUTE
    init.s                                   0x00000000   Number         0  init.o ABSOLUTE
    RESET                                    0x08000000   Section      304  startup_stm32f10x_hd.o(RESET)
    .ARM.Collect$$$$00000000                 0x08000130   Section        0  entry.o(.ARM.Collect$$$$00000000)
    .ARM.Collect$$$$00000001                 0x08000130   Section        4  entry2.o(.ARM.Collect$$$$00000001)
    .ARM.Collect$$$$00000004                 0x08000134   Section        4  entry5.o(.ARM.Collect$$$$00000004)
    .ARM.Collect$$$$00000008                 0x08000138   Section        0  entry7b.o(.ARM.Collect$$$$00000008)
    .ARM.Collect$$$$0000000A                 0x08000138   Section        0  entry8b.o(.ARM.Collect$$$$0000000A)
    .ARM.Collect$$$$0000000B                 0x08000138   Section        8  entry9a.o(.ARM.Collect$$$$0000000B)
    .ARM.Collect$$$$0000000D                 0x08000140   Section        0  entry10a.o(.ARM.Collect$$$$0000000D)
    .ARM.Collect$$$$0000000F                 0x08000140   Section        0  entry11a.o(.ARM.Collect$$$$0000000F)
    .ARM.Collect$$$$00002712                 0x08000140   Section        4  entry2.o(.ARM.Collect$$$$00002712)
    __lit__00000000                          0x08000140   Data           4  entry2.o(.ARM.Collect$$$$00002712)
    .text                                    0x08000144   Section       36  startup_stm32f10x_hd.o(.text)
    .text                                    0x08000168   Section        0  system_stm32f10x.o(.text)
    SetSysClockTo72                          0x08000169   Thumb Code   214  system_stm32f10x.o(.text)
    SetSysClock                              0x0800023f   Thumb Code     8  system_stm32f10x.o(.text)
    .text                                    0x08000348   Section        0  misc.o(.text)
    .text                                    0x08000424   Section        0  stm32f10x_gpio.o(.text)
    .text                                    0x08000780   Section        0  stm32f10x_rcc.o(.text)
    .text                                    0x08000b24   Section        0  stm32f10x_tim.o(.text)
    TI4_Config                               0x08000fcb   Thumb Code   130  stm32f10x_tim.o(.text)
    TI3_Config                               0x0800105f   Thumb Code   122  stm32f10x_tim.o(.text)
    TI2_Config                               0x080010f3   Thumb Code   130  stm32f10x_tim.o(.text)
    TI1_Config                               0x08001187   Thumb Code   108  stm32f10x_tim.o(.text)
    .text                                    0x08001940   Section        0  main.o(.text)
    .text                                    0x080019ac   Section        0  stm32f10x_it.o(.text)
    .text                                    0x080019f0   Section        0  oled.o(.text)
    .text                                    0x08002008   Section        0  inv_mpu.o(.text)
    set_int_enable                           0x08002009   Thumb Code   138  inv_mpu.o(.text)
    get_accel_prod_shift                     0x08003249   Thumb Code   168  inv_mpu.o(.text)
    accel_self_test                          0x080032f1   Thumb Code   164  inv_mpu.o(.text)
    gyro_self_test                           0x08003395   Thumb Code   280  inv_mpu.o(.text)
    get_st_biases                            0x080034ad   Thumb Code  1136  inv_mpu.o(.text)
    .text                                    0x080044c0   Section        0  inv_mpu_dmp_motion_driver.o(.text)
    decode_gesture                           0x08004f75   Thumb Code    94  inv_mpu_dmp_motion_driver.o(.text)
    .text                                    0x08005230   Section        0  mpu6050.o(.text)
    .text                                    0x08005598   Section        0  delay.o(.text)
    .text                                    0x0800569c   Section        0  sim_iic.o(.text)
    .text                                    0x080059dc   Section        0  motor.o(.text)
    .text                                    0x08005afc   Section        0  ldiv.o(.text)
    .text                                    0x08005b5e   Section        0  memseta.o(.text)
    .text                                    0x08005b82   Section        0  memcmp.o(.text)
    .text                                    0x08005b9c   Section        0  fadd.o(.text)
    .text                                    0x08005c4c   Section        0  fmul.o(.text)
    .text                                    0x08005cb0   Section        0  fdiv.o(.text)
    .text                                    0x08005d2c   Section        0  dadd.o(.text)
    .text                                    0x08005e7a   Section        0  dmul.o(.text)
    .text                                    0x08005f5e   Section        0  ddiv.o(.text)
    .text                                    0x0800603c   Section        0  fflti.o(.text)
    .text                                    0x0800604e   Section        0  ffltui.o(.text)
    .text                                    0x08006058   Section        0  dflti.o(.text)
    .text                                    0x0800607a   Section        0  ffixi.o(.text)
    .text                                    0x080060ac   Section        0  ffixui.o(.text)
    .text                                    0x080060d4   Section        0  f2d.o(.text)
    .text                                    0x080060fc   Section       48  cdcmple.o(.text)
    .text                                    0x0800612c   Section        0  d2f.o(.text)
    .text                                    0x08006164   Section       20  cfcmple.o(.text)
    .text                                    0x08006178   Section       20  cfrcmple.o(.text)
    .text                                    0x0800618c   Section        0  uldiv.o(.text)
    .text                                    0x080061ee   Section        0  llshl.o(.text)
    .text                                    0x0800620c   Section        0  llsshr.o(.text)
    .text                                    0x08006230   Section        0  iusefp.o(.text)
    .text                                    0x08006230   Section        0  fepilogue.o(.text)
    .text                                    0x0800629e   Section        0  depilogue.o(.text)
    .text                                    0x08006358   Section        0  dscalb.o(.text)
    .text                                    0x08006388   Section       36  init.o(.text)
    .text                                    0x080063ac   Section        0  semi.o(.text)
    .text                                    0x080063ac   Section        0  llushr.o(.text)
    .text                                    0x080063cc   Section        0  iusesemip.o(.text)
    .text                                    0x080063cc   Section        0  dsqrt.o(.text)
    .text                                    0x0800646e   Section        0  __dczerorl2.o(.text)
    i.__0printf$8                            0x080064c4   Section        0  printf8.o(i.__0printf$8)
    i.__ARM_fpclassify                       0x080064e4   Section        0  fpclassify.o(i.__ARM_fpclassify)
    i.__kernel_poly                          0x0800650c   Section        0  poly.o(i.__kernel_poly)
    i.__mathlib_dbl_infnan                   0x080065b6   Section        0  dunder.o(i.__mathlib_dbl_infnan)
    i.__mathlib_dbl_infnan2                  0x080065bc   Section        0  dunder.o(i.__mathlib_dbl_infnan2)
    i.__mathlib_dbl_invalid                  0x080065c0   Section        0  dunder.o(i.__mathlib_dbl_invalid)
    i.__mathlib_dbl_underflow                0x080065cc   Section        0  dunder.o(i.__mathlib_dbl_underflow)
    i.__scatterload_copy                     0x080065dc   Section       14  handlers.o(i.__scatterload_copy)
    i.__scatterload_null                     0x080065ea   Section        2  handlers.o(i.__scatterload_null)
    i.__scatterload_zeroinit                 0x080065ec   Section       14  handlers.o(i.__scatterload_zeroinit)
    i.__set_errno                            0x080065fc   Section        0  errno.o(i.__set_errno)
    i._printf_core                           0x08006608   Section        0  printf8.o(i._printf_core)
    _printf_core                             0x08006609   Thumb Code   996  printf8.o(i._printf_core)
    i._printf_post_padding                   0x08006a18   Section        0  printf8.o(i._printf_post_padding)
    _printf_post_padding                     0x08006a19   Thumb Code    36  printf8.o(i._printf_post_padding)
    i._printf_pre_padding                    0x08006a3c   Section        0  printf8.o(i._printf_pre_padding)
    _printf_pre_padding                      0x08006a3d   Thumb Code    46  printf8.o(i._printf_pre_padding)
    i.asin                                   0x08006a6c   Section        0  asin.o(i.asin)
    i.atan                                   0x08006cdc   Section        0  atan.o(i.atan)
    i.atan2                                  0x08006efc   Section        0  atan2.o(i.atan2)
    i.fputc                                  0x0800707c   Section        0  fputc.o(i.fputc)
    i.sqrt                                   0x0800708e   Section        0  sqrt.o(i.sqrt)
    .constdata                               0x080070da   Section     2072  oled.o(.constdata)
    .constdata                               0x080078f4   Section       80  inv_mpu.o(.constdata)
    .constdata                               0x08007944   Section     3062  inv_mpu_dmp_motion_driver.o(.constdata)
    dmp_memory                               0x08007944   Data        3062  inv_mpu_dmp_motion_driver.o(.constdata)
    .constdata                               0x08008540   Section       80  asin.o(.constdata)
    pS                                       0x08008540   Data          48  asin.o(.constdata)
    qS                                       0x08008570   Data          32  asin.o(.constdata)
    .constdata                               0x08008590   Section      152  atan.o(.constdata)
    atanhi                                   0x08008590   Data          32  atan.o(.constdata)
    atanlo                                   0x080085b0   Data          32  atan.o(.constdata)
    aTodd                                    0x080085d0   Data          40  atan.o(.constdata)
    aTeven                                   0x080085f8   Data          48  atan.o(.constdata)
    .constdata                               0x08008628   Section        8  qnan.o(.constdata)
    .data                                    0x20000000   Section       20  system_stm32f10x.o(.data)
    .data                                    0x20000014   Section       20  stm32f10x_rcc.o(.data)
    APBAHBPrescTable                         0x20000014   Data          16  stm32f10x_rcc.o(.data)
    ADCPrescTable                            0x20000024   Data           4  stm32f10x_rcc.o(.data)
    .data                                    0x20000028   Section       28  main.o(.data)
    .data                                    0x20000044   Section      448  oled.o(.data)
    .data                                    0x20000204   Section       97  inv_mpu.o(.data)
    st                                       0x20000230   Data          44  inv_mpu.o(.data)
    gyro_orientation                         0x2000025c   Data           9  inv_mpu.o(.data)
    .data                                    0x20000266   Section        4  delay.o(.data)
    fac_us                                   0x20000266   Data           1  delay.o(.data)
    fac_ms                                   0x20000268   Data           2  delay.o(.data)
    .data                                    0x2000026c   Section        4  stdout.o(.data)
    .data                                    0x20000270   Section        4  errno.o(.data)
    _errno                                   0x20000270   Data           4  errno.o(.data)
    .bss                                     0x20000274   Section       16  inv_mpu_dmp_motion_driver.o(.bss)
    dmp                                      0x20000274   Data          16  inv_mpu_dmp_motion_driver.o(.bss)
    STACK                                    0x20000288   Section     1024  startup_stm32f10x_hd.o(STACK)

    Global Symbols

    Symbol Name                              Value     Ov Type        Size  Object(Section)

    BuildAttributes$$THM_ISAv4$P$D$K$B$S$PE$A:L22UL41UL21$X:L11$S22US41US21$IEEE1$IW$USESV6$~STKCKD$USESV7$~SHL$OTIME$ROPI$IEEEX$EBA8$MICROLIB$REQ8$PRES8$EABIv2 0x00000000   Number         0  anon$$obj.o ABSOLUTE
    __ARM_use_no_argv                        0x00000000   Number         0  main.o ABSOLUTE
    _printf_a                                0x00000000   Number         0  stubs.o ABSOLUTE
    _printf_c                                0x00000000   Number         0  stubs.o ABSOLUTE
    _printf_charcount                        0x00000000   Number         0  stubs.o ABSOLUTE
    _printf_d                                0x00000000   Number         0  stubs.o ABSOLUTE
    _printf_e                                0x00000000   Number         0  stubs.o ABSOLUTE
    _printf_f                                0x00000000   Number         0  stubs.o ABSOLUTE
    _printf_flags                            0x00000000   Number         0  stubs.o ABSOLUTE
    _printf_fp_dec                           0x00000000   Number         0  stubs.o ABSOLUTE
    _printf_fp_hex                           0x00000000   Number         0  stubs.o ABSOLUTE
    _printf_g                                0x00000000   Number         0  stubs.o ABSOLUTE
    _printf_i                                0x00000000   Number         0  stubs.o ABSOLUTE
    _printf_int_dec                          0x00000000   Number         0  stubs.o ABSOLUTE
    _printf_l                                0x00000000   Number         0  stubs.o ABSOLUTE
    _printf_lc                               0x00000000   Number         0  stubs.o ABSOLUTE
    _printf_ll                               0x00000000   Number         0  stubs.o ABSOLUTE
    _printf_lld                              0x00000000   Number         0  stubs.o ABSOLUTE
    _printf_lli                              0x00000000   Number         0  stubs.o ABSOLUTE
    _printf_llo                              0x00000000   Number         0  stubs.o ABSOLUTE
    _printf_llu                              0x00000000   Number         0  stubs.o ABSOLUTE
    _printf_llx                              0x00000000   Number         0  stubs.o ABSOLUTE
    _printf_longlong_dec                     0x00000000   Number         0  stubs.o ABSOLUTE
    _printf_longlong_hex                     0x00000000   Number         0  stubs.o ABSOLUTE
    _printf_longlong_oct                     0x00000000   Number         0  stubs.o ABSOLUTE
    _printf_ls                               0x00000000   Number         0  stubs.o ABSOLUTE
    _printf_mbtowc                           0x00000000   Number         0  stubs.o ABSOLUTE
    _printf_n                                0x00000000   Number         0  stubs.o ABSOLUTE
    _printf_o                                0x00000000   Number         0  stubs.o ABSOLUTE
    _printf_p                                0x00000000   Number         0  stubs.o ABSOLUTE
    _printf_percent                          0x00000000   Number         0  stubs.o ABSOLUTE
    _printf_pre_padding                      0x00000000   Number         0  stubs.o ABSOLUTE
    _printf_return_value                     0x00000000   Number         0  stubs.o ABSOLUTE
    _printf_s                                0x00000000   Number         0  stubs.o ABSOLUTE
    _printf_sizespec                         0x00000000   Number         0  stubs.o ABSOLUTE
    _printf_str                              0x00000000   Number         0  stubs.o ABSOLUTE
    _printf_truncate_signed                  0x00000000   Number         0  stubs.o ABSOLUTE
    _printf_truncate_unsigned                0x00000000   Number         0  stubs.o ABSOLUTE
    _printf_u                                0x00000000   Number         0  stubs.o ABSOLUTE
    _printf_wc                               0x00000000   Number         0  stubs.o ABSOLUTE
    _printf_wctomb                           0x00000000   Number         0  stubs.o ABSOLUTE
    _printf_widthprec                        0x00000000   Number         0  stubs.o ABSOLUTE
    _printf_x                                0x00000000   Number         0  stubs.o ABSOLUTE
    __cpp_initialize__aeabi_                  - Undefined Weak Reference
    __cxa_finalize                            - Undefined Weak Reference
    _clock_init                               - Undefined Weak Reference
    _microlib_exit                            - Undefined Weak Reference
    __Vectors_Size                           0x00000130   Number         0  startup_stm32f10x_hd.o ABSOLUTE
    __Vectors                                0x08000000   Data           4  startup_stm32f10x_hd.o(RESET)
    __Vectors_End                            0x08000130   Data           0  startup_stm32f10x_hd.o(RESET)
    __main                                   0x08000131   Thumb Code     0  entry.o(.ARM.Collect$$$$00000000)
    _main_stk                                0x08000131   Thumb Code     0  entry2.o(.ARM.Collect$$$$00000001)
    _main_scatterload                        0x08000135   Thumb Code     0  entry5.o(.ARM.Collect$$$$00000004)
    __main_after_scatterload                 0x08000139   Thumb Code     0  entry5.o(.ARM.Collect$$$$00000004)
    _main_clock                              0x08000139   Thumb Code     0  entry7b.o(.ARM.Collect$$$$00000008)
    _main_cpp_init                           0x08000139   Thumb Code     0  entry8b.o(.ARM.Collect$$$$0000000A)
    _main_init                               0x08000139   Thumb Code     0  entry9a.o(.ARM.Collect$$$$0000000B)
    __rt_final_cpp                           0x08000141   Thumb Code     0  entry10a.o(.ARM.Collect$$$$0000000D)
    __rt_final_exit                          0x08000141   Thumb Code     0  entry11a.o(.ARM.Collect$$$$0000000F)
    Reset_Handler                            0x08000145   Thumb Code     8  startup_stm32f10x_hd.o(.text)
    ADC1_2_IRQHandler                        0x0800015f   Thumb Code     0  startup_stm32f10x_hd.o(.text)
    ADC3_IRQHandler                          0x0800015f   Thumb Code     0  startup_stm32f10x_hd.o(.text)
    CAN1_RX1_IRQHandler                      0x0800015f   Thumb Code     0  startup_stm32f10x_hd.o(.text)
    CAN1_SCE_IRQHandler                      0x0800015f   Thumb Code     0  startup_stm32f10x_hd.o(.text)
    DMA1_Channel1_IRQHandler                 0x0800015f   Thumb Code     0  startup_stm32f10x_hd.o(.text)
    DMA1_Channel2_IRQHandler                 0x0800015f   Thumb Code     0  startup_stm32f10x_hd.o(.text)
    DMA1_Channel3_IRQHandler                 0x0800015f   Thumb Code     0  startup_stm32f10x_hd.o(.text)
    DMA1_Channel4_IRQHandler                 0x0800015f   Thumb Code     0  startup_stm32f10x_hd.o(.text)
    DMA1_Channel5_IRQHandler                 0x0800015f   Thumb Code     0  startup_stm32f10x_hd.o(.text)
    DMA1_Channel6_IRQHandler                 0x0800015f   Thumb Code     0  startup_stm32f10x_hd.o(.text)
    DMA1_Channel7_IRQHandler                 0x0800015f   Thumb Code     0  startup_stm32f10x_hd.o(.text)
    DMA2_Channel1_IRQHandler                 0x0800015f   Thumb Code     0  startup_stm32f10x_hd.o(.text)
    DMA2_Channel2_IRQHandler                 0x0800015f   Thumb Code     0  startup_stm32f10x_hd.o(.text)
    DMA2_Channel3_IRQHandler                 0x0800015f   Thumb Code     0  startup_stm32f10x_hd.o(.text)
    DMA2_Channel4_5_IRQHandler               0x0800015f   Thumb Code     0  startup_stm32f10x_hd.o(.text)
    EXTI0_IRQHandler                         0x0800015f   Thumb Code     0  startup_stm32f10x_hd.o(.text)
    EXTI15_10_IRQHandler                     0x0800015f   Thumb Code     0  startup_stm32f10x_hd.o(.text)
    EXTI1_IRQHandler                         0x0800015f   Thumb Code     0  startup_stm32f10x_hd.o(.text)
    EXTI2_IRQHandler                         0x0800015f   Thumb Code     0  startup_stm32f10x_hd.o(.text)
    EXTI3_IRQHandler                         0x0800015f   Thumb Code     0  startup_stm32f10x_hd.o(.text)
    EXTI4_IRQHandler                         0x0800015f   Thumb Code     0  startup_stm32f10x_hd.o(.text)
    EXTI9_5_IRQHandler                       0x0800015f   Thumb Code     0  startup_stm32f10x_hd.o(.text)
    FLASH_IRQHandler                         0x0800015f   Thumb Code     0  startup_stm32f10x_hd.o(.text)
    FSMC_IRQHandler                          0x0800015f   Thumb Code     0  startup_stm32f10x_hd.o(.text)
    I2C1_ER_IRQHandler                       0x0800015f   Thumb Code     0  startup_stm32f10x_hd.o(.text)
    I2C1_EV_IRQHandler                       0x0800015f   Thumb Code     0  startup_stm32f10x_hd.o(.text)
    I2C2_ER_IRQHandler                       0x0800015f   Thumb Code     0  startup_stm32f10x_hd.o(.text)
    I2C2_EV_IRQHandler                       0x0800015f   Thumb Code     0  startup_stm32f10x_hd.o(.text)
    PVD_IRQHandler                           0x0800015f   Thumb Code     0  startup_stm32f10x_hd.o(.text)
    RCC_IRQHandler                           0x0800015f   Thumb Code     0  startup_stm32f10x_hd.o(.text)
    RTCAlarm_IRQHandler                      0x0800015f   Thumb Code     0  startup_stm32f10x_hd.o(.text)
    RTC_IRQHandler                           0x0800015f   Thumb Code     0  startup_stm32f10x_hd.o(.text)
    SDIO_IRQHandler                          0x0800015f   Thumb Code     0  startup_stm32f10x_hd.o(.text)
    SPI1_IRQHandler                          0x0800015f   Thumb Code     0  startup_stm32f10x_hd.o(.text)
    SPI2_IRQHandler                          0x0800015f   Thumb Code     0  startup_stm32f10x_hd.o(.text)
    SPI3_IRQHandler                          0x0800015f   Thumb Code     0  startup_stm32f10x_hd.o(.text)
    TAMPER_IRQHandler                        0x0800015f   Thumb Code     0  startup_stm32f10x_hd.o(.text)
    TIM1_BRK_IRQHandler                      0x0800015f   Thumb Code     0  startup_stm32f10x_hd.o(.text)
    TIM1_CC_IRQHandler                       0x0800015f   Thumb Code     0  startup_stm32f10x_hd.o(.text)
    TIM1_TRG_COM_IRQHandler                  0x0800015f   Thumb Code     0  startup_stm32f10x_hd.o(.text)
    TIM1_UP_IRQHandler                       0x0800015f   Thumb Code     0  startup_stm32f10x_hd.o(.text)
    TIM2_IRQHandler                          0x0800015f   Thumb Code     0  startup_stm32f10x_hd.o(.text)
    TIM3_IRQHandler                          0x0800015f   Thumb Code     0  startup_stm32f10x_hd.o(.text)
    TIM5_IRQHandler                          0x0800015f   Thumb Code     0  startup_stm32f10x_hd.o(.text)
    TIM6_IRQHandler                          0x0800015f   Thumb Code     0  startup_stm32f10x_hd.o(.text)
    TIM7_IRQHandler                          0x0800015f   Thumb Code     0  startup_stm32f10x_hd.o(.text)
    TIM8_BRK_IRQHandler                      0x0800015f   Thumb Code     0  startup_stm32f10x_hd.o(.text)
    TIM8_CC_IRQHandler                       0x0800015f   Thumb Code     0  startup_stm32f10x_hd.o(.text)
    TIM8_TRG_COM_IRQHandler                  0x0800015f   Thumb Code     0  startup_stm32f10x_hd.o(.text)
    TIM8_UP_IRQHandler                       0x0800015f   Thumb Code     0  startup_stm32f10x_hd.o(.text)
    UART4_IRQHandler                         0x0800015f   Thumb Code     0  startup_stm32f10x_hd.o(.text)
    UART5_IRQHandler                         0x0800015f   Thumb Code     0  startup_stm32f10x_hd.o(.text)
    USART1_IRQHandler                        0x0800015f   Thumb Code     0  startup_stm32f10x_hd.o(.text)
    USART2_IRQHandler                        0x0800015f   Thumb Code     0  startup_stm32f10x_hd.o(.text)
    USART3_IRQHandler                        0x0800015f   Thumb Code     0  startup_stm32f10x_hd.o(.text)
    USBWakeUp_IRQHandler                     0x0800015f   Thumb Code     0  startup_stm32f10x_hd.o(.text)
    USB_HP_CAN1_TX_IRQHandler                0x0800015f   Thumb Code     0  startup_stm32f10x_hd.o(.text)
    USB_LP_CAN1_RX0_IRQHandler               0x0800015f   Thumb Code     0  startup_stm32f10x_hd.o(.text)
    WWDG_IRQHandler                          0x0800015f   Thumb Code     0  startup_stm32f10x_hd.o(.text)
    SystemInit                               0x08000247   Thumb Code    78  system_stm32f10x.o(.text)
    SystemCoreClockUpdate                    0x08000295   Thumb Code   142  system_stm32f10x.o(.text)
    NVIC_PriorityGroupConfig                 0x08000349   Thumb Code    10  misc.o(.text)
    NVIC_Init                                0x08000353   Thumb Code   100  misc.o(.text)
    NVIC_SetVectorTable                      0x080003b7   Thumb Code    14  misc.o(.text)
    NVIC_SystemLPConfig                      0x080003c5   Thumb Code    34  misc.o(.text)
    SysTick_CLKSourceConfig                  0x080003e7   Thumb Code    40  misc.o(.text)
    GPIO_DeInit                              0x08000425   Thumb Code   172  stm32f10x_gpio.o(.text)
    GPIO_AFIODeInit                          0x080004d1   Thumb Code    20  stm32f10x_gpio.o(.text)
    GPIO_Init                                0x080004e5   Thumb Code   278  stm32f10x_gpio.o(.text)
    GPIO_StructInit                          0x080005fb   Thumb Code    16  stm32f10x_gpio.o(.text)
    GPIO_ReadInputDataBit                    0x0800060b   Thumb Code    18  stm32f10x_gpio.o(.text)
    GPIO_ReadInputData                       0x0800061d   Thumb Code     8  stm32f10x_gpio.o(.text)
    GPIO_ReadOutputDataBit                   0x08000625   Thumb Code    18  stm32f10x_gpio.o(.text)
    GPIO_ReadOutputData                      0x08000637   Thumb Code     8  stm32f10x_gpio.o(.text)
    GPIO_SetBits                             0x0800063f   Thumb Code     4  stm32f10x_gpio.o(.text)
    GPIO_ResetBits                           0x08000643   Thumb Code     4  stm32f10x_gpio.o(.text)
    GPIO_WriteBit                            0x08000647   Thumb Code    10  stm32f10x_gpio.o(.text)
    GPIO_Write                               0x08000651   Thumb Code     4  stm32f10x_gpio.o(.text)
    GPIO_PinLockConfig                       0x08000655   Thumb Code    18  stm32f10x_gpio.o(.text)
    GPIO_EventOutputConfig                   0x08000667   Thumb Code    26  stm32f10x_gpio.o(.text)
    GPIO_EventOutputCmd                      0x08000681   Thumb Code     6  stm32f10x_gpio.o(.text)
    GPIO_PinRemapConfig                      0x08000687   Thumb Code   138  stm32f10x_gpio.o(.text)
    GPIO_EXTILineConfig                      0x08000711   Thumb Code    66  stm32f10x_gpio.o(.text)
    GPIO_ETH_MediaInterfaceConfig            0x08000753   Thumb Code     8  stm32f10x_gpio.o(.text)
    RCC_DeInit                               0x08000781   Thumb Code    64  stm32f10x_rcc.o(.text)
    RCC_HSEConfig                            0x080007c1   Thumb Code    70  stm32f10x_rcc.o(.text)
    RCC_GetFlagStatus                        0x08000807   Thumb Code    56  stm32f10x_rcc.o(.text)
    RCC_WaitForHSEStartUp                    0x0800083f   Thumb Code    56  stm32f10x_rcc.o(.text)
    RCC_AdjustHSICalibrationValue            0x08000877   Thumb Code    20  stm32f10x_rcc.o(.text)
    RCC_HSICmd                               0x0800088b   Thumb Code     6  stm32f10x_rcc.o(.text)
    RCC_PLLConfig                            0x08000891   Thumb Code    24  stm32f10x_rcc.o(.text)
    RCC_PLLCmd                               0x080008a9   Thumb Code     6  stm32f10x_rcc.o(.text)
    RCC_SYSCLKConfig                         0x080008af   Thumb Code    18  stm32f10x_rcc.o(.text)
    RCC_GetSYSCLKSource                      0x080008c1   Thumb Code    10  stm32f10x_rcc.o(.text)
    RCC_HCLKConfig                           0x080008cb   Thumb Code    18  stm32f10x_rcc.o(.text)
    RCC_PCLK1Config                          0x080008dd   Thumb Code    18  stm32f10x_rcc.o(.text)
    RCC_PCLK2Config                          0x080008ef   Thumb Code    20  stm32f10x_rcc.o(.text)
    RCC_ITConfig                             0x08000903   Thumb Code    26  stm32f10x_rcc.o(.text)
    RCC_USBCLKConfig                         0x0800091d   Thumb Code     8  stm32f10x_rcc.o(.text)
    RCC_ADCCLKConfig                         0x08000925   Thumb Code    18  stm32f10x_rcc.o(.text)
    RCC_LSEConfig                            0x08000937   Thumb Code    50  stm32f10x_rcc.o(.text)
    RCC_LSICmd                               0x08000969   Thumb Code     6  stm32f10x_rcc.o(.text)
    RCC_RTCCLKConfig                         0x0800096f   Thumb Code    12  stm32f10x_rcc.o(.text)
    RCC_RTCCLKCmd                            0x0800097b   Thumb Code     8  stm32f10x_rcc.o(.text)
    RCC_GetClocksFreq                        0x08000983   Thumb Code   192  stm32f10x_rcc.o(.text)
    RCC_AHBPeriphClockCmd                    0x08000a43   Thumb Code    26  stm32f10x_rcc.o(.text)
    RCC_APB2PeriphClockCmd                   0x08000a5d   Thumb Code    26  stm32f10x_rcc.o(.text)
    RCC_APB1PeriphClockCmd                   0x08000a77   Thumb Code    26  stm32f10x_rcc.o(.text)
    RCC_APB2PeriphResetCmd                   0x08000a91   Thumb Code    26  stm32f10x_rcc.o(.text)
    RCC_APB1PeriphResetCmd                   0x08000aab   Thumb Code    26  stm32f10x_rcc.o(.text)
    RCC_BackupResetCmd                       0x08000ac5   Thumb Code     8  stm32f10x_rcc.o(.text)
    RCC_ClockSecuritySystemCmd               0x08000acd   Thumb Code     6  stm32f10x_rcc.o(.text)
    RCC_MCOConfig                            0x08000ad3   Thumb Code     6  stm32f10x_rcc.o(.text)
    RCC_ClearFlag                            0x08000ad9   Thumb Code    14  stm32f10x_rcc.o(.text)
    RCC_GetITStatus                          0x08000ae7   Thumb Code    20  stm32f10x_rcc.o(.text)
    RCC_ClearITPendingBit                    0x08000afb   Thumb Code     6  stm32f10x_rcc.o(.text)
    TIM_DeInit                               0x08000b25   Thumb Code   424  stm32f10x_tim.o(.text)
    TIM_TimeBaseInit                         0x08000ccd   Thumb Code   122  stm32f10x_tim.o(.text)
    TIM_OC1Init                              0x08000d47   Thumb Code   132  stm32f10x_tim.o(.text)
    TIM_OC2Init                              0x08000dcb   Thumb Code   154  stm32f10x_tim.o(.text)
    TIM_OC3Init                              0x08000e65   Thumb Code   150  stm32f10x_tim.o(.text)
    TIM_OC4Init                              0x08000efb   Thumb Code   182  stm32f10x_tim.o(.text)
    TIM_SetIC4Prescaler                      0x08000fb1   Thumb Code    26  stm32f10x_tim.o(.text)
    TIM_SetIC3Prescaler                      0x0800104d   Thumb Code    18  stm32f10x_tim.o(.text)
    TIM_SetIC2Prescaler                      0x080010d9   Thumb Code    26  stm32f10x_tim.o(.text)
    TIM_SetIC1Prescaler                      0x08001175   Thumb Code    18  stm32f10x_tim.o(.text)
    TIM_ICInit                               0x080011f3   Thumb Code   150  stm32f10x_tim.o(.text)
    TIM_PWMIConfig                           0x08001289   Thumb Code   124  stm32f10x_tim.o(.text)
    TIM_BDTRConfig                           0x08001305   Thumb Code    32  stm32f10x_tim.o(.text)
    TIM_TimeBaseStructInit                   0x08001325   Thumb Code    18  stm32f10x_tim.o(.text)
    TIM_OCStructInit                         0x08001337   Thumb Code    20  stm32f10x_tim.o(.text)
    TIM_ICStructInit                         0x0800134b   Thumb Code    18  stm32f10x_tim.o(.text)
    TIM_BDTRStructInit                       0x0800135d   Thumb Code    40  stm32f10x_tim.o(.text)
    TIM_Cmd                                  0x08001385   Thumb Code    24  stm32f10x_tim.o(.text)
    TIM_CtrlPWMOutputs                       0x0800139d   Thumb Code    30  stm32f10x_tim.o(.text)
    TIM_ITConfig                             0x080013bb   Thumb Code    18  stm32f10x_tim.o(.text)
    TIM_GenerateEvent                        0x080013cd   Thumb Code     4  stm32f10x_tim.o(.text)
    TIM_DMAConfig                            0x080013d1   Thumb Code    10  stm32f10x_tim.o(.text)
    TIM_DMACmd                               0x080013db   Thumb Code    18  stm32f10x_tim.o(.text)
    TIM_InternalClockConfig                  0x080013ed   Thumb Code    12  stm32f10x_tim.o(.text)
    TIM_SelectInputTrigger                   0x080013f9   Thumb Code    18  stm32f10x_tim.o(.text)
    TIM_ITRxExternalClockConfig              0x0800140b   Thumb Code    24  stm32f10x_tim.o(.text)
    TIM_TIxExternalClockConfig               0x08001423   Thumb Code    62  stm32f10x_tim.o(.text)
    TIM_ETRConfig                            0x08001461   Thumb Code    28  stm32f10x_tim.o(.text)
    TIM_ETRClockMode1Config                  0x0800147d   Thumb Code    54  stm32f10x_tim.o(.text)
    TIM_ETRClockMode2Config                  0x080014b3   Thumb Code    32  stm32f10x_tim.o(.text)
    TIM_PrescalerConfig                      0x080014d3   Thumb Code     6  stm32f10x_tim.o(.text)
    TIM_CounterModeConfig                    0x080014d9   Thumb Code    18  stm32f10x_tim.o(.text)
    TIM_EncoderInterfaceConfig               0x080014eb   Thumb Code    66  stm32f10x_tim.o(.text)
    TIM_ForcedOC1Config                      0x0800152d   Thumb Code    18  stm32f10x_tim.o(.text)
    TIM_ForcedOC2Config                      0x0800153f   Thumb Code    26  stm32f10x_tim.o(.text)
    TIM_ForcedOC3Config                      0x08001559   Thumb Code    18  stm32f10x_tim.o(.text)
    TIM_ForcedOC4Config                      0x0800156b   Thumb Code    26  stm32f10x_tim.o(.text)
    TIM_ARRPreloadConfig                     0x08001585   Thumb Code    24  stm32f10x_tim.o(.text)
    TIM_SelectCOM                            0x0800159d   Thumb Code    24  stm32f10x_tim.o(.text)
    TIM_SelectCCDMA                          0x080015b5   Thumb Code    24  stm32f10x_tim.o(.text)
    TIM_CCPreloadControl                     0x080015cd   Thumb Code    24  stm32f10x_tim.o(.text)
    TIM_OC1PreloadConfig                     0x080015e5   Thumb Code    18  stm32f10x_tim.o(.text)
    TIM_OC2PreloadConfig                     0x080015f7   Thumb Code    26  stm32f10x_tim.o(.text)
    TIM_OC3PreloadConfig                     0x08001611   Thumb Code    18  stm32f10x_tim.o(.text)
    TIM_OC4PreloadConfig                     0x08001623   Thumb Code    26  stm32f10x_tim.o(.text)
    TIM_OC1FastConfig                        0x0800163d   Thumb Code    18  stm32f10x_tim.o(.text)
    TIM_OC2FastConfig                        0x0800164f   Thumb Code    26  stm32f10x_tim.o(.text)
    TIM_OC3FastConfig                        0x08001669   Thumb Code    18  stm32f10x_tim.o(.text)
    TIM_OC4FastConfig                        0x0800167b   Thumb Code    26  stm32f10x_tim.o(.text)
    TIM_ClearOC1Ref                          0x08001695   Thumb Code    18  stm32f10x_tim.o(.text)
    TIM_ClearOC2Ref                          0x080016a7   Thumb Code    24  stm32f10x_tim.o(.text)
    TIM_ClearOC3Ref                          0x080016bf   Thumb Code    18  stm32f10x_tim.o(.text)
    TIM_ClearOC4Ref                          0x080016d1   Thumb Code    24  stm32f10x_tim.o(.text)
    TIM_OC1PolarityConfig                    0x080016e9   Thumb Code    18  stm32f10x_tim.o(.text)
    TIM_OC1NPolarityConfig                   0x080016fb   Thumb Code    18  stm32f10x_tim.o(.text)
    TIM_OC2PolarityConfig                    0x0800170d   Thumb Code    26  stm32f10x_tim.o(.text)
    TIM_OC2NPolarityConfig                   0x08001727   Thumb Code    26  stm32f10x_tim.o(.text)
    TIM_OC3PolarityConfig                    0x08001741   Thumb Code    26  stm32f10x_tim.o(.text)
    TIM_OC3NPolarityConfig                   0x0800175b   Thumb Code    26  stm32f10x_tim.o(.text)
    TIM_OC4PolarityConfig                    0x08001775   Thumb Code    26  stm32f10x_tim.o(.text)
    TIM_CCxCmd                               0x0800178f   Thumb Code    30  stm32f10x_tim.o(.text)
    TIM_CCxNCmd                              0x080017ad   Thumb Code    30  stm32f10x_tim.o(.text)
    TIM_SelectOCxM                           0x080017cb   Thumb Code    82  stm32f10x_tim.o(.text)
    TIM_UpdateDisableConfig                  0x0800181d   Thumb Code    24  stm32f10x_tim.o(.text)
    TIM_UpdateRequestConfig                  0x08001835   Thumb Code    24  stm32f10x_tim.o(.text)
    TIM_SelectHallSensor                     0x0800184d   Thumb Code    24  stm32f10x_tim.o(.text)
    TIM_SelectOnePulseMode                   0x08001865   Thumb Code    18  stm32f10x_tim.o(.text)
    TIM_SelectOutputTrigger                  0x08001877   Thumb Code    18  stm32f10x_tim.o(.text)
    TIM_SelectSlaveMode                      0x08001889   Thumb Code    18  stm32f10x_tim.o(.text)
    TIM_SelectMasterSlaveMode                0x0800189b   Thumb Code    18  stm32f10x_tim.o(.text)
    TIM_SetCounter                           0x080018ad   Thumb Code     4  stm32f10x_tim.o(.text)
    TIM_SetAutoreload                        0x080018b1   Thumb Code     4  stm32f10x_tim.o(.text)
    TIM_SetCompare1                          0x080018b5   Thumb Code     4  stm32f10x_tim.o(.text)
    TIM_SetCompare2                          0x080018b9   Thumb Code     4  stm32f10x_tim.o(.text)
    TIM_SetCompare3                          0x080018bd   Thumb Code     4  stm32f10x_tim.o(.text)
    TIM_SetCompare4                          0x080018c1   Thumb Code     6  stm32f10x_tim.o(.text)
    TIM_SetClockDivision                     0x080018c7   Thumb Code    18  stm32f10x_tim.o(.text)
    TIM_GetCapture1                          0x080018d9   Thumb Code     6  stm32f10x_tim.o(.text)
    TIM_GetCapture2                          0x080018df   Thumb Code     6  stm32f10x_tim.o(.text)
    TIM_GetCapture3                          0x080018e5   Thumb Code     6  stm32f10x_tim.o(.text)
    TIM_GetCapture4                          0x080018eb   Thumb Code     8  stm32f10x_tim.o(.text)
    TIM_GetCounter                           0x080018f3   Thumb Code     6  stm32f10x_tim.o(.text)
    TIM_GetPrescaler                         0x080018f9   Thumb Code     6  stm32f10x_tim.o(.text)
    TIM_GetFlagStatus                        0x080018ff   Thumb Code    18  stm32f10x_tim.o(.text)
    TIM_ClearFlag                            0x08001911   Thumb Code     6  stm32f10x_tim.o(.text)
    TIM_GetITStatus                          0x08001917   Thumb Code    34  stm32f10x_tim.o(.text)
    TIM_ClearITPendingBit                    0x08001939   Thumb Code     6  stm32f10x_tim.o(.text)
    main                                     0x08001941   Thumb Code    86  main.o(.text)
    NMI_Handler                              0x080019ad   Thumb Code     2  stm32f10x_it.o(.text)
    HardFault_Handler                        0x080019af   Thumb Code     4  stm32f10x_it.o(.text)
    MemManage_Handler                        0x080019b3   Thumb Code     4  stm32f10x_it.o(.text)
    BusFault_Handler                         0x080019b7   Thumb Code     4  stm32f10x_it.o(.text)
    UsageFault_Handler                       0x080019bb   Thumb Code     4  stm32f10x_it.o(.text)
    SVC_Handler                              0x080019bf   Thumb Code     2  stm32f10x_it.o(.text)
    DebugMon_Handler                         0x080019c1   Thumb Code     2  stm32f10x_it.o(.text)
    PendSV_Handler                           0x080019c3   Thumb Code     2  stm32f10x_it.o(.text)
    SysTick_Handler                          0x080019c5   Thumb Code     2  stm32f10x_it.o(.text)
    TIM4_IRQHandler                          0x080019c7   Thumb Code    32  stm32f10x_it.o(.text)
    OLED_WR_Byte                             0x080019f1   Thumb Code   126  oled.o(.text)
    OLED_Set_Pos                             0x08001a6f   Thumb Code    46  oled.o(.text)
    OLED_Display_On                          0x08001a9d   Thumb Code    28  oled.o(.text)
    OLED_Display_Off                         0x08001ab9   Thumb Code    28  oled.o(.text)
    OLED_Clear                               0x08001ad5   Thumb Code    64  oled.o(.text)
    myabs                                    0x08001b15   Thumb Code    38  oled.o(.text)
    OLED_ShowChar                            0x08001b3b   Thumb Code   106  oled.o(.text)
    OLED_ShowString                          0x08001ba5   Thumb Code    54  oled.o(.text)
    OLED_ShowNegative                        0x08001bdb   Thumb Code    34  oled.o(.text)
    oled_pow                                 0x08001bfd   Thumb Code    22  oled.o(.text)
    OLED_ShowNum                             0x08001c13   Thumb Code   132  oled.o(.text)
    OLED_DecimalShow                         0x08001c97   Thumb Code   136  oled.o(.text)
    OLED_ShowAngle                           0x08001d1f   Thumb Code   100  oled.o(.text)
    OLED_ShowCHinese                         0x08001d83   Thumb Code   126  oled.o(.text)
    OLED_DrawBMP                             0x08001e01   Thumb Code   118  oled.o(.text)
    OLED_Init                                0x08001e77   Thumb Code   388  oled.o(.text)
    mpu_reg_dump                             0x08002093   Thumb Code    84  inv_mpu.o(.text)
    mpu_read_reg                             0x080020e7   Thumb Code    66  inv_mpu.o(.text)
    mpu_set_int_latched                      0x08002129   Thumb Code   102  inv_mpu.o(.text)
    mpu_set_sensors                          0x0800218f   Thumb Code   202  inv_mpu.o(.text)
    mpu_set_bypass                           0x08002259   Thumb Code   328  inv_mpu.o(.text)
    mpu_reset_fifo                           0x080023a1   Thumb Code   472  inv_mpu.o(.text)
    mpu_configure_fifo                       0x08002579   Thumb Code   106  inv_mpu.o(.text)
    mpu_set_lpf                              0x080025e3   Thumb Code   126  inv_mpu.o(.text)
    mpu_lp_accel_mode                        0x08002661   Thumb Code   218  inv_mpu.o(.text)
    mpu_set_sample_rate                      0x0800273b   Thumb Code   152  inv_mpu.o(.text)
    mpu_set_accel_fsr                        0x080027d3   Thumb Code   132  inv_mpu.o(.text)
    mpu_set_gyro_fsr                         0x08002857   Thumb Code   132  inv_mpu.o(.text)
    mpu_init                                 0x080028db   Thumb Code   404  inv_mpu.o(.text)
    mget_ms                                  0x08002a6f   Thumb Code     2  inv_mpu.o(.text)
    mpu_get_gyro_reg                         0x08002a71   Thumb Code   110  inv_mpu.o(.text)
    mpu_get_accel_reg                        0x08002adf   Thumb Code   110  inv_mpu.o(.text)
    mpu_get_temperature                      0x08002b4d   Thumb Code   150  inv_mpu.o(.text)
    mpu_set_accel_bias                       0x08002be3   Thumb Code   430  inv_mpu.o(.text)
    mpu_get_gyro_fsr                         0x08002d91   Thumb Code    64  inv_mpu.o(.text)
    mpu_get_accel_fsr                        0x08002dd1   Thumb Code    72  inv_mpu.o(.text)
    mpu_get_lpf                              0x08002e19   Thumb Code    74  inv_mpu.o(.text)
    mpu_get_sample_rate                      0x08002e63   Thumb Code    26  inv_mpu.o(.text)
    mpu_get_compass_sample_rate              0x08002e7d   Thumb Code    10  inv_mpu.o(.text)
    mpu_set_compass_sample_rate              0x08002e87   Thumb Code     8  inv_mpu.o(.text)
    mpu_get_gyro_sens                        0x08002e8f   Thumb Code    58  inv_mpu.o(.text)
    mpu_get_accel_sens                       0x08002ec9   Thumb Code    78  inv_mpu.o(.text)
    mpu_get_fifo_config                      0x08002f17   Thumb Code    12  inv_mpu.o(.text)
    mpu_get_power_state                      0x08002f23   Thumb Code    22  inv_mpu.o(.text)
    mpu_get_int_status                       0x08002f39   Thumb Code    64  inv_mpu.o(.text)
    mpu_read_fifo                            0x08002f79   Thumb Code   522  inv_mpu.o(.text)
    mpu_read_fifo_stream                     0x08003183   Thumb Code   186  inv_mpu.o(.text)
    mpu_set_int_level                        0x0800323d   Thumb Code    12  inv_mpu.o(.text)
    mpu_set_dmp_state                        0x0800391d   Thumb Code   138  inv_mpu.o(.text)
    mpu_run_self_test                        0x080039a7   Thumb Code   278  inv_mpu.o(.text)
    mpu_write_mem                            0x08003abd   Thumb Code   122  inv_mpu.o(.text)
    mpu_read_mem                             0x08003b37   Thumb Code   122  inv_mpu.o(.text)
    mpu_load_firmware                        0x08003bb1   Thumb Code   190  inv_mpu.o(.text)
    mpu_get_dmp_state                        0x08003c6f   Thumb Code    14  inv_mpu.o(.text)
    setup_compass                            0x08003c7d   Thumb Code     6  inv_mpu.o(.text)
    mpu_get_compass_reg                      0x08003c83   Thumb Code     8  inv_mpu.o(.text)
    mpu_get_compass_fsr                      0x08003c8b   Thumb Code     8  inv_mpu.o(.text)
    mpu_lp_motion_interrupt                  0x08003c93   Thumb Code   512  inv_mpu.o(.text)
    run_self_test                            0x08003e93   Thumb Code   148  inv_mpu.o(.text)
    inv_row_2_scale                          0x08003f27   Thumb Code    78  inv_mpu.o(.text)
    inv_orientation_matrix_to_scalar         0x08003f75   Thumb Code    40  inv_mpu.o(.text)
    mpu_dmp_init                             0x08003f9d   Thumb Code   150  inv_mpu.o(.text)
    mpu_dmp_get_data                         0x08004033   Thumb Code   554  inv_mpu.o(.text)
    Read_DMP                                 0x0800425d   Thumb Code   568  inv_mpu.o(.text)
    dmp_load_motion_driver_firmware          0x080044c1   Thumb Code    20  inv_mpu_dmp_motion_driver.o(.text)
    dmp_set_orientation                      0x080044d5   Thumb Code   290  inv_mpu_dmp_motion_driver.o(.text)
    dmp_set_gyro_bias                        0x080045f7   Thumb Code   294  inv_mpu_dmp_motion_driver.o(.text)
    dmp_set_accel_bias                       0x0800471d   Thumb Code   300  inv_mpu_dmp_motion_driver.o(.text)
    dmp_set_fifo_rate                        0x08004849   Thumb Code   136  inv_mpu_dmp_motion_driver.o(.text)
    dmp_get_fifo_rate                        0x080048d1   Thumb Code    12  inv_mpu_dmp_motion_driver.o(.text)
    dmp_set_tap_thresh                       0x080048dd   Thumb Code   396  inv_mpu_dmp_motion_driver.o(.text)
    dmp_set_tap_axes                         0x08004a69   Thumb Code    70  inv_mpu_dmp_motion_driver.o(.text)
    dmp_set_tap_count                        0x08004aaf   Thumb Code    38  inv_mpu_dmp_motion_driver.o(.text)
    dmp_set_tap_time                         0x08004ad5   Thumb Code    38  inv_mpu_dmp_motion_driver.o(.text)
    dmp_set_tap_time_multi                   0x08004afb   Thumb Code    38  inv_mpu_dmp_motion_driver.o(.text)
    dmp_set_shake_reject_thresh              0x08004b21   Thumb Code    56  inv_mpu_dmp_motion_driver.o(.text)
    dmp_set_shake_reject_time                0x08004b59   Thumb Code    38  inv_mpu_dmp_motion_driver.o(.text)
    dmp_set_shake_reject_timeout             0x08004b7f   Thumb Code    38  inv_mpu_dmp_motion_driver.o(.text)
    dmp_get_pedometer_step_count             0x08004ba5   Thumb Code    66  inv_mpu_dmp_motion_driver.o(.text)
    dmp_set_pedometer_step_count             0x08004be7   Thumb Code    42  inv_mpu_dmp_motion_driver.o(.text)
    dmp_get_pedometer_walk_time              0x08004c11   Thumb Code    72  inv_mpu_dmp_motion_driver.o(.text)
    dmp_set_pedometer_walk_time              0x08004c59   Thumb Code    48  inv_mpu_dmp_motion_driver.o(.text)
    dmp_enable_6x_lp_quat                    0x08004c89   Thumb Code    84  inv_mpu_dmp_motion_driver.o(.text)
    dmp_enable_lp_quat                       0x08004cdd   Thumb Code    60  inv_mpu_dmp_motion_driver.o(.text)
    dmp_enable_gyro_cal                      0x08004d19   Thumb Code    62  inv_mpu_dmp_motion_driver.o(.text)
    dmp_enable_feature                       0x08004d57   Thumb Code   530  inv_mpu_dmp_motion_driver.o(.text)
    dmp_get_enabled_features                 0x08004f69   Thumb Code    12  inv_mpu_dmp_motion_driver.o(.text)
    dmp_set_interrupt_mode                   0x08004fd3   Thumb Code    66  inv_mpu_dmp_motion_driver.o(.text)
    dmp_read_fifo                            0x08005015   Thumb Code   514  inv_mpu_dmp_motion_driver.o(.text)
    dmp_register_tap_cb                      0x08005217   Thumb Code    10  inv_mpu_dmp_motion_driver.o(.text)
    dmp_register_android_orient_cb           0x08005221   Thumb Code    10  inv_mpu_dmp_motion_driver.o(.text)
    MPU_Write_Byte                           0x08005231   Thumb Code    68  mpu6050.o(.text)
    MPU_Set_LPF                              0x08005275   Thumb Code    58  mpu6050.o(.text)
    MPU_Set_Rate                             0x080052af   Thumb Code    58  mpu6050.o(.text)
    MPU_Read_Byte                            0x080052e9   Thumb Code    58  mpu6050.o(.text)
    MPU_Set_Accel_Fsr                        0x08005323   Thumb Code    16  mpu6050.o(.text)
    MPU_Set_Gyro_Fsr                         0x08005333   Thumb Code    16  mpu6050.o(.text)
    MPU_Init                                 0x08005343   Thumb Code   122  mpu6050.o(.text)
    MPU_Read_Len                             0x080053bd   Thumb Code   116  mpu6050.o(.text)
    MPU_Get_Temperature                      0x08005431   Thumb Code    86  mpu6050.o(.text)
    MPU_Get_Gyroscope                        0x08005487   Thumb Code    80  mpu6050.o(.text)
    MPU_Get_Accelerometer                    0x080054d7   Thumb Code    80  mpu6050.o(.text)
    MPU_Write_Len                            0x08005527   Thumb Code    96  mpu6050.o(.text)
    delay_init                               0x08005599   Thumb Code    52  delay.o(.text)
    delay_us                                 0x080055cd   Thumb Code    72  delay.o(.text)
    delay_xms                                0x08005615   Thumb Code    72  delay.o(.text)
    delay_ms                                 0x0800565d   Thumb Code    56  delay.o(.text)
    IIC_Delay                                0x0800569d   Thumb Code    16  sim_iic.o(.text)
    IIC_Init                                 0x080056ad   Thumb Code    40  sim_iic.o(.text)
    IIC_Start                                0x080056d5   Thumb Code    68  sim_iic.o(.text)
    IIC_Stop                                 0x08005719   Thumb Code    70  sim_iic.o(.text)
    IIC_Wait_Ack                             0x0800575f   Thumb Code    94  sim_iic.o(.text)
    IIC_Ack                                  0x080057bd   Thumb Code    74  sim_iic.o(.text)
    IIC_NAck                                 0x08005807   Thumb Code    74  sim_iic.o(.text)
    IIC_Send_Byte                            0x08005851   Thumb Code   108  sim_iic.o(.text)
    IIC_Read_Byte                            0x080058bd   Thumb Code   104  sim_iic.o(.text)
    IIC_Set_Reg                              0x08005925   Thumb Code    84  sim_iic.o(.text)
    IIC_Read_Reg                             0x08005979   Thumb Code    88  sim_iic.o(.text)
    MiniBalance_Motor_Init                   0x080059dd   Thumb Code    86  motor.o(.text)
    MiniBalance_PWM_Init                     0x08005a33   Thumb Code   184  motor.o(.text)
    __aeabi_ldivmod                          0x08005afd   Thumb Code    98  ldiv.o(.text)
    __aeabi_memset                           0x08005b5f   Thumb Code    14  memseta.o(.text)
    __aeabi_memset4                          0x08005b5f   Thumb Code     0  memseta.o(.text)
    __aeabi_memset8                          0x08005b5f   Thumb Code     0  memseta.o(.text)
    __aeabi_memclr                           0x08005b6d   Thumb Code     4  memseta.o(.text)
    __aeabi_memclr4                          0x08005b6d   Thumb Code     0  memseta.o(.text)
    __aeabi_memclr8                          0x08005b6d   Thumb Code     0  memseta.o(.text)
    _memset$wrapper                          0x08005b71   Thumb Code    18  memseta.o(.text)
    memcmp                                   0x08005b83   Thumb Code    26  memcmp.o(.text)
    __aeabi_fadd                             0x08005b9d   Thumb Code   164  fadd.o(.text)
    __aeabi_fsub                             0x08005c41   Thumb Code     6  fadd.o(.text)
    __aeabi_frsub                            0x08005c47   Thumb Code     6  fadd.o(.text)
    __aeabi_fmul                             0x08005c4d   Thumb Code   100  fmul.o(.text)
    __aeabi_fdiv                             0x08005cb1   Thumb Code   124  fdiv.o(.text)
    __aeabi_dadd                             0x08005d2d   Thumb Code   322  dadd.o(.text)
    __aeabi_dsub                             0x08005e6f   Thumb Code     6  dadd.o(.text)
    __aeabi_drsub                            0x08005e75   Thumb Code     6  dadd.o(.text)
    __aeabi_dmul                             0x08005e7b   Thumb Code   228  dmul.o(.text)
    __aeabi_ddiv                             0x08005f5f   Thumb Code   222  ddiv.o(.text)
    __aeabi_i2f                              0x0800603d   Thumb Code    18  fflti.o(.text)
    __aeabi_ui2f                             0x0800604f   Thumb Code    10  ffltui.o(.text)
    __aeabi_i2d                              0x08006059   Thumb Code    34  dflti.o(.text)
    __aeabi_f2iz                             0x0800607b   Thumb Code    50  ffixi.o(.text)
    __aeabi_f2uiz                            0x080060ad   Thumb Code    40  ffixui.o(.text)
    __aeabi_f2d                              0x080060d5   Thumb Code    38  f2d.o(.text)
    __aeabi_cdcmpeq                          0x080060fd   Thumb Code     0  cdcmple.o(.text)
    __aeabi_cdcmple                          0x080060fd   Thumb Code    48  cdcmple.o(.text)
    __aeabi_d2f                              0x0800612d   Thumb Code    56  d2f.o(.text)
    __aeabi_cfcmpeq                          0x08006165   Thumb Code     0  cfcmple.o(.text)
    __aeabi_cfcmple                          0x08006165   Thumb Code    20  cfcmple.o(.text)
    __aeabi_cfrcmple                         0x08006179   Thumb Code    20  cfrcmple.o(.text)
    __aeabi_uldivmod                         0x0800618d   Thumb Code    98  uldiv.o(.text)
    __aeabi_llsl                             0x080061ef   Thumb Code    30  llshl.o(.text)
    _ll_shift_l                              0x080061ef   Thumb Code     0  llshl.o(.text)
    __aeabi_lasr                             0x0800620d   Thumb Code    36  llsshr.o(.text)
    _ll_sshift_r                             0x0800620d   Thumb Code     0  llsshr.o(.text)
    __I$use$fp                               0x08006231   Thumb Code     0  iusefp.o(.text)
    _float_round                             0x08006231   Thumb Code    18  fepilogue.o(.text)
    _float_epilogue                          0x08006243   Thumb Code    92  fepilogue.o(.text)
    _double_round                            0x0800629f   Thumb Code    30  depilogue.o(.text)
    _double_epilogue                         0x080062bd   Thumb Code   156  depilogue.o(.text)
    __ARM_scalbn                             0x08006359   Thumb Code    46  dscalb.o(.text)
    scalbn                                   0x08006359   Thumb Code     0  dscalb.o(.text)
    __scatterload                            0x08006389   Thumb Code    28  init.o(.text)
    __scatterload_rt2                        0x08006389   Thumb Code     0  init.o(.text)
    __aeabi_llsr                             0x080063ad   Thumb Code    32  llushr.o(.text)
    __semihosting_library_function           0x080063ad   Thumb Code     0  semi.o(.text)
    _ll_ushift_r                             0x080063ad   Thumb Code     0  llushr.o(.text)
    __I$use$semihosting$fputc                0x080063cd   Thumb Code     0  iusesemip.o(.text)
    _dsqrt                                   0x080063cd   Thumb Code   162  dsqrt.o(.text)
    __decompress                             0x0800646f   Thumb Code     0  __dczerorl2.o(.text)
    __decompress1                            0x0800646f   Thumb Code    86  __dczerorl2.o(.text)
    __0printf$8                              0x080064c5   Thumb Code    22  printf8.o(i.__0printf$8)
    __1printf$8                              0x080064c5   Thumb Code     0  printf8.o(i.__0printf$8)
    __2printf                                0x080064c5   Thumb Code     0  printf8.o(i.__0printf$8)
    __ARM_fpclassify                         0x080064e5   Thumb Code    40  fpclassify.o(i.__ARM_fpclassify)
    __kernel_poly                            0x0800650d   Thumb Code   170  poly.o(i.__kernel_poly)
    __mathlib_dbl_infnan                     0x080065b7   Thumb Code     6  dunder.o(i.__mathlib_dbl_infnan)
    __mathlib_dbl_infnan2                    0x080065bd   Thumb Code     4  dunder.o(i.__mathlib_dbl_infnan2)
    __mathlib_dbl_invalid                    0x080065c1   Thumb Code    12  dunder.o(i.__mathlib_dbl_invalid)
    __mathlib_dbl_underflow                  0x080065cd   Thumb Code    10  dunder.o(i.__mathlib_dbl_underflow)
    __scatterload_copy                       0x080065dd   Thumb Code    14  handlers.o(i.__scatterload_copy)
    __scatterload_null                       0x080065eb   Thumb Code     2  handlers.o(i.__scatterload_null)
    __scatterload_zeroinit                   0x080065ed   Thumb Code    14  handlers.o(i.__scatterload_zeroinit)
    __set_errno                              0x080065fd   Thumb Code     6  errno.o(i.__set_errno)
    asin                                     0x08006a6d   Thumb Code   572  asin.o(i.asin)
    atan                                     0x08006cdd   Thumb Code   474  atan.o(i.atan)
    atan2                                    0x08006efd   Thumb Code   346  atan2.o(i.atan2)
    fputc                                    0x0800707d   Thumb Code    18  fputc.o(i.fputc)
    sqrt                                     0x0800708f   Thumb Code    76  sqrt.o(i.sqrt)
    F6x8                                     0x080070da   Data         552  oled.o(.constdata)
    F8X16                                    0x08007302   Data        1520  oled.o(.constdata)
    reg                                      0x080078f4   Data          27  inv_mpu.o(.constdata)
    hw                                       0x08007910   Data          12  inv_mpu.o(.constdata)
    test                                     0x0800791c   Data          40  inv_mpu.o(.constdata)
    __mathlib_zero                           0x08008628   Data           8  qnan.o(.constdata)
    Region$$Table$$Base                      0x08008630   Number         0  anon$$obj.o(Region$$Table)
    Region$$Table$$Limit                     0x08008650   Number         0  anon$$obj.o(Region$$Table)
    SystemCoreClock                          0x20000000   Data           4  system_stm32f10x.o(.data)
    AHBPrescTable                            0x20000004   Data          16  system_stm32f10x.o(.data)
    time                                     0x20000028   Data           4  main.o(.data)
    second                                   0x2000002c   Data           2  main.o(.data)
    minute                                   0x2000002e   Data           2  main.o(.data)
    g                                        0x20000030   Data           6  main.o(.data)
    pitch                                    0x20000038   Data           4  main.o(.data)
    roll                                     0x2000003c   Data           4  main.o(.data)
    yaw                                      0x20000040   Data           4  main.o(.data)
    Hzk                                      0x20000044   Data         448  oled.o(.data)
    gyro                                     0x20000204   Data           6  inv_mpu.o(.data)
    accel                                    0x2000020a   Data           6  inv_mpu.o(.data)
    sensors                                  0x20000210   Data           2  inv_mpu.o(.data)
    Pitch                                    0x20000214   Data           4  inv_mpu.o(.data)
    Roll                                     0x20000218   Data           4  inv_mpu.o(.data)
    Yaw                                      0x2000021c   Data           4  inv_mpu.o(.data)
    q0                                       0x20000220   Data           4  inv_mpu.o(.data)
    q1                                       0x20000224   Data           4  inv_mpu.o(.data)
    q2                                       0x20000228   Data           4  inv_mpu.o(.data)
    q3                                       0x2000022c   Data           4  inv_mpu.o(.data)
    __stdout                                 0x2000026c   Data           4  stdout.o(.data)
    __initial_sp                             0x20000688   Data           0  startup_stm32f10x_hd.o(STACK)



==============================================================================

Memory Map of the image

  Image Entry point : 0x08000131

  Load Region LR_IROM1 (Base: 0x08000000, Size: 0x000088c4, Max: 0x00010000, ABSOLUTE, COMPRESSED[0x00008738])

    Execution Region ER_IROM1 (Base: 0x08000000, Size: 0x00008650, Max: 0x00010000, ABSOLUTE)

    Base Addr    Size         Type   Attr      Idx    E Section Name        Object

    0x08000000   0x00000130   Data   RO            3    RESET               startup_stm32f10x_hd.o
    0x08000130   0x00000000   Code   RO          640  * .ARM.Collect$$$$00000000  mc_w.l(entry.o)
    0x08000130   0x00000004   Code   RO          979    .ARM.Collect$$$$00000001  mc_w.l(entry2.o)
    0x08000134   0x00000004   Code   RO          982    .ARM.Collect$$$$00000004  mc_w.l(entry5.o)
    0x08000138   0x00000000   Code   RO          984    .ARM.Collect$$$$00000008  mc_w.l(entry7b.o)
    0x08000138   0x00000000   Code   RO          986    .ARM.Collect$$$$0000000A  mc_w.l(entry8b.o)
    0x08000138   0x00000008   Code   RO          987    .ARM.Collect$$$$0000000B  mc_w.l(entry9a.o)
    0x08000140   0x00000000   Code   RO          989    .ARM.Collect$$$$0000000D  mc_w.l(entry10a.o)
    0x08000140   0x00000000   Code   RO          991    .ARM.Collect$$$$0000000F  mc_w.l(entry11a.o)
    0x08000140   0x00000004   Code   RO          980    .ARM.Collect$$$$00002712  mc_w.l(entry2.o)
    0x08000144   0x00000024   Code   RO            4    .text               startup_stm32f10x_hd.o
    0x08000168   0x000001e0   Code   RO           24    .text               system_stm32f10x.o
    0x08000348   0x000000dc   Code   RO          121    .text               misc.o
    0x08000424   0x0000035c   Code   RO          269    .text               stm32f10x_gpio.o
    0x08000780   0x000003a4   Code   RO          317    .text               stm32f10x_rcc.o
    0x08000b24   0x00000e1a   Code   RO          367    .text               stm32f10x_tim.o
    0x0800193e   0x00000002   PAD
    0x08001940   0x0000006c   Code   RO          403    .text               main.o
    0x080019ac   0x00000044   Code   RO          449    .text               stm32f10x_it.o
    0x080019f0   0x00000618   Code   RO          492    .text               oled.o
    0x08002008   0x000024b8   Code   RO          511    .text               inv_mpu.o
    0x080044c0   0x00000d70   Code   RO          547    .text               inv_mpu_dmp_motion_driver.o
    0x08005230   0x00000368   Code   RO          572    .text               mpu6050.o
    0x08005598   0x00000104   Code   RO          584    .text               delay.o
    0x0800569c   0x00000340   Code   RO          598    .text               sim_iic.o
    0x080059dc   0x00000120   Code   RO          610    .text               motor.o
    0x08005afc   0x00000062   Code   RO          643    .text               mc_w.l(ldiv.o)
    0x08005b5e   0x00000024   Code   RO          645    .text               mc_w.l(memseta.o)
    0x08005b82   0x0000001a   Code   RO          647    .text               mc_w.l(memcmp.o)
    0x08005b9c   0x000000b0   Code   RO          910    .text               mf_w.l(fadd.o)
    0x08005c4c   0x00000064   Code   RO          912    .text               mf_w.l(fmul.o)
    0x08005cb0   0x0000007c   Code   RO          914    .text               mf_w.l(fdiv.o)
    0x08005d2c   0x0000014e   Code   RO          916    .text               mf_w.l(dadd.o)
    0x08005e7a   0x000000e4   Code   RO          918    .text               mf_w.l(dmul.o)
    0x08005f5e   0x000000de   Code   RO          920    .text               mf_w.l(ddiv.o)
    0x0800603c   0x00000012   Code   RO          922    .text               mf_w.l(fflti.o)
    0x0800604e   0x0000000a   Code   RO          924    .text               mf_w.l(ffltui.o)
    0x08006058   0x00000022   Code   RO          926    .text               mf_w.l(dflti.o)
    0x0800607a   0x00000032   Code   RO          928    .text               mf_w.l(ffixi.o)
    0x080060ac   0x00000028   Code   RO          930    .text               mf_w.l(ffixui.o)
    0x080060d4   0x00000026   Code   RO          932    .text               mf_w.l(f2d.o)
    0x080060fa   0x00000002   PAD
    0x080060fc   0x00000030   Code   RO          934    .text               mf_w.l(cdcmple.o)
    0x0800612c   0x00000038   Code   RO          936    .text               mf_w.l(d2f.o)
    0x08006164   0x00000014   Code   RO          938    .text               mf_w.l(cfcmple.o)
    0x08006178   0x00000014   Code   RO          940    .text               mf_w.l(cfrcmple.o)
    0x0800618c   0x00000062   Code   RO          998    .text               mc_w.l(uldiv.o)
    0x080061ee   0x0000001e   Code   RO         1000    .text               mc_w.l(llshl.o)
    0x0800620c   0x00000024   Code   RO         1002    .text               mc_w.l(llsshr.o)
    0x08006230   0x00000000   Code   RO         1011    .text               mc_w.l(iusefp.o)
    0x08006230   0x0000006e   Code   RO         1012    .text               mf_w.l(fepilogue.o)
    0x0800629e   0x000000ba   Code   RO         1014    .text               mf_w.l(depilogue.o)
    0x08006358   0x0000002e   Code   RO         1016    .text               mf_w.l(dscalb.o)
    0x08006386   0x00000002   PAD
    0x08006388   0x00000024   Code   RO         1022    .text               mc_w.l(init.o)
    0x080063ac   0x00000000   Code   RO         1024    .text               mc_w.l(semi.o)
    0x080063ac   0x00000020   Code   RO         1025    .text               mc_w.l(llushr.o)
    0x080063cc   0x00000000   Code   RO         1027    .text               mc_w.l(iusesemip.o)
    0x080063cc   0x000000a2   Code   RO         1028    .text               mf_w.l(dsqrt.o)
    0x0800646e   0x00000056   Code   RO         1038    .text               mc_w.l(__dczerorl2.o)
    0x080064c4   0x00000020   Code   RO          856    i.__0printf$8       mc_w.l(printf8.o)
    0x080064e4   0x00000028   Code   RO          966    i.__ARM_fpclassify  m_ws.l(fpclassify.o)
    0x0800650c   0x000000aa   Code   RO          968    i.__kernel_poly     m_ws.l(poly.o)
    0x080065b6   0x00000006   Code   RO          953    i.__mathlib_dbl_infnan  m_ws.l(dunder.o)
    0x080065bc   0x00000004   Code   RO          954    i.__mathlib_dbl_infnan2  m_ws.l(dunder.o)
    0x080065c0   0x0000000c   Code   RO          955    i.__mathlib_dbl_invalid  m_ws.l(dunder.o)
    0x080065cc   0x00000010   Code   RO          958    i.__mathlib_dbl_underflow  m_ws.l(dunder.o)
    0x080065dc   0x0000000e   Code   RO         1032    i.__scatterload_copy  mc_w.l(handlers.o)
    0x080065ea   0x00000002   Code   RO         1033    i.__scatterload_null  mc_w.l(handlers.o)
    0x080065ec   0x0000000e   Code   RO         1034    i.__scatterload_zeroinit  mc_w.l(handlers.o)
    0x080065fa   0x00000002   PAD
    0x080065fc   0x0000000c   Code   RO         1006    i.__set_errno       mc_w.l(errno.o)
    0x08006608   0x00000410   Code   RO          863    i._printf_core      mc_w.l(printf8.o)
    0x08006a18   0x00000024   Code   RO          864    i._printf_post_padding  mc_w.l(printf8.o)
    0x08006a3c   0x0000002e   Code   RO          865    i._printf_pre_padding  mc_w.l(printf8.o)
    0x08006a6a   0x00000002   PAD
    0x08006a6c   0x00000270   Code   RO          623    i.asin              m_ws.l(asin.o)
    0x08006cdc   0x00000220   Code   RO          943    i.atan              m_ws.l(atan.o)
    0x08006efc   0x00000180   Code   RO          633    i.atan2             m_ws.l(atan2.o)
    0x0800707c   0x00000012   Code   RO          993    i.fputc             mc_w.l(fputc.o)
    0x0800708e   0x0000004c   Code   RO          972    i.sqrt              m_ws.l(sqrt.o)
    0x080070da   0x00000818   Data   RO          493    .constdata          oled.o
    0x080078f2   0x00000002   PAD
    0x080078f4   0x00000050   Data   RO          512    .constdata          inv_mpu.o
    0x08007944   0x00000bf6   Data   RO          549    .constdata          inv_mpu_dmp_motion_driver.o
    0x0800853a   0x00000006   PAD
    0x08008540   0x00000050   Data   RO          624    .constdata          m_ws.l(asin.o)
    0x08008590   0x00000098   Data   RO          944    .constdata          m_ws.l(atan.o)
    0x08008628   0x00000008   Data   RO          970    .constdata          m_ws.l(qnan.o)
    0x08008630   0x00000020   Data   RO         1030    Region$$Table       anon$$obj.o


    Execution Region RW_IRAM1 (Base: 0x20000000, Size: 0x00000688, Max: 0x00005000, ABSOLUTE, COMPRESSED[0x000000e8])

    Base Addr    Size         Type   Attr      Idx    E Section Name        Object

    0x20000000   0x00000014   Data   RW           25    .data               system_stm32f10x.o
    0x20000014   0x00000014   Data   RW          318    .data               stm32f10x_rcc.o
    0x20000028   0x0000001c   Data   RW          404    .data               main.o
    0x20000044   0x000001c0   Data   RW          494    .data               oled.o
    0x20000204   0x00000061   Data   RW          513    .data               inv_mpu.o
    0x20000265   0x00000001   PAD
    0x20000266   0x00000004   Data   RW          585    .data               delay.o
    0x2000026a   0x00000002   PAD
    0x2000026c   0x00000004   Data   RW          995    .data               mc_w.l(stdout.o)
    0x20000270   0x00000004   Data   RW         1007    .data               mc_w.l(errno.o)
    0x20000274   0x00000010   Zero   RW          548    .bss                inv_mpu_dmp_motion_driver.o
    0x20000284   0x00000004   PAD
    0x20000288   0x00000400   Zero   RW            1    STACK               startup_stm32f10x_hd.o


==============================================================================

Image component sizes


      Code (inc. data)   RO Data    RW Data    ZI Data      Debug   Object Name

         0          0          0          0          0       4504   core_cm3.o
       260          8          0          4          0       1297   delay.o
      9400        204         80         97          0      23620   inv_mpu.o
      3440        126       3062          0         16      14935   inv_mpu_dmp_motion_driver.o
       108         22          0         28          0       1357   main.o
       220         22          0          0          0       1809   misc.o
       288         18          0          0          0        790   motor.o
       872         18          0          0          0       4043   mpu6050.o
      1560         42       2072        448          0       5725   oled.o
       832         12          0          0          0       2683   sim_iic.o
        36          8        304          0       1024        856   startup_stm32f10x_hd.o
       860         38          0          0          0       5649   stm32f10x_gpio.o
        68         10          0          0          0       1398   stm32f10x_it.o
       932         36          0         20          0       8820   stm32f10x_rcc.o
      3610         88          0          0          0      22140   stm32f10x_tim.o
       480         38          0         20          0     242779   system_stm32f10x.o

    ----------------------------------------------------------------------
     22968        690       5558        620       1044     342405   Object Totals
         0          0         32          0          0          0   (incl. Generated)
         2          0          8          3          4          0   (incl. Padding)

    ----------------------------------------------------------------------

      Code (inc. data)   RO Data    RW Data    ZI Data      Debug   Library Member Name

       624         52         80          0          0        168   asin.o
       544         70        152          0          0        124   atan.o
       384         38          0          0          0        144   atan2.o
        38          6          0          0          0        272   dunder.o
        40          0          0          0          0         68   fpclassify.o
       170          0          0          0          0         96   poly.o
         0          0          8          0          0          0   qnan.o
        76          0          0          0          0         84   sqrt.o
        86          0          0          0          0          0   __dczerorl2.o
         0          0          0          0          0          0   entry.o
         0          0          0          0          0          0   entry10a.o
         0          0          0          0          0          0   entry11a.o
         8          4          0          0          0          0   entry2.o
         4          0          0          0          0          0   entry5.o
         0          0          0          0          0          0   entry7b.o
         0          0          0          0          0          0   entry8b.o
         8          4          0          0          0          0   entry9a.o
        12          6          0          4          0         68   errno.o
        18          0          0          0          0         80   fputc.o
        30          0          0          0          0          0   handlers.o
        36          8          0          0          0         68   init.o
         0          0          0          0          0          0   iusefp.o
         0          0          0          0          0          0   iusesemip.o
        98          0          0          0          0         84   ldiv.o
        30          0          0          0          0         68   llshl.o
        36          0          0          0          0         68   llsshr.o
        32          0          0          0          0         68   llushr.o
        26          0          0          0          0         80   memcmp.o
        36          0          0          0          0        108   memseta.o
      1154         54          0          0          0        352   printf8.o
         0          0          0          0          0          0   semi.o
         0          0          0          4          0          0   stdout.o
        98          0          0          0          0         92   uldiv.o
        48          0          0          0          0         68   cdcmple.o
        20          0          0          0          0         68   cfcmple.o
        20          0          0          0          0         68   cfrcmple.o
        56          0          0          0          0         88   d2f.o
       334          0          0          0          0        148   dadd.o
       222          0          0          0          0        100   ddiv.o
       186          0          0          0          0        176   depilogue.o
        34          0          0          0          0         76   dflti.o
       228          0          0          0          0         96   dmul.o
        46          0          0          0          0         80   dscalb.o
       162          0          0          0          0        100   dsqrt.o
        38          0          0          0          0         68   f2d.o
       176          0          0          0          0        140   fadd.o
       124          0          0          0          0         88   fdiv.o
       110          0          0          0          0        168   fepilogue.o
        50          0          0          0          0         68   ffixi.o
        40          0          0          0          0         68   ffixui.o
        18          0          0          0          0         68   fflti.o
        10          0          0          0          0         68   ffltui.o
       100          0          0          0          0         76   fmul.o

    ----------------------------------------------------------------------
      5618        242        240          8          0       3972   Library Totals
         8          0          0          0          0          0   (incl. Padding)

    ----------------------------------------------------------------------

      Code (inc. data)   RO Data    RW Data    ZI Data      Debug   Library Name

      1876        166        240          0          0        956   m_ws.l
      1712         76          0          8          0       1136   mc_w.l
      2022          0          0          0          0       1880   mf_w.l

    ----------------------------------------------------------------------
      5618        242        240          8          0       3972   Library Totals

    ----------------------------------------------------------------------

==============================================================================


      Code (inc. data)   RO Data    RW Data    ZI Data      Debug   

     28586        932       5798        628       1044     343281   Grand Totals
     28586        932       5798        232       1044     343281   ELF Image Totals (compressed)
     28586        932       5798        232          0          0   ROM Totals

==============================================================================

    Total RO  Size (Code + RO Data)                34384 (  33.58kB)
    Total RW  Size (RW Data + ZI Data)              1672 (   1.63kB)
    Total ROM Size (Code + RO Data + RW Data)      34616 (  33.80kB)

==============================================================================

